Archive member included because of file (symbol)

E:/WF/ARM7-SDK-2011-07-20/GNU/arm-elf/lib//libc.a(lib_a-memcpy.o)
                              E:/WF/develop_windows/SF01/Release/SF.o (memcpy)
E:/WF/ARM7-SDK-2011-07-20/GNU/arm-elf/lib//libc.a(lib_a-memset.o)
                              E:/WF/develop_windows/SF01/Release/SF.o (memset)
E:/WF/ARM7-SDK-2011-07-20/GNU/arm-elf/lib//libc.a(lib_a-sprintf.o)
                              E:/WF/develop_windows/SF01/Release/DataBase.o (sprintf)
E:/WF/ARM7-SDK-2011-07-20/GNU/arm-elf/lib//libc.a(lib_a-strcat.o)
                              E:/WF/develop_windows/SF01/Release/DataBase.o (strcat)
E:/WF/ARM7-SDK-2011-07-20/GNU/arm-elf/lib//libc.a(lib_a-strcmp.o)
                              E:/WF/develop_windows/SF01/Release/DataBase.o (strcmp)
E:/WF/ARM7-SDK-2011-07-20/GNU/arm-elf/lib//libc.a(lib_a-strcpy.o)
                              E:/WF/develop_windows/SF01/Release/SF.o (strcpy)
E:/WF/ARM7-SDK-2011-07-20/GNU/arm-elf/lib//libc.a(lib_a-strlen.o)
                              E:/WF/develop_windows/SF01/Release/SF.o (strlen)
E:/WF/ARM7-SDK-2011-07-20/GNU/arm-elf/lib//libc.a(lib_a-strncpy.o)
                              E:/WF/develop_windows/SF01/Release/SF.o (strncpy)
E:/WF/ARM7-SDK-2011-07-20/GNU/arm-elf/lib//libc.a(lib_a-strtok.o)
                              E:/WF/develop_windows/SF01/Release/DataBase.o (strtok)
E:/WF/ARM7-SDK-2011-07-20/GNU/arm-elf/lib//libc.a(lib_a-strtok_r.o)
                              E:/WF/ARM7-SDK-2011-07-20/GNU/arm-elf/lib//libc.a(lib_a-strtok.o) (__strtok_r)
E:/WF/ARM7-SDK-2011-07-20/GNU/arm-elf/lib//libc.a(lib_a-vfprintf.o)
                              E:/WF/ARM7-SDK-2011-07-20/GNU/arm-elf/lib//libc.a(lib_a-sprintf.o) (_vfprintf_r)
E:/WF/ARM7-SDK-2011-07-20/GNU/arm-elf/lib//libc.a(lib_a-wcrtomb.o)
                              E:/WF/ARM7-SDK-2011-07-20/GNU/arm-elf/lib//libc.a(lib_a-vfprintf.o) (_wcrtomb_r)
E:/WF/ARM7-SDK-2011-07-20/GNU/arm-elf/lib//libc.a(lib_a-wcsrtombs.o)
                              E:/WF/ARM7-SDK-2011-07-20/GNU/arm-elf/lib//libc.a(lib_a-vfprintf.o) (_wcsrtombs_r)
E:/WF/ARM7-SDK-2011-07-20/GNU/arm-elf/lib//libc.a(lib_a-wctomb_r.o)
                              E:/WF/ARM7-SDK-2011-07-20/GNU/arm-elf/lib//libc.a(lib_a-wcrtomb.o) (_wctomb_r)
E:/WF/ARM7-SDK-2011-07-20/GNU/arm-elf/lib//libc.a(lib_a-wsetup.o)
                              E:/WF/ARM7-SDK-2011-07-20/GNU/arm-elf/lib//libc.a(lib_a-vfprintf.o) (__swsetup)
E:/WF/ARM7-SDK-2011-07-20/GNU/arm-elf/lib//libc.a(lib_a-dtoa.o)
                              E:/WF/ARM7-SDK-2011-07-20/GNU/arm-elf/lib//libc.a(lib_a-vfprintf.o) (_dtoa_r)
E:/WF/ARM7-SDK-2011-07-20/GNU/arm-elf/lib//libc.a(lib_a-fflush.o)
                              E:/WF/ARM7-SDK-2011-07-20/GNU/arm-elf/lib//libc.a(lib_a-vfprintf.o) (fflush)
E:/WF/ARM7-SDK-2011-07-20/GNU/arm-elf/lib//libc.a(lib_a-findfp.o)
                              E:/WF/ARM7-SDK-2011-07-20/GNU/arm-elf/lib//libc.a(lib_a-vfprintf.o) (__sinit)
E:/WF/ARM7-SDK-2011-07-20/GNU/arm-elf/lib//libc.a(lib_a-freer.o)
                              E:/WF/ARM7-SDK-2011-07-20/GNU/arm-elf/lib//libc.a(lib_a-vfprintf.o) (_free_r)
E:/WF/ARM7-SDK-2011-07-20/GNU/arm-elf/lib//libc.a(lib_a-fvwrite.o)
                              E:/WF/ARM7-SDK-2011-07-20/GNU/arm-elf/lib//libc.a(lib_a-vfprintf.o) (__sfvwrite_r)
E:/WF/ARM7-SDK-2011-07-20/GNU/arm-elf/lib//libc.a(lib_a-fwalk.o)
                              E:/WF/ARM7-SDK-2011-07-20/GNU/arm-elf/lib//libc.a(lib_a-fflush.o) (_fwalk)
E:/WF/ARM7-SDK-2011-07-20/GNU/arm-elf/lib//libc.a(lib_a-impure.o)
                              E:/WF/ARM7-SDK-2011-07-20/GNU/arm-elf/lib//libc.a(lib_a-sprintf.o) (_impure_ptr)
E:/WF/ARM7-SDK-2011-07-20/GNU/arm-elf/lib//libc.a(lib_a-locale.o)
                              E:/WF/ARM7-SDK-2011-07-20/GNU/arm-elf/lib//libc.a(lib_a-vfprintf.o) (localeconv)
E:/WF/ARM7-SDK-2011-07-20/GNU/arm-elf/lib//libc.a(lib_a-makebuf.o)
                              E:/WF/ARM7-SDK-2011-07-20/GNU/arm-elf/lib//libc.a(lib_a-wsetup.o) (__smakebuf)
E:/WF/ARM7-SDK-2011-07-20/GNU/arm-elf/lib//libc.a(lib_a-mallocr.o)
                              E:/WF/ARM7-SDK-2011-07-20/GNU/arm-elf/lib//libc.a(lib_a-vfprintf.o) (_malloc_r)
E:/WF/ARM7-SDK-2011-07-20/GNU/arm-elf/lib//libc.a(lib_a-memchr.o)
                              E:/WF/ARM7-SDK-2011-07-20/GNU/arm-elf/lib//libc.a(lib_a-vfprintf.o) (memchr)
E:/WF/ARM7-SDK-2011-07-20/GNU/arm-elf/lib//libc.a(lib_a-memmove.o)
                              E:/WF/ARM7-SDK-2011-07-20/GNU/arm-elf/lib//libc.a(lib_a-fvwrite.o) (memmove)
E:/WF/ARM7-SDK-2011-07-20/GNU/arm-elf/lib//libc.a(lib_a-mlock.o)
                              E:/WF/ARM7-SDK-2011-07-20/GNU/arm-elf/lib//libc.a(lib_a-freer.o) (__malloc_lock)
E:/WF/ARM7-SDK-2011-07-20/GNU/arm-elf/lib//libc.a(lib_a-mprec.o)
                              E:/WF/ARM7-SDK-2011-07-20/GNU/arm-elf/lib//libc.a(lib_a-dtoa.o) (_Bfree)
E:/WF/ARM7-SDK-2011-07-20/GNU/arm-elf/lib//libc.a(lib_a-reallocr.o)
[...]
Memory Configuration

Name             Origin             Length             Attributes
ram              0x0c060000         0x007a0000
*default*        0x00000000         0xffffffff

Linker script and memory map

LOAD E:/WF/develop_windows/SF01/Release/crt0.o
LOAD E:/WF/develop_windows/SF01/Release/SF.o
LOAD E:/WF/develop_windows/SF01/Release/Card.o
LOAD E:/WF/develop_windows/SF01/Release/DataBase.o
LOAD E:/WF/develop_windows/SF01/Release/Common.o
LOAD E:/WF/develop_windows/SF01/Release/Gprs.o
START GROUP
LOAD E:/WF/ARM7-SDK-2011-07-20/GNU/arm-elf/lib//libgcc.a
LOAD E:/WF/ARM7-SDK-2011-07-20/GNU/arm-elf/lib//libc.a
LOAD E:/WF/ARM7-SDK-2011-07-20/GNU/arm-elf/lib//libg.a
LOAD E:/WF/ARM7-SDK-2011-07-20/GNU/arm-elf/lib//libm.a
LOAD E:/WF/ARM7-SDK-2011-07-20/HHFiles/lib//libARMPos.a
LOAD E:/WF/ARM7-SDK-2011-07-20/HHFiles/lib//libext.a
LOAD E:/WF/ARM7-SDK-2011-07-20/HHFiles/lib//libcard.a
LOAD E:/WF/ARM7-SDK-2011-07-20/HHFiles/lib//libcontactless.a
LOAD E:/WF/ARM7-SDK-2011-07-20/HHFiles/lib//libmagcard.a
LOAD E:/WF/ARM7-SDK-2011-07-20/HHFiles/lib//libsound.a
LOAD E:/WF/ARM7-SDK-2011-07-20/HHFiles/lib//libdb.a
LOAD E:/WF/ARM7-SDK-2011-07-20/HHFiles/lib//libfinger.a
LOAD E:/WF/ARM7-SDK-2011-07-20/HHFiles/lib//libjpg.a
LOAD E:/WF/ARM7-SDK-2011-07-20/HHFiles/lib//libsim.a
LOAD E:/WF/ARM7-SDK-2011-07-20/HHFiles/lib//libusb.a
LOAD E:/WF/ARM7-SDK-2011-07-20/HHFiles/lib//libupdown.a
LOAD E:/WF/ARM7-SDK-2011-07-20/HHFiles/lib//libprinter.a
LOAD E:/WF/ARM7-SDK-2011-07-20/HHFiles/lib//libtcpip.a
LOAD E:/WF/ARM7-SDK-2011-07-20/HHFiles/lib//librf433.a
END GROUP

.text           0x0c060000    0x22cd0
                0x0c060000                _stext = .
 *(.text)
 .text          0x0c060000      0x324 E:/WF/develop_windows/SF01/Release/crt0.o
                0x0c060168                _lseek_r
                0x0c060254                _stat_r
                0x0c0602dc                GetBaseOfRO
                0x0c060264                times
                0x0c0600e8                _fstat_r
                0x0c060090                execve
                0x0c060108                getpid
                0x0c0600c0                _fork_r
                0x0c060188                _open64_r
                0x0c060110                isatty
                0x0c0601f4                _sbrk_r
                0x0c060198                _read_r
                0x0c06030c                GetBaseOfZI
                0x0c060300                GetEndOfRW
                0x0c060160                lseek
                0x0c0602e8                GetEndOfRO
                0x0c060318                GetEndOfZI
                0x0c060284                _unlink_r
                0x0c0602cc                write
                0x0c0600d8                fstat
                0x0c060118                kill
                0x0c06029c                wait
                0x0c060000                _start
                0x0c060190                read
                0x0c060180                _open_r
                0x0c0602f4                GetBaseOfRW
                0x0c06026c                unlink
                0x0c060088                _close_r
                0x0c0602b4                _wait_r
                0x0c0600a8                fork
                0x0c0601a0                sbrk
                0x0c060148                _link_r
                0x0c0602d4                _write_r
                0x0c060170                _lseek64_r
                0x0c060244                stat
                0x0c060130                link
                0x0c0600f8                _fstat64_r
                0x0c060178                open
                0x0c060080                close
 .text          0x0c060324     0x1110 E:/WF/develop_windows/SF01/Release/SF.o
                0x0c0607f4                OpenGPRS
                0x0c0612d4                MainMenu
                0x0c060ebc                SubmitData
                0x0c060844                Query
                0x0c0604e4                Alert
                0x0c061418                main
                0x0c060360                GetInfo
                0x0c060ba4                InitSystem
                0x0c0606ac                SysSetMenu
                0x0c060c30                browse_info
                0x0c060584                FormatDatabase
                0x0c060324                PackUpMenuData
                0x0c060e38                Display
 .text          0x0c061434      0x7d4 E:/WF/develop_windows/SF01/Release/Card.o
                0x0c061bb8                LoginByCard
                0x0c061b68                LoginToSubmit
                0x0c0615bc                ultralight_local_read_card
                0x0c061560                ultralight_read_card
                0x0c06155c                ultralight_close
                0x0c061434                ultralight_find_card
                0x0c061830                ReadNameAndPassword
                0x0c061594                ultralight_init
 .text          0x0c061c08      0xb24 E:/WF/develop_windows/SF01/Release/DataBase.o
                0x0c062580                AddOneRecord
                0x0c062538                FindDatabase
                0x0c06202c                HandleRecvData
                0x0c061c08                UpdateDatabase
                0x0c062284                EncodeSendData
                0x0c06223c                CheckDB
                0x0c062630                CreateDatabase
 .text          0x0c06272c      0x668 E:/WF/develop_windows/SF01/Release/Common.o
                0x0c062c78                GetSysTime
                0x0c062cd0                WarningBeep
                0x0c0629c8                Modify_Date
                0x0c0627ec                Modify_Time
                0x0c06272c                input_date_time
 .text          0x0c062d94      0x394 E:/WF/develop_windows/SF01/Release/Gprs.o
                0x0c062f48                sim300_close
                0x0c062fc0                sim300_init
                0x0c062f74                DisConnectServer
                0x0c062d94                GetRecvData
                0x0c062e08                SendData
                0x0c062e58                ConnectServer
 .text          0x0c063128       0xa8 E:/WF/ARM7-SDK-2011-07-20/GNU/arm-elf/lib//libc.a(lib_a-memcpy.o)
                0x0c063128                memcpy
 .text          0x0c0631d0       0x98 E:/WF/ARM7-SDK-2011-07-20/GNU/arm-elf/lib//libc.a(lib_a-memset.o)
                0x0c0631d0                memset
 .text          0x0c063268       0xdc E:/WF/ARM7-SDK-2011-07-20/GNU/arm-elf/lib//libc.a(lib_a-sprintf.o)
                0x0c0632dc                _sprintf_r
                0x0c063268                sprintf
 .text          0x0c063344       0xa4 E:/WF/ARM7-SDK-2011-07-20/GNU/arm-elf/lib//libc.a(lib_a-strcat.o)
                0x0c063344                strcat
 .text          0x0c0633e8       0xe8 E:/WF/ARM7-SDK-2011-07-20/GNU/arm-elf/lib//libc.a(lib_a-strcmp.o)
                0x0c0633e8                strcmp
 .text          0x0c0634d0       0x9c E:/WF/ARM7-SDK-2011-07-20/GNU/arm-elf/lib//libc.a(lib_a-strcpy.o)
                0x0c0634d0                strcpy
 .text          0x0c06356c       0x68 E:/WF/ARM7-SDK-2011-07-20/GNU/arm-elf/lib//libc.a(lib_a-strlen.o)
                0x0c06356c                strlen
 .text          0x0c0635d4      0x104 E:/WF/ARM7-SDK-2011-07-20/GNU/arm-elf/lib//libc.a(lib_a-strncpy.o)
                0x0c0635d4                strncpy
 .text          0x0c0636d8       0x18 E:/WF/ARM7-SDK-2011-07-20/GNU/arm-elf/lib//libc.a(lib_a-strtok.o)
                0x0c0636d8                strtok
 .text          0x0c0636f0       0xc4 E:/WF/ARM7-SDK-2011-07-20/GNU/arm-elf/lib//libc.a(lib_a-strtok_r.o)
                0x0c0637ac                strtok_r
                0x0c0636f0                __strtok_r
 .text          0x0c0637b4     0x2080 E:/WF/ARM7-SDK-2011-07-20/GNU/arm-elf/lib//libc.a(lib_a-vfprintf.o)
                0x0c0637e4                _vfprintf_r
                0x0c065808                vfprintf
 .text          0x0c065834       0x74 E:/WF/ARM7-SDK-2011-07-20/GNU/arm-elf/lib//libc.a(lib_a-wcrtomb.o)
                0x0c065834                _wcrtomb_r
                0x0c06587c                wcrtomb
 .text          0x0c0658a8      0x180 E:/WF/ARM7-SDK-2011-07-20/GNU/arm-elf/lib//libc.a(lib_a-wcsrtombs.o)
                0x0c0658a8                _wcsrtombs_r
                0x0c0659e8                wcsrtombs
 .text          0x0c065a28      0x420 E:/WF/ARM7-SDK-2011-07-20/GNU/arm-elf/lib//libc.a(lib_a-wctomb_r.o)
                0x0c065a28                _wctomb_r
 .text          0x0c065e48      0x110 E:/WF/ARM7-SDK-2011-07-20/GNU/arm-elf/lib//libc.a(lib_a-wsetup.o)
                0x0c065e48                __swsetup
 .text          0x0c065f58     0x16f4 E:/WF/ARM7-SDK-2011-07-20/GNU/arm-elf/lib//libc.a(lib_a-dtoa.o)
                0x0c066180                _dtoa_r
 .text          0x0c06764c      0x1ac E:/WF/ARM7-SDK-2011-07-20/GNU/arm-elf/lib//libc.a(lib_a-fflush.o)
                0x0c06764c                fflush
 .text          0x0c0677f8      0x26c E:/WF/ARM7-SDK-2011-07-20/GNU/arm-elf/lib//libc.a(lib_a-findfp.o)
                0x0c067864                __sinit
                0x0c06793c                __sfmoreglue
                0x0c06792c                _cleanup
                0x0c067920                _cleanup_r
                0x0c067908                __fp_lock_all
                0x0c067854                __sfp_lock_acquire
                0x0c06798c                __sfp
                0x0c067860                __sinit_lock_release
                0x0c0678f0                __fp_unlock_all
                0x0c067858                __sfp_lock_release
                0x0c06785c                __sinit_lock_acquire
 .text          0x0c067a64      0x3a4 E:/WF/ARM7-SDK-2011-07-20/GNU/arm-elf/lib//libc.a(lib_a-freer.o)
                0x0c067b5c                _free_r
                0x0c067a64                _malloc_trim_r
 .text          0x0c067e08      0x44c E:/WF/ARM7-SDK-2011-07-20/GNU/arm-elf/lib//libc.a(lib_a-fvwrite.o)
                0x0c067e08                __sfvwrite_r
 .text          0x0c068254      0x10c E:/WF/ARM7-SDK-2011-07-20/GNU/arm-elf/lib//libc.a(lib_a-fwalk.o)
                0x0c0682dc                _fwalk
                0x0c068254                _fwalk_reent
 .text          0x0c068360        0x0 E:/WF/ARM7-SDK-2011-07-20/GNU/arm-elf/lib//libc.a(lib_a-impure.o)
 .text          0x0c068360       0xa8 E:/WF/ARM7-SDK-2011-07-20/GNU/arm-elf/lib//libc.a(lib_a-locale.o)
                0x0c06838c                _setlocale_r
                0x0c068360                __locale_charset
                0x0c068370                _localeconv_r
                0x0c0683ec                setlocale
                0x0c06837c                localeconv
 .text          0x0c068408      0x178 E:/WF/ARM7-SDK-2011-07-20/GNU/arm-elf/lib//libc.a(lib_a-makebuf.o)
                0x0c068408                __smakebuf
 .text          0x0c068580      0x798 E:/WF/ARM7-SDK-2011-07-20/GNU/arm-elf/lib//libc.a(lib_a-mallocr.o)
                0x0c068580                _malloc_r
 .text          0x0c068d18      0x10c E:/WF/ARM7-SDK-2011-07-20/GNU/arm-elf/lib//libc.a(lib_a-memchr.o)
                0x0c068d18                memchr
 .text          0x0c068e24       0xf4 E:/WF/ARM7-SDK-2011-07-20/GNU/arm-elf/lib//libc.a(lib_a-memmove.o)
                0x0c068e24                memmove
 .text          0x0c068f18        0x8 E:/WF/ARM7-SDK-2011-07-20/GNU/arm-elf/lib//libc.a(lib_a-mlock.o)
                0x0c068f1c                __malloc_unlock
                0x0c068f18                __malloc_lock
 .text          0x0c068f20      0xcf4 E:/WF/ARM7-SDK-2011-07-20/GNU/arm-elf/lib//libc.a(lib_a-mprec.o)
                0x0c069228                _mprec_log10
                0x0c0692d4                __any_on
                0x0c069370                _Balloc
                0x0c0691a8                __ratio
                0x0c06994c                __i2b
                0x0c0690e8                __b2d
                0x0c069b34                __s2b
                0x0c069028                __mcmp
                0x0c068f3c                __hi0bits
                0x0c069a40                __pow5mult
                0x0c069670                __lshift
                0x0c069778                __multiply
                0x0c069400                __d2b
                0x0c069278                __copybits
                0x0c069088                __ulp
                0x0c06952c                __mdiff
                0x0c068f94                __lo0bits
                0x0c06996c                __multadd
                0x0c068f20                _Bfree
 .text          0x0c069c14      0x500 E:/WF/ARM7-SDK-2011-07-20/GNU/arm-elf/lib//libc.a(lib_a-reallocr.o)
                0x0c069c14                _realloc_r
 .text          0x0c06a114       0x3c E:/WF/ARM7-SDK-2011-07-20/GNU/arm-elf/lib//libc.a(lib_a-s_isinfd.o)
                0x0c06a114                __isinfd
 .text          0x0c06a150       0x30 E:/WF/ARM7-SDK-2011-07-20/GNU/arm-elf/lib//libc.a(lib_a-s_isnand.o)
                0x0c06a150                __isnand
 .text          0x0c06a180      0x100 E:/WF/ARM7-SDK-2011-07-20/GNU/arm-elf/lib//libc.a(lib_a-stdio.o)
                0x0c06a194                __sseek
                0x0c06a23c                __sread
                0x0c06a180                __sclose
                0x0c06a1dc                __swrite
 .text          0x0c06a280       0xa0 E:/WF/ARM7-SDK-2011-07-20/GNU/arm-elf/lib//libc.a(lib_a-callocr.o)
                0x0c06a280                _calloc_r
 .text          0x0c06a320      0x10c E:/WF/ARM7-SDK-2011-07-20/GNU/arm-elf/lib//libc.a(lib_a-fclose.o)
                0x0c06a320                _fclose_r
                0x0c06a418                fclose
 .text          0x0c06a42c       0xa0 E:/WF/ARM7-SDK-2011-07-20/HHFiles/lib//libARMPos.a(libARMPos.o)
                0x0c06a488                Sys_Delay_MS
                0x0c06a478                Sys_Delay_US
                0x0c06a450                Sys_Delay_NS
                0x0c06a42c                SYS_Restart_Code
                0x0c06a4b4                Sys_Delay_Sec
 .text          0x0c06a4cc     0x14a0 E:/WF/ARM7-SDK-2011-07-20/HHFiles/lib//libARMPos.a(call_api.o)
                0x0c06aab4                UART_Modem_Ctrl
                0x0c06a9dc                UART_Stat
                0x0c06a634                KEY_Beep_Mask_Read
                0x0c06a814                Disp_Get_Pixel
                0x0c06abec                RTC_Alarm_Control
                0x0c06a73c                Disp_Init
                0x0c06aa54                UART2_Flush_FIFO
                0x0c06b2dc                Sys_Get_SDRAM_Size
                0x0c06a79c                Disp_Goto_XY
                0x0c06ad54                EEPROM_Write_Byte
                0x0c06b414                SYS_NO_OP35
                0x0c06b18c                Disp_Get_Color_Setting
                0x0c06a52c                Sys_Int_Disable
                0x0c06a724                Disp_Get_Select_Color
                0x0c06b00c                Sys_Init_EXINT
                0x0c06b06c                Nand_Correct_Data
                0x0c06b204                SYS_NO_OP16
                0x0c06aae4                Sys_Timer_Read
                0x0c06a694                Is_EL_On
                0x0c06a91c                Disp_Get_Contrast
                0x0c06ac34                SIO_Exchange
                0x0c06ac1c                SIO_Init
                0x0c06ae2c                Nand_Is_Bad_Block
                0x0c06ac04                RTC_Alarm_Status
                0x0c06ab2c                RTC_Set_Date
                0x0c06ad0c                I2C_ACK_Control
                0x0c06b324                Disp_Put_Bmp_New
                0x0c06a784                Disp_Set_Font_Attrib
                0x0c06af7c                Sys_BC_Init
                0x0c06b294                KEY_Set_CallBack
                0x0c06b30c                EEPROM_Set_Type
                0x0c06b0fc                SYS_AUX_Sock_Select
                0x0c06b15c                Sys_AUX_IO_Control
                0x0c06af94                Sys_BC_Laser_Enable
                0x0c06a964                UART_Init
                0x0c06a9c4                UART_Flush_FIFO
                0x0c06ad9c                Sys_Delay_Sec1
                0x0c06a9ac                UART_Send_Str
                0x0c06a4cc                Sys_Power_Sleep
                0x0c06a7fc                Disp_Clr_Win
                0x0c06b1d4                User_Timer_End
                0x0c06aebc                SYS_Read_Vol_ADC
                0x0c06adb4                Flash_Get_Size
                0x0c06a604                KEY_EL_Mask_Set
                0x0c06a5bc                KEY_Read_Up
                0x0c06b27c                User_Param_Read
                0x0c06b024                Sys_EXINT_Output
                0x0c06b264                User_Param_Write
                0x0c06af64                Sys_Motor_Enable
                0x0c06b21c                SYS_NO_OP17
                0x0c06b2ac                Sys_Network_Power_Control
                0x0c06b174                Sys_Card_INT_Control
                0x0c06b054                Nand_Calculate_ECC
                0x0c06aa3c                UART2_Send_Str
                0x0c06a97c                UART_Rev_Char
                0x0c06a94c                Disp_Dec_Contrast
                0x0c06b354                EEPROM_Read_Con
                0x0c06aacc                Sys_Timer_Start
                0x0c06a6c4                EL_Get_Timeout
                0x0c06b144                Sys_Gprs_Power_Control
                0x0c06a9f4                UART2_Init
                0x0c06b3fc                SYS_NO_OP34
                0x0c06a64c                KEY_EL_Mask_Read
                0x0c06b0e4                SYS_LED_Control
                0x0c06a754                Disp_Write_Char
                0x0c06aeec                SYS_Read_Current
                0x0c06a88c                Disp_Put_Bmp_Raw
                0x0c06acf4                I2C_Send_Char
                0x0c06ade4                FLASH_Erase_One_Block
                0x0c06ac7c                I2C_Init
                0x0c06a82c                Disp_Put_Pixel
                0x0c06ab14                WatchDog_Set
                0x0c06a4fc                Sys_Auto_Poweroff_Read
                0x0c06b084                Disp_Write_16x16_Chr
                0x0c06a994                UART_Send_Char
                0x0c06acdc                I2C_Recv_Char
                0x0c06b114                Sys_Get_POS_Type
                0x0c06af1c                Sys_Read_RARC
                0x0c06a8ec                Disp_7_SEG_Time
                0x0c06a61c                KEY_Flush_FIFO
                0x0c06a7b4                Disp_Write_Str
                0x0c06b3cc                Sys_U2P2_Power_Control
                0x0c06abbc                RTC_Set_Alarm
                0x0c06a58c                KEY_Init
                0x0c06ac4c                SIO_Aux_Pin_Control
                0x0c06a664                KEY_Get_Status
                0x0c06aba4                RTC_Get_DateTime
                0x0c06adfc                FLASH_Write_Record
                0x0c06a874                Disp_Put_Bmp
                0x0c06a55c                SYS_Msg_Wait
                0x0c06a514                BATT_Check_Level
                0x0c06b12c                Sys_AUX_OUT_Set
                0x0c06b3b4                Sys_U2P1_Power_Control
                0x0c06afac                Sys_Get_Lib_Version
                0x0c06a8a4                Disp_Icon_Set
                0x0c06ae74                Nand_Write_OnePage
                0x0c06b39c                Disp_Get_Magnification
                0x0c06b0b4                SYS_Msg_Wait_Ext
                0x0c06af04                Sys_Read_RAAC
                0x0c06aa6c                UART2_Stat
                0x0c06acac                I2C_Start_Recv
                0x0c06b03c                Sys_EXINT_Read
                0x0c06b2f4                Sys_Get_Version
                0x0c06ad84                Sys_Delay_MS1
                0x0c06a5d4                KEY_Read_Down
                0x0c06ad24                EEPROM_Init
                0x0c06aed4                SYS_Read_Vol_IC
                0x0c06b33c                Sys_Magcard_Power_Control
                0x0c06ae5c                Nand_Read_Random
                0x0c06a934                Disp_Inc_Contrast
                0x0c06a70c                Disp_Set_Color
                0x0c06ab44                RTC_Set_Time
                0x0c06ab74                RTC_Get_Date
                0x0c06a4e4                Sys_Auto_Poweroff_Set
                0x0c06b42c                SYS_NO_OP36
                0x0c06b36c                EEPROM_Write_Page
                0x0c06a7e4                Disp_Clear
                0x0c06ac64                SIO_Aux_Power_Control
                0x0c06b3e4                SYS_NO_OP33
                0x0c06ae8c                Nand_Erase_OneBlock
                0x0c06a574                SYS_Msg_Mask_Set
                0x0c06ad3c                EEPROM_Read_Byte
                0x0c06ad6c                Sys_Delay_US1
                0x0c06ae14                Nand_Read_ID
                0x0c06aea4                SYS_Read_Vol
                0x0c06afdc                Dis_Key_Int
                0x0c06a904                Disp_Set_Contrast
                0x0c06abd4                RTC_Get_Alarm
                0x0c06a844                Disp_Put_Pixel_Col
                0x0c06a67c                EL_Set
                0x0c06a6f4                Is_Charger_On
                0x0c06a5ec                KEY_Beep_Mask_Set
                0x0c06a85c                Disp_Set_Bmp_Mode
                0x0c06b1a4                User_Timer_Get
                0x0c06b24c                SYS_NO_OP19
                0x0c06a76c                Disp_Write_Char_Col
                0x0c06af34                Sys_Power_5V_Enable
                0x0c06a8bc                Disp_Icon_Battery_Time_Set
                0x0c06b234                SYS_NO_OP18
                0x0c06a8d4                Disp_Icon_Battery_Time_Refresh
                0x0c06aff4                En_Key_Int
                0x0c06b384                Disp_Set_Magnification
                0x0c06ac94                I2C_Start_Send
                0x0c06acc4                I2C_Stop
                0x0c06ab5c                RTC_Set_DateTime
                0x0c06aa24                UART2_Send_Char
                0x0c06aa9c                UART_Printf
                0x0c06a5a4                KEY_Read
                0x0c06b0cc                Sys_BC_Init_EXT
                0x0c06b09c                FLASH_Get_Sec_ID
                0x0c06af4c                Sys_Power_3V_Enable
                0x0c06ae44                Nand_Read_Pages
                0x0c06aa84                UART_Send_Term
                0x0c06a6ac                EL_Set_Timeout
                0x0c06ab8c                RTC_Get_Time
                0x0c06b2c4                Sys_Audio_Power_Control
                0x0c06aafc                Sys_Timer_CallBack
                0x0c06afc4                SYS_Query
                0x0c06b1bc                User_Timer_Start
                0x0c06aa0c                UART2_Rev_Char
                0x0c06a7cc                Disp_Write_Str_Col
                0x0c06a544                Sys_Int_Enable
                0x0c06adcc                FLASH_Erase_One_Sector
                0x0c06a6dc                Beep_Sound
                0x0c06b1ec                User_Timer_Read
 .text          0x0c06b96c     0x5744 E:/WF/ARM7-SDK-2011-07-20/HHFiles/lib//libext.a(exlib.o)
                0x0c06bd2c                RTC_read_date
                0x0c06c39c                DispChar_E
                0x0c06dd88                DispStr_E
                0x0c06c434                GetStr_E
                0x0c06dd90                EXT_Display_Multi_Lines
                0x0c06bcf0                RTC_read_time
                0x0c0710ac                GetStr_CE
                0x0c06dd8c                DispStr_C
                0x0c06e0a8                EXT_Brow_Select
                0x0c06bf7c                get_flash_size
                0x0c06e670                EXT_Select_In_Line
                0x0c06bfb0                delay_and_wait_key
                0x0c06f2cc                GetStr_CEX
                0x0c06ed40                EXT_Brow_Info
                0x0c06d048                DispStr_CE
                0x0c06bae4                RTC_get_week
                0x0c06bda8                RTC_set_date
                0x0c06bd68                RTC_set_time
                0x0c06c344                EXT_ClearLine
 .text          0x0c0710b0      0x114 E:/WF/ARM7-SDK-2011-07-20/HHFiles/lib//libext.a(exlib_pinyin.o)
                0x0c0710b0                py_ime
 .text          0x0c0711c4     0x1424 E:/WF/ARM7-SDK-2011-07-20/HHFiles/lib//libcard.a(libcard.o)
                0x0c071464                IC_CARD_GET_URR
                0x0c071438                IC_CARD_GET_MSR
                0x0c071768                set_C4
                0x0c071d5c                Receive_I2C_Data
                0x0c0713b4                IC_CARD_GET_UCR1
                0x0c071758                reset_CLK
                0x0c0715bc                card_stop_level_low
                0x0c072290                is_card_exist
                0x0c0714bc                IC_CARD_GET_HSR
                0x0c0711e0                IC_card_set_C6
                0x0c0718d0                get_IO
                0x0c07199c                ICC_access_CLK
                0x0c071964                set_IO
                0x0c071944                reset_IO
                0x0c07151c                set_PSC_32
                0x0c071330                IC_CARD_GET_PDR
                0x0c071870                get_C8
                0x0c071490                IC_CARD_GET_USR
                0x0c072164                ICC_memcard_atr
                0x0c07140c                IC_CARD_GET_TOC
                0x0c0712d8                IC_CARD_GET_CSR
                0x0c071a60                close_8007_interrupt
                0x0c071a68                open_8007_interrupt
                0x0c071214                IC_Card_Clk_Open
                0x0c071a14                ICC_card_activity
                0x0c0711c4                ICC_Enalble_C6
                0x0c07179c                reset_C4
                0x0c071718                reset_RST
                0x0c071a48                Parse_Addr
                0x0c071e94                Start_I2C_IO
                0x0c071bc0                Send_I2C_Data
                0x0c072374                ICC_select_sock
                0x0c0715f0                stop_card_clk
                0x0c071c40                Send_I2C_NOACK
                0x0c072060                ACK_Polling_I2C
                0x0c071388                IC_CARD_GET_GTR
                0x0c0719fc                ICC_get_curr_sock
                0x0c071984                ICC_memcard_pin_session
                0x0c0713e0                IC_CARD_GET_PCR
                0x0c07135c                IC_CARD_GET_UCR2
                0x0c071304                IC_CARD_GET_CCR
                0x0c071628                start_card_clk
                0x0c0718a0                set_recv_mode
                0x0c071ee8                ICC_memcard_IIC_session
                0x0c0719c4                ICC_CPU_access_speed
                0x0c07212c                start_card
                0x0c071c88                Send_I2C_ACK
                0x0c071b3c                Send_I2C_Data_LSB
                0x0c071910                set_send_mode
                0x0c071804                reset_C6
                0x0c071ac8                ICC_sock_check
                0x0c0712c4                IC_Card_Clk_Check
                0x0c071df0                Receive_I2C_ACK
                0x0c07165c                set_card_vcc
                0x0c071e40                Stop_I2C_IO
                0x0c071ccc                Receive_I2C_Data_LSB
                0x0c0720f8                stop_card
                0x0c071840                reset_C8
                0x0c0717cc                get_C4
                0x0c0716e4                set_RST
                0x0c071a70                clear_8007_interrupt
                0x0c0714e8                set_PSC_31
                0x0c071584                card_stop_level_high
                0x0c07180c                set_C8
                0x0c072438                ICC_interface_power
                0x0c071554                check_8007_type
                0x0c0717fc                set_C6
                0x0c07234c                ICC_deactivate_current_sock
                0x0c071748                set_CLK
                0x0c071278                IC_Card_Clk_Close
 .text          0x0c0725e8     0x42ac E:/WF/ARM7-SDK-2011-07-20/HHFiles/lib//libcard.a(cpucard.o)
                0x0c0738f0                ICC_T0_TPDU
                0x0c072e4c                PBOC_atr_check
                0x0c072e70                wait_for_CLKSW_reset
                0x0c0744ac                ICC_T1_frame
                0x0c072844                PBOC_EMV_atr_check
                0x0c074de4                ICC_T1_APDU_Exchange
                0x0c072ec0                wait_for_CLKSW_set
                0x0c0727c8                ICC_cpucard_set_param
                0x0c074ce8                ICC_T1_Set_IFSD
                0x0c0727c0                EMV_ISO_atr_check
                0x0c075728                ICC_cpucard_ATR
                0x0c07281c                ICC_cpucard_get_param
                0x0c072f78                ICC_cpucard_PTS
                0x0c072f10                wait_for_CRED
 .text          0x0c076894     0x28e8 E:/WF/ARM7-SDK-2011-07-20/HHFiles/lib//libcontactless.a(iso14443.o)
                0x0c0785ac                ISO14443_Request_TypeB
                0x0c077678                ISO14443_Slot_Marker_TypeB
                0x0c077740                CardTypeBSlotMarker
                0x0c07718c                CardTypeBExchangeBlock
                0x0c07839c                CardTypeAExchangeBlock
                0x0c078848                ISO14443_RATS_TypeA_Ex
                0x0c076cd4                ISO14443_Check_Mode
                0x0c077634                CardTypeBAttrib
                0x0c077224                ISO14443_Deselect_TypeB
                0x0c076b08                ISO14443_Param_Set_Rate
                0x0c079134                CardTypeAAnticoll
                0x0c078abc                CardTypeARATS
                0x0c078740                ISO14443_PPS_TypeA
                0x0c078c8c                ISO14443_Request_TypeA
                0x0c0774e4                CardTypeBAttrib_Ex
                0x0c078eb8                ISO14443_AntiCollision_TypeA_Basic
                0x0c077c24                ISO14443_LinkLayer_Exchange
                0x0c07694c                ISO14443_Param_Analyse_TypeA
                0x0c078bf0                CardTypeASelect
                0x0c076b10                CardGetParam
                0x0c078e1c                ISO14443_Halt_TypeA
                0x0c077300                ISO14443_Halt_TypeB
                0x0c078e98                CardTypeAHalt
                0x0c078dd0                CardTypeARequest
                0x0c076d04                RCX_TransCeive_14443B
                0x0c07851c                ISO14443_Deselect
                0x0c078a60                CardTypeARATS_Ex
                0x0c077784                RCX_TransCeive_14443A
                0x0c0768a0                ISO14443_Param_Init_TypeA
                0x0c078b1c                ISO14443_Select_TypeA_Basic
                0x0c078574                CardTypeADeselect
                0x0c076894                ISO14443_ParamGet
                0x0c0786d4                CardTypeBRequest
                0x0c077398                CardTypeBHalt
                0x0c078ae8                ISO14443_RATS_TypeA
                0x0c076b4c                ISO14443_Param_Analyse_TypeB
                0x0c07846c                ISO14443_Deselect_TypeA
                0x0c07881c                CardTypeAPPS
                0x0c078170                ISO14443_APDU_Exchange_Ex
                0x0c0782bc                ISO14443_APDU_Exchange
                0x0c07755c                ISO14443_Attrib_TypeB
                0x0c0773c0                ISO14443_Attrib_TypeB_Ex
                0x0c0772c8                CardTypeBDeselect
 .text          0x0c07917c     0x10fc E:/WF/ARM7-SDK-2011-07-20/HHFiles/lib//libcontactless.a(mifare.o)
                0x0c079cbc                CardAccessMultiBlocks
                0x0c0798ec                FM11RF_Read4Bytes
                0x0c07a0fc                Mf500KeyWriteToEeprom
                0x0c0791ac                CardMFCValueDebit
                0x0c079ae0                CardMFCAuthKeyE2
                0x0c0799ec                CardMFCRead16Bytes
                0x0c07a244                CardKX12AuthKey
                0x0c079fb8                CardAccess
                0x0c079eb8                CardValue
                0x0c07932c                CardMFCValueWithTransfer
                0x0c0796d4                CardMFCWrite4Bytes
                0x0c079b70                CardTrailerWrite
                0x0c07979c                CardMFCWrite16Bytes
                0x0c079544                FM11RF_Write4Bytes
                0x0c07a1a8                CardMFCAuthKey
 .text          0x0c07a278      0x368 E:/WF/ARM7-SDK-2011-07-20/HHFiles/lib//libcontactless.a(port.o)
                0x0c07a458                RCX_Power_Off
                0x0c07a3b8                RCX_ReadReg_Same
                0x0c07a4e8                RCX_Reset
                0x0c07a27c                RCX_Enable_Int
                0x0c07a354                RCX_ReadReg
                0x0c07a280                RCX_WriteFIFO
                0x0c07a278                RCX_Disable_Int
                0x0c07a3c0                RCX_ReadFIFO
                0x0c07a348                RCX_WriteReg_Same
                0x0c07a308                RCX_WriteReg
                0x0c07a49c                RCX_Power_On
 .text          0x0c07a5e0     0x12b8 E:/WF/ARM7-SDK-2011-07-20/HHFiles/lib//libcontactless.a(rcxcomm.o)
                0x0c07af38                RCX_Reg_Init_ICODE1STD
                0x0c07ad00                RCX_ReadE2
                0x0c07a630                RCX_Adjust_RxGain
                0x0c07b170                RCX_Reg_Init_15693STD
                0x0c07b3c0                RCX_Reg_Init_14443B_MOT
                0x0c07b864                RCX_Read_Product_Serial
                0x0c07b060                RCX_Reg_Init_15693Fast
                0x0c07a934                RCX_CalcCRC
                0x0c07b28c                RCX_Reg_Init_14443B_ASK
                0x0c07acc8                RCX_Adjust_14443A
                0x0c07a5e0                RCX_Key_Transform
                0x0c07ab00                RCX_WriteE2
                0x0c07a69c                RCX_Authent2
                0x0c07a724                RCX_Authent1
                0x0c07ae10                RCX_Reg_Init_ICODE1Fast
                0x0c07b628                RCX_Reg_Init_14443A
                0x0c07addc                RCX_Read_Product_Type
                0x0c07a888                RCX_LoadKeyE2
                0x0c07a67c                RCX_Close
                0x0c07b750                RCX_Init
                0x0c07b4f4                RCX_Reg_Init_14443B_STD
                0x0c07a7f0                RCX_LoadKey
 .text          0x0c07b898      0x524 E:/WF/ARM7-SDK-2011-07-20/HHFiles/lib//libcontactless.a(rcxreg.o)
                0x0c07bb0c                RCX_RF_Close
                0x0c07b8f0                RCX_Get_RxLastBit
                0x0c07bccc                RCX_PowerDown
                0x0c07bc94                RCX_Clear_Crypto1
                0x0c07bc1c                RCX_Stop_Timer
                0x0c07b8c4                RCX_Check_WriteE2
                0x0c07b9f4                RCX_Set_TSPMSB
                0x0c07b984                RCX_Check_IRQ
                0x0c07bb8c                RCX_Set_TxLastBits
                0x0c07bd54                RCX_RF_Reset
                0x0c07b898                RCX_Check_CRCReady
                0x0c07bc58                RCX_Start_Timer
                0x0c07bad4                RCX_SendOnePulse_Enable
                0x0c07ba2c                RCX_Clear_100ASK
                0x0c07ba9c                RCX_SendOnePulse_Disable
                0x0c07ba64                RCX_Set_100ASK
                0x0c07b920                RCX_Check_ErrorFlag
                0x0c07b9bc                RCX_Clear_TSPMSB
                0x0c07bbd0                RCX_Set_RX_AutoPD
                0x0c07b958                RCX_Check_Crypto1
                0x0c07bd04                RCX_FlushFIFO
                0x0c07bb44                RCX_Set_RxAlign
 .text          0x0c07bdbc      0xeb0 E:/WF/ARM7-SDK-2011-07-20/HHFiles/lib//libdb.a(database.o)
                0x0c07c2fc                DB_init_sys_param
                0x0c07c200                DB_check_format
                0x0c07bff8                DB_jump_to_record
                0x0c07c048                db_find_match
                0x0c07cc00                DB_erase_db_sys
                0x0c07c51c                DB_format_db
                0x0c07bea0                DB_count_records
                0x0c07c140                DB_check_record
                0x0c07c4c0                DB_delete_record
                0x0c07c758                DB_add_recordx
                0x0c07c8e8                DB_add_record
                0x0c07cb3c                DB_erase_filesys
                0x0c07be38                DB_capacity
 .text          0x0c07cc6c     0x1c20 E:/WF/ARM7-SDK-2011-07-20/HHFiles/lib//libsim.a(sim.o)
                0x0c07d750                sms_get_center
                0x0c07d8cc                sim_get_imsi
                0x0c07e474                sim_module_init
                0x0c07e118                sim_wake_up
                0x0c07e208                sim_module_close
                0x0c07d37c                tcp_send_data
                0x0c07d02c                tcp_shut_link
                0x0c07d0a4                tcp_close_link
                0x0c07d234                sms_set_center
                0x0c07ce8c                tcp_recv_data
                0x0c07d864                sim_get_version
                0x0c07e044                sim_detect_net
                0x0c07d7ec                sim_get_battery
                0x0c07d974                sms_send_msg
                0x0c07ce24                call_hang_up
                0x0c07d11c                tcp_check_link
                0x0c07d194                call_dial_num
                0x0c07dfe0                sim_signal_report
                0x0c07e190                sim_power_saving
                0x0c07d5ec                tcp_set_param
                0x0c07d2d8                sms_del_msg
                0x0c07d4e0                tcp_create_link
                0x0c07dd08                sms_read_msg
                0x0c07d6d8                sim_verify_pin
                0x0c07cd60                sim_getversion
                0x0c07d920                sim_get_imei
                0x0c07cf64                call_pick_up
 .text          0x0c07e88c      0x224 E:/WF/ARM7-SDK-2011-07-20/HHFiles/lib//libsim.a(trans.o)
                0x0c07e9e4                GB_To_UCS2_Str
                0x0c07e89c                UCS2GB_Code_Comp
                0x0c07e8ac                UCS2_To_GB_Word
                0x0c07e98c                GB_To_UCS2_Word
                0x0c07e904                UCS2_To_GB_Str
                0x0c07e88c                GBUCS2_Code_Comp
 .text          0x0c07eab0      0x110 E:/WF/ARM7-SDK-2011-07-20/GNU/arm-elf/lib//libgcc.a(_udivsi3.o)
                0x0c07eab0                __udivsi3
                0x0c07eab0                __aeabi_uidiv
                0x0c07eba8                __aeabi_uidivmod
 .text          0x0c07ebc0      0x140 E:/WF/ARM7-SDK-2011-07-20/GNU/arm-elf/lib//libgcc.a(_divsi3.o)
                0x0c07ebc0                __aeabi_idiv
                0x0c07ebc0                __divsi3
                0x0c07ece8                __aeabi_idivmod
 .text          0x0c07ed00       0xcc E:/WF/ARM7-SDK-2011-07-20/GNU/arm-elf/lib//libgcc.a(_umodsi3.o)
                0x0c07ed00                __umodsi3
 .text          0x0c07edcc       0xe4 E:/WF/ARM7-SDK-2011-07-20/GNU/arm-elf/lib//libgcc.a(_modsi3.o)
                0x0c07edcc                __modsi3
 .text          0x0c07eeb0        0x4 E:/WF/ARM7-SDK-2011-07-20/GNU/arm-elf/lib//libgcc.a(_dvmd_tls.o)
                0x0c07eeb0                __aeabi_ldiv0
                0x0c07eeb0                __div0
                0x0c07eeb0                __aeabi_idiv0
 .text          0x0c07eeb4      0x400 E:/WF/ARM7-SDK-2011-07-20/GNU/arm-elf/lib//libgcc.a(_addsubdf3.o)
                0x0c07f248                __floatdidf
                0x0c07f1c8                __floatsidf
                0x0c07f1a0                __aeabi_ui2d
                0x0c07eeb4                __aeabi_drsub
                0x0c07f1f4                __extendsfdf2
                0x0c07eec0                __adddf3
                0x0c07f1a0                __floatunsidf
                0x0c07eec0                __aeabi_dadd
                0x0c07f234                __aeabi_ul2d
                0x0c07eebc                __aeabi_dsub
                0x0c07f234                __floatundidf
                0x0c07f1c8                __aeabi_i2d
                0x0c07f248                __aeabi_l2d
                0x0c07f1f4                __aeabi_f2d
                0x0c07eebc                __subdf3
 .text          0x0c07f2b4      0x470 E:/WF/ARM7-SDK-2011-07-20/GNU/arm-elf/lib//libgcc.a(_muldivdf3.o)
                0x0c07f520                __aeabi_ddiv
                0x0c07f2b4                __aeabi_dmul
                0x0c07f520                __divdf3
                0x0c07f2b4                __muldf3
 .text          0x0c07f724      0x128 E:/WF/ARM7-SDK-2011-07-20/GNU/arm-elf/lib//libgcc.a(_cmpdf2.o)
                0x0c07f810                __aeabi_dcmple
                0x0c07f734                __cmpdf2
                0x0c07f734                __eqdf2
                0x0c07f724                __gtdf2
                0x0c07f7d4                __aeabi_cdcmple
                0x0c07f7b8                __aeabi_cdrcmple
                0x0c07f72c                __ltdf2
                0x0c07f7fc                __aeabi_dcmplt
                0x0c07f72c                __ledf2
                0x0c07f838                __aeabi_dcmpgt
                0x0c07f824                __aeabi_dcmpge
                0x0c07f734                __nedf2
                0x0c07f7e8                __aeabi_dcmpeq
                0x0c07f7d4                __aeabi_cdcmpeq
                0x0c07f724                __gedf2
 .text          0x0c07f84c       0x5c E:/WF/ARM7-SDK-2011-07-20/GNU/arm-elf/lib//libgcc.a(_fixdfsi.o)
                0x0c07f84c                __fixdfsi
                0x0c07f84c                __aeabi_d2iz
 .text          0x0c07f8a8       0x54 E:/WF/ARM7-SDK-2011-07-20/GNU/arm-elf/lib//libgcc.a(_fixunsdfsi.o)
                0x0c07f8a8                __fixunsdfsi
                0x0c07f8a8                __aeabi_d2uiz
 .text          0x0c07f8fc       0x18 E:/WF/ARM7-SDK-2011-07-20/GNU/arm-elf/lib//libc.a(lib_a-atoi.o)
                0x0c07f8fc                _atoi_r
                0x0c07f908                atoi
 .text          0x0c07f914       0x18 E:/WF/ARM7-SDK-2011-07-20/GNU/arm-elf/lib//libc.a(lib_a-atol.o)
                0x0c07f914                _atol_r
                0x0c07f920                atol
 .text          0x0c07f92c       0x80 E:/WF/ARM7-SDK-2011-07-20/GNU/arm-elf/lib//libc.a(lib_a-bsearch.o)
                0x0c07f92c                bsearch
 .text          0x0c07f9ac        0x0 E:/WF/ARM7-SDK-2011-07-20/GNU/arm-elf/lib//libc.a(lib_a-ctype_.o)
 .text          0x0c07f9ac       0x94 E:/WF/ARM7-SDK-2011-07-20/GNU/arm-elf/lib//libc.a(lib_a-memcmp.o)
                0x0c07f9ac                memcmp
 .text          0x0c07fa40       0x50 E:/WF/ARM7-SDK-2011-07-20/GNU/arm-elf/lib//libc.a(lib_a-strstr.o)
                0x0c07fa40                strstr
 .text          0x0c07fa90      0x1f0 E:/WF/ARM7-SDK-2011-07-20/GNU/arm-elf/lib//libc.a(lib_a-strtol.o)
                0x0c07fc54                strtol
                0x0c07fa90                _strtol_r
 .text          0x0c07fc80       0x40 E:/WF/ARM7-SDK-2011-07-20/GNU/arm-elf/lib//libc.a(lib_a-strupr.o)
                0x0c07fc80                strupr
 .text          0x0c07fcc0      0x4bc E:/WF/ARM7-SDK-2011-07-20/GNU/arm-elf/lib//libm.a(lib_a-w_pow.o)
                0x0c07fcc0                pow
 .text          0x0c08017c     0x1110 E:/WF/ARM7-SDK-2011-07-20/GNU/arm-elf/lib//libm.a(lib_a-e_pow.o)
                0x0c08017c                __ieee754_pow
 .text          0x0c08128c      0x288 E:/WF/ARM7-SDK-2011-07-20/GNU/arm-elf/lib//libm.a(lib_a-e_sqrt.o)
                0x0c08128c                __ieee754_sqrt
 .text          0x0c081514       0x20 E:/WF/ARM7-SDK-2011-07-20/GNU/arm-elf/lib//libm.a(lib_a-s_fabs.o)
                0x0c081514                fabs
 .text          0x0c081534       0x18 E:/WF/ARM7-SDK-2011-07-20/GNU/arm-elf/lib//libm.a(lib_a-s_finite.o)
                0x0c081534                finite
 .text          0x0c08154c        0x0 E:/WF/ARM7-SDK-2011-07-20/GNU/arm-elf/lib//libm.a(lib_a-s_lib_ver.o)
 .text          0x0c08154c        0x8 E:/WF/ARM7-SDK-2011-07-20/GNU/arm-elf/lib//libm.a(lib_a-s_matherr.o)
                0x0c08154c                matherr
 .text          0x0c081554      0x1c8 E:/WF/ARM7-SDK-2011-07-20/GNU/arm-elf/lib//libm.a(lib_a-s_rint.o)
                0x0c081554                rint
 .text          0x0c08171c      0x1d4 E:/WF/ARM7-SDK-2011-07-20/GNU/arm-elf/lib//libm.a(lib_a-s_scalbn.o)
                0x0c08171c                scalbn
 .text          0x0c0818f0       0x24 E:/WF/ARM7-SDK-2011-07-20/GNU/arm-elf/lib//libm.a(lib_a-s_copysign.o)
                0x0c0818f0                copysign
 .text          0x0c081914       0x10 E:/WF/ARM7-SDK-2011-07-20/GNU/arm-elf/lib//libc.a(lib_a-errno.o)
                0x0c081914                __errno
                0x0c081924                . = ALIGN (0x4)
                0x0c081924                __CTOR_LIST__ = .
                0x0c081924        0x4 LONG 0x0 (((__CTOR_END__ - __CTOR_LIST__) / 0x4) - 0x2)
 *(.ctors)
                0x0c081928        0x4 LONG 0x0
                0x0c08192c                __CTOR_END__ = .
                0x0c08192c                __DTOR_LIST__ = .
                0x0c08192c        0x4 LONG 0x0 (((__DTOR_END__ - __DTOR_LIST__) / 0x4) - 0x2)
 *(.dtors)
                0x0c081930        0x4 LONG 0x0
                0x0c081934                __DTOR_END__ = .
 *(.rodata)
 .rodata        0x0c081934       0x20 E:/WF/ARM7-SDK-2011-07-20/GNU/arm-elf/lib//libc.a(lib_a-vfprintf.o)
 .rodata        0x0c081954        0x4 E:/WF/ARM7-SDK-2011-07-20/GNU/arm-elf/lib//libc.a(lib_a-impure.o)
                0x0c081954                _global_impure_ptr
 .rodata        0x0c081958       0x34 E:/WF/ARM7-SDK-2011-07-20/GNU/arm-elf/lib//libc.a(lib_a-locale.o)
 .rodata        0x0c08198c      0x124 E:/WF/ARM7-SDK-2011-07-20/GNU/arm-elf/lib//libc.a(lib_a-mprec.o)
                0x0c081a7c                __mprec_tinytens
                0x0c08198c                __mprec_tens
                0x0c081a54                __mprec_bigtens
 .rodata        0x0c081ab0      0x2f0 E:/WF/ARM7-SDK-2011-07-20/HHFiles/lib//libext.a(exlib.o)
 .rodata        0x0c081da0       0x50 E:/WF/ARM7-SDK-2011-07-20/HHFiles/lib//libcard.a(cpucard.o)
                0x0c081dd0                DI_D_table
                0x0c081da0                FI_PDR_table
                0x0c081db0                FI_F_table
 .rodata        0x0c081df0       0x28 E:/WF/ARM7-SDK-2011-07-20/HHFiles/lib//libcontactless.a(iso14443.o)
 .rodata        0x0c081e18      0x200 E:/WF/ARM7-SDK-2011-07-20/HHFiles/lib//libdb.a(database.o)
 .rodata        0x0c082018      0x101 E:/WF/ARM7-SDK-2011-07-20/GNU/arm-elf/lib//libc.a(lib_a-ctype_.o)
                0x0c082018                _ctype_
 *fill*         0x0c082119        0x3 00
 .rodata        0x0c08211c       0x30 E:/WF/ARM7-SDK-2011-07-20/GNU/arm-elf/lib//libm.a(lib_a-e_pow.o)
 .rodata        0x0c08214c       0x10 E:/WF/ARM7-SDK-2011-07-20/GNU/arm-elf/lib//libm.a(lib_a-s_rint.o)
 *(.rodata*)
 .rodata.str1.4
                0x0c08215c      0x3f9 E:/WF/develop_windows/SF01/Release/SF.o
                                0x3fc (size before relaxing)
 *fill*         0x0c082555        0x3 00
 .rodata.str1.4
                0x0c082558       0xad E:/WF/develop_windows/SF01/Release/Card.o
                                 0xbc (size before relaxing)
 *fill*         0x0c082605        0x3 00
 .rodata.str1.4
                0x0c082608      0x112 E:/WF/develop_windows/SF01/Release/DataBase.o
                                0x154 (size before relaxing)
 *fill*         0x0c08271a        0x2 00
 .rodata.str1.4
                0x0c08271c       0x4a E:/WF/develop_windows/SF01/Release/Common.o
                                 0x50 (size before relaxing)
 *fill*         0x0c082766        0x2 00
 .rodata.str1.4
                0x0c082768      0x139 E:/WF/develop_windows/SF01/Release/Gprs.o
                                0x13c (size before relaxing)
 *fill*         0x0c0828a1        0x3 00
 .rodata.str1.4
                0x0c0828a4       0x5f E:/WF/ARM7-SDK-2011-07-20/GNU/arm-elf/lib//libc.a(lib_a-vfprintf.o)
                                 0x64 (size before relaxing)
 *fill*         0x0c082903        0x1 00
 .rodata.str1.4
                0x0c082904       0x1e E:/WF/ARM7-SDK-2011-07-20/GNU/arm-elf/lib//libc.a(lib_a-wctomb_r.o)
                                 0x20 (size before relaxing)
 *fill*         0x0c082922        0x2 00
 .rodata.str1.4
                0x0c082924       0x10 E:/WF/ARM7-SDK-2011-07-20/GNU/arm-elf/lib//libc.a(lib_a-dtoa.o)
                                 0x14 (size before relaxing)
 .rodata.str1.4
                0x0c082934        0x2 E:/WF/ARM7-SDK-2011-07-20/GNU/arm-elf/lib//libc.a(lib_a-impure.o)
                                  0x4 (size before relaxing)
 *fill*         0x0c082936        0x2 00
 .rodata.str1.4
                0x0c082938        0xb E:/WF/ARM7-SDK-2011-07-20/GNU/arm-elf/lib//libc.a(lib_a-locale.o)
                                 0x18 (size before relaxing)
 *fill*         0x0c082943        0x1 00
 .rodata.str1.4
                0x0c082944       0x76 E:/WF/ARM7-SDK-2011-07-20/HHFiles/lib//libext.a(exlib.o)
                                 0x88 (size before relaxing)
 *fill*         0x0c0829ba        0x2 00
 .rodata.str1.4
                0x0c0829bc      0x100 E:/WF/ARM7-SDK-2011-07-20/HHFiles/lib//libext.a(exlib_pinyin.o)
                                0x10c (size before relaxing)
 .rodata.str1.4
                0x0c082abc      0x210 E:/WF/ARM7-SDK-2011-07-20/HHFiles/lib//libsim.a(sim.o)
                                0x220 (size before relaxing)
 .rodata.str1.4
                0x0c082ccc        0x4 E:/WF/ARM7-SDK-2011-07-20/GNU/arm-elf/lib//libm.a(lib_a-w_pow.o)
 *(.glue_7t)
 .glue_7t       0x0c082cd0        0x0 E:/WF/develop_windows/SF01/Release/crt0.o
 .glue_7t       0x0c082cd0        0x0 E:/WF/develop_windows/SF01/Release/SF.o
 .glue_7t       0x0c082cd0        0x0 E:/WF/develop_windows/SF01/Release/Card.o
 .glue_7t       0x0c082cd0        0x0 E:/WF/develop_windows/SF01/Release/DataBase.o
 .glue_7t       0x0c082cd0        0x0 E:/WF/develop_windows/SF01/Release/Common.o
 .glue_7t       0x0c082cd0        0x0 E:/WF/develop_windows/SF01/Release/Gprs.o
 .glue_7t       0x0c082cd0        0x0 E:/WF/ARM7-SDK-2011-07-20/GNU/arm-elf/lib//libc.a(lib_a-memcpy.o)
 .glue_7t       0x0c082cd0        0x0 E:/WF/ARM7-SDK-2011-07-20/GNU/arm-elf/lib//libc.a(lib_a-memset.o)
 .glue_7t       0x0c082cd0        0x0 E:/WF/ARM7-SDK-2011-07-20/GNU/arm-elf/lib//libc.a(lib_a-sprintf.o)
 .glue_7t       0x0c082cd0        0x0 E:/WF/ARM7-SDK-2011-07-20/GNU/arm-elf/lib//libc.a(lib_a-strcat.o)
 .glue_7t       0x0c082cd0        0x0 E:/WF/ARM7-SDK-2011-07-20/GNU/arm-elf/lib//libc.a(lib_a-strcmp.o)
 .glue_7t       0x0c082cd0        0x0 E:/WF/ARM7-SDK-2011-07-20/GNU/arm-elf/lib//libc.a(lib_a-strcpy.o)
 .glue_7t       0x0c082cd0        0x0 E:/WF/ARM7-SDK-2011-07-20/GNU/arm-elf/lib//libc.a(lib_a-strlen.o)
 .glue_7t       0x0c082cd0        0x0 E:/WF/ARM7-SDK-2011-07-20/GNU/arm-elf/lib//libc.a(lib_a-strncpy.o)
 .glue_7t       0x0c082cd0        0x0 E:/WF/ARM7-SDK-2011-07-20/GNU/arm-elf/lib//libc.a(lib_a-strtok.o)
 .glue_7t       0x0c082cd0        0x0 E:/WF/ARM7-SDK-2011-07-20/GNU/arm-elf/lib//libc.a(lib_a-strtok_r.o)
 .glue_7t       0x0c082cd0        0x0 E:/WF/ARM7-SDK-2011-07-20/GNU/arm-elf/lib//libc.a(lib_a-vfprintf.o)
 .glue_7t       0x0c082cd0        0x0 E:/WF/ARM7-SDK-2011-07-20/GNU/arm-elf/lib//libc.a(lib_a-wcrtomb.o)
 .glue_7t       0x0c082cd0        0x0 E:/WF/ARM7-SDK-2011-07-20/GNU/arm-elf/lib//libc.a(lib_a-wcsrtombs.o)
 .glue_7t       0x0c082cd0        0x0 E:/WF/ARM7-SDK-2011-07-20/GNU/arm-elf/lib//libc.a(lib_a-wctomb_r.o)
 .glue_7t       0x0c082cd0        0x0 E:/WF/ARM7-SDK-2011-07-20/GNU/arm-elf/lib//libc.a(lib_a-wsetup.o)
 .glue_7t       0x0c082cd0        0x0 E:/WF/ARM7-SDK-2011-07-20/GNU/arm-elf/lib//libc.a(lib_a-dtoa.o)
 .glue_7t       0x0c082cd0        0x0 E:/WF/ARM7-SDK-2011-07-20/GNU/arm-elf/lib//libc.a(lib_a-fflush.o)
 .glue_7t       0x0c082cd0        0x0 E:/WF/ARM7-SDK-2011-07-20/GNU/arm-elf/lib//libc.a(lib_a-findfp.o)
 .glue_7t       0x0c082cd0        0x0 E:/WF/ARM7-SDK-2011-07-20/GNU/arm-elf/lib//libc.a(lib_a-freer.o)
 .glue_7t       0x0c082cd0        0x0 E:/WF/ARM7-SDK-2011-07-20/GNU/arm-elf/lib//libc.a(lib_a-fvwrite.o)
 .glue_7t       0x0c082cd0        0x0 E:/WF/ARM7-SDK-2011-07-20/GNU/arm-elf/lib//libc.a(lib_a-fwalk.o)
 .glue_7t       0x0c082cd0        0x0 E:/WF/ARM7-SDK-2011-07-20/GNU/arm-elf/lib//libc.a(lib_a-impure.o)
 .glue_7t       0x0c082cd0        0x0 E:/WF/ARM7-SDK-2011-07-20/GNU/arm-elf/lib//libc.a(lib_a-locale.o)
 .glue_7t       0x0c082cd0        0x0 E:/WF/ARM7-SDK-2011-07-20/GNU/arm-elf/lib//libc.a(lib_a-makebuf.o)
 .glue_7t       0x0c082cd0        0x0 E:/WF/ARM7-SDK-2011-07-20/GNU/arm-elf/lib//libc.a(lib_a-mallocr.o)
 .glue_7t       0x0c082cd0        0x0 E:/WF/ARM7-SDK-2011-07-20/GNU/arm-elf/lib//libc.a(lib_a-memchr.o)
 .glue_7t       0x0c082cd0        0x0 E:/WF/ARM7-SDK-2011-07-20/GNU/arm-elf/lib//libc.a(lib_a-memmove.o)
 .glue_7t       0x0c082cd0        0x0 E:/WF/ARM7-SDK-2011-07-20/GNU/arm-elf/lib//libc.a(lib_a-mlock.o)
 .glue_7t       0x0c082cd0        0x0 E:/WF/ARM7-SDK-2011-07-20/GNU/arm-elf/lib//libc.a(lib_a-mprec.o)
 .glue_7t       0x0c082cd0        0x0 E:/WF/ARM7-SDK-2011-07-20/GNU/arm-elf/lib//libc.a(lib_a-reallocr.o)
 .glue_7t       0x0c082cd0        0x0 E:/WF/ARM7-SDK-2011-07-20/GNU/arm-elf/lib//libc.a(lib_a-s_isinfd.o)
 .glue_7t       0x0c082cd0        0x0 E:/WF/ARM7-SDK-2011-07-20/GNU/arm-elf/lib//libc.a(lib_a-s_isnand.o)
 .glue_7t       0x0c082cd0        0x0 E:/WF/ARM7-SDK-2011-07-20/GNU/arm-elf/lib//libc.a(lib_a-stdio.o)
 .glue_7t       0x0c082cd0        0x0 E:/WF/ARM7-SDK-2011-07-20/GNU/arm-elf/lib//libc.a(lib_a-callocr.o)
 .glue_7t       0x0c082cd0        0x0 E:/WF/ARM7-SDK-2011-07-20/GNU/arm-elf/lib//libc.a(lib_a-fclose.o)
 .glue_7t       0x0c082cd0        0x0 E:/WF/ARM7-SDK-2011-07-20/HHFiles/lib//libARMPos.a(libARMPos.o)
 .glue_7t       0x0c082cd0        0x0 E:/WF/ARM7-SDK-2011-07-20/HHFiles/lib//libARMPos.a(call_api.o)
 .glue_7t       0x0c082cd0        0x0 E:/WF/ARM7-SDK-2011-07-20/HHFiles/lib//libext.a(exlib.o)
 .glue_7t       0x0c082cd0        0x0 E:/WF/ARM7-SDK-2011-07-20/HHFiles/lib//libext.a(exlib_pinyin.o)
 .glue_7t       0x0c082cd0        0x0 E:/WF/ARM7-SDK-2011-07-20/HHFiles/lib//libcard.a(libcard.o)
 .glue_7t       0x0c082cd0        0x0 E:/WF/ARM7-SDK-2011-07-20/HHFiles/lib//libcard.a(cpucard.o)
 .glue_7t       0x0c082cd0        0x0 E:/WF/ARM7-SDK-2011-07-20/HHFiles/lib//libcontactless.a(iso14443.o)
 .glue_7t       0x0c082cd0        0x0 E:/WF/ARM7-SDK-2011-07-20/HHFiles/lib//libcontactless.a(mifare.o)
 .glue_7t       0x0c082cd0        0x0 E:/WF/ARM7-SDK-2011-07-20/HHFiles/lib//libcontactless.a(port.o)
 .glue_7t       0x0c082cd0        0x0 E:/WF/ARM7-SDK-2011-07-20/HHFiles/lib//libcontactless.a(rcxcomm.o)
 .glue_7t       0x0c082cd0        0x0 E:/WF/ARM7-SDK-2011-07-20/HHFiles/lib//libcontactless.a(rcxreg.o)
 .glue_7t       0x0c082cd0        0x0 E:/WF/ARM7-SDK-2011-07-20/HHFiles/lib//libdb.a(database.o)
 .glue_7t       0x0c082cd0        0x0 E:/WF/ARM7-SDK-2011-07-20/HHFiles/lib//libsim.a(sim.o)
 .glue_7t       0x0c082cd0        0x0 E:/WF/ARM7-SDK-2011-07-20/HHFiles/lib//libsim.a(trans.o)
 .glue_7t       0x0c082cd0        0x0 E:/WF/ARM7-SDK-2011-07-20/GNU/arm-elf/lib//libgcc.a(_udivsi3.o)
 .glue_7t       0x0c082cd0        0x0 E:/WF/ARM7-SDK-2011-07-20/GNU/arm-elf/lib//libgcc.a(_divsi3.o)
 .glue_7t       0x0c082cd0        0x0 E:/WF/ARM7-SDK-2011-07-20/GNU/arm-elf/lib//libgcc.a(_umodsi3.o)
 .glue_7t       0x0c082cd0        0x0 E:/WF/ARM7-SDK-2011-07-20/GNU/arm-elf/lib//libgcc.a(_modsi3.o)
 .glue_7t       0x0c082cd0        0x0 E:/WF/ARM7-SDK-2011-07-20/GNU/arm-elf/lib//libgcc.a(_dvmd_tls.o)
 .glue_7t       0x0c082cd0        0x0 E:/WF/ARM7-SDK-2011-07-20/GNU/arm-elf/lib//libgcc.a(_addsubdf3.o)
 .glue_7t       0x0c082cd0        0x0 E:/WF/ARM7-SDK-2011-07-20/GNU/arm-elf/lib//libgcc.a(_muldivdf3.o)
 .glue_7t       0x0c082cd0        0x0 E:/WF/ARM7-SDK-2011-07-20/GNU/arm-elf/lib//libgcc.a(_cmpdf2.o)
 .glue_7t       0x0c082cd0        0x0 E:/WF/ARM7-SDK-2011-07-20/GNU/arm-elf/lib//libgcc.a(_fixdfsi.o)
 .glue_7t       0x0c082cd0        0x0 E:/WF/ARM7-SDK-2011-07-20/GNU/arm-elf/lib//libgcc.a(_fixunsdfsi.o)
 .glue_7t       0x0c082cd0        0x0 E:/WF/ARM7-SDK-2011-07-20/GNU/arm-elf/lib//libc.a(lib_a-atoi.o)
 .glue_7t       0x0c082cd0        0x0 E:/WF/ARM7-SDK-2011-07-20/GNU/arm-elf/lib//libc.a(lib_a-atol.o)
 .glue_7t       0x0c082cd0        0x0 E:/WF/ARM7-SDK-2011-07-20/GNU/arm-elf/lib//libc.a(lib_a-bsearch.o)
 .glue_7t       0x0c082cd0        0x0 E:/WF/ARM7-SDK-2011-07-20/GNU/arm-elf/lib//libc.a(lib_a-ctype_.o)
 .glue_7t       0x0c082cd0        0x0 E:/WF/ARM7-SDK-2011-07-20/GNU/arm-elf/lib//libc.a(lib_a-memcmp.o)
 .glue_7t       0x0c082cd0        0x0 E:/WF/ARM7-SDK-2011-07-20/GNU/arm-elf/lib//libc.a(lib_a-strstr.o)
 .glue_7t       0x0c082cd0        0x0 E:/WF/ARM7-SDK-2011-07-20/GNU/arm-elf/lib//libc.a(lib_a-strtol.o)
 .glue_7t       0x0c082cd0        0x0 E:/WF/ARM7-SDK-2011-07-20/GNU/arm-elf/lib//libc.a(lib_a-strupr.o)
 .glue_7t       0x0c082cd0        0x0 E:/WF/ARM7-SDK-2011-07-20/GNU/arm-elf/lib//libm.a(lib_a-w_pow.o)
 .glue_7t       0x0c082cd0        0x0 E:/WF/ARM7-SDK-2011-07-20/GNU/arm-elf/lib//libm.a(lib_a-e_pow.o)
 .glue_7t       0x0c082cd0        0x0 E:/WF/ARM7-SDK-2011-07-20/GNU/arm-elf/lib//libm.a(lib_a-e_sqrt.o)
 .glue_7t       0x0c082cd0        0x0 E:/WF/ARM7-SDK-2011-07-20/GNU/arm-elf/lib//libm.a(lib_a-s_fabs.o)
 .glue_7t       0x0c082cd0        0x0 E:/WF/ARM7-SDK-2011-07-20/GNU/arm-elf/lib//libm.a(lib_a-s_finite.o)
 .glue_7t       0x0c082cd0        0x0 E:/WF/ARM7-SDK-2011-07-20/GNU/arm-elf/lib//libm.a(lib_a-s_lib_ver.o)
 .glue_7t       0x0c082cd0        0x0 E:/WF/ARM7-SDK-2011-07-20/GNU/arm-elf/lib//libm.a(lib_a-s_matherr.o)
 .glue_7t       0x0c082cd0        0x0 E:/WF/ARM7-SDK-2011-07-20/GNU/arm-elf/lib//libm.a(lib_a-s_rint.o)
 .glue_7t       0x0c082cd0        0x0 E:/WF/ARM7-SDK-2011-07-20/GNU/arm-elf/lib//libm.a(lib_a-s_scalbn.o)
 .glue_7t       0x0c082cd0        0x0 E:/WF/ARM7-SDK-2011-07-20/GNU/arm-elf/lib//libm.a(lib_a-s_copysign.o)
 .glue_7t       0x0c082cd0        0x0 E:/WF/ARM7-SDK-2011-07-20/GNU/arm-elf/lib//libc.a(lib_a-errno.o)
 *(.glue_7)
 .glue_7        0x0c082cd0        0x0 E:/WF/develop_windows/SF01/Release/crt0.o
 .glue_7        0x0c082cd0        0x0 E:/WF/develop_windows/SF01/Release/SF.o
 .glue_7        0x0c082cd0        0x0 E:/WF/develop_windows/SF01/Release/Card.o
 .glue_7        0x0c082cd0        0x0 E:/WF/develop_windows/SF01/Release/DataBase.o
 .glue_7        0x0c082cd0        0x0 E:/WF/develop_windows/SF01/Release/Common.o
 .glue_7        0x0c082cd0        0x0 E:/WF/develop_windows/SF01/Release/Gprs.o
 .glue_7        0x0c082cd0        0x0 E:/WF/ARM7-SDK-2011-07-20/GNU/arm-elf/lib//libc.a(lib_a-memcpy.o)
 .glue_7        0x0c082cd0        0x0 E:/WF/ARM7-SDK-2011-07-20/GNU/arm-elf/lib//libc.a(lib_a-memset.o)
 .glue_7        0x0c082cd0        0x0 E:/WF/ARM7-SDK-2011-07-20/GNU/arm-elf/lib//libc.a(lib_a-sprintf.o)
 .glue_7        0x0c082cd0        0x0 E:/WF/ARM7-SDK-2011-07-20/GNU/arm-elf/lib//libc.a(lib_a-strcat.o)
 .glue_7        0x0c082cd0        0x0 E:/WF/ARM7-SDK-2011-07-20/GNU/arm-elf/lib//libc.a(lib_a-strcmp.o)
 .glue_7        0x0c082cd0        0x0 E:/WF/ARM7-SDK-2011-07-20/GNU/arm-elf/lib//libc.a(lib_a-strcpy.o)
 .glue_7        0x0c082cd0        0x0 E:/WF/ARM7-SDK-2011-07-20/GNU/arm-elf/lib//libc.a(lib_a-strlen.o)
 .glue_7        0x0c082cd0        0x0 E:/WF/ARM7-SDK-2011-07-20/GNU/arm-elf/lib//libc.a(lib_a-strncpy.o)
 .glue_7        0x0c082cd0        0x0 E:/WF/ARM7-SDK-2011-07-20/GNU/arm-elf/lib//libc.a(lib_a-strtok.o)
 .glue_7        0x0c082cd0        0x0 E:/WF/ARM7-SDK-2011-07-20/GNU/arm-elf/lib//libc.a(lib_a-strtok_r.o)
 .glue_7        0x0c082cd0        0x0 E:/WF/ARM7-SDK-2011-07-20/GNU/arm-elf/lib//libc.a(lib_a-vfprintf.o)
 .glue_7        0x0c082cd0        0x0 E:/WF/ARM7-SDK-2011-07-20/GNU/arm-elf/lib//libc.a(lib_a-wcrtomb.o)
 .glue_7        0x0c082cd0        0x0 E:/WF/ARM7-SDK-2011-07-20/GNU/arm-elf/lib//libc.a(lib_a-wcsrtombs.o)
 .glue_7        0x0c082cd0        0x0 E:/WF/ARM7-SDK-2011-07-20/GNU/arm-elf/lib//libc.a(lib_a-wctomb_r.o)
 .glue_7        0x0c082cd0        0x0 E:/WF/ARM7-SDK-2011-07-20/GNU/arm-elf/lib//libc.a(lib_a-wsetup.o)
 .glue_7        0x0c082cd0        0x0 E:/WF/ARM7-SDK-2011-07-20/GNU/arm-elf/lib//libc.a(lib_a-dtoa.o)
 .glue_7        0x0c082cd0        0x0 E:/WF/ARM7-SDK-2011-07-20/GNU/arm-elf/lib//libc.a(lib_a-fflush.o)
 .glue_7        0x0c082cd0        0x0 E:/WF/ARM7-SDK-2011-07-20/GNU/arm-elf/lib//libc.a(lib_a-findfp.o)
 .glue_7        0x0c082cd0        0x0 E:/WF/ARM7-SDK-2011-07-20/GNU/arm-elf/lib//libc.a(lib_a-freer.o)
 .glue_7        0x0c082cd0        0x0 E:/WF/ARM7-SDK-2011-07-20/GNU/arm-elf/lib//libc.a(lib_a-fvwrite.o)
 .glue_7        0x0c082cd0        0x0 E:/WF/ARM7-SDK-2011-07-20/GNU/arm-elf/lib//libc.a(lib_a-fwalk.o)
 .glue_7        0x0c082cd0        0x0 E:/WF/ARM7-SDK-2011-07-20/GNU/arm-elf/lib//libc.a(lib_a-impure.o)
 .glue_7        0x0c082cd0        0x0 E:/WF/ARM7-SDK-2011-07-20/GNU/arm-elf/lib//libc.a(lib_a-locale.o)
 .glue_7        0x0c082cd0        0x0 E:/WF/ARM7-SDK-2011-07-20/GNU/arm-elf/lib//libc.a(lib_a-makebuf.o)
 .glue_7        0x0c082cd0        0x0 E:/WF/ARM7-SDK-2011-07-20/GNU/arm-elf/lib//libc.a(lib_a-mallocr.o)
 .glue_7        0x0c082cd0        0x0 E:/WF/ARM7-SDK-2011-07-20/GNU/arm-elf/lib//libc.a(lib_a-memchr.o)
 .glue_7        0x0c082cd0        0x0 E:/WF/ARM7-SDK-2011-07-20/GNU/arm-elf/lib//libc.a(lib_a-memmove.o)
 .glue_7        0x0c082cd0        0x0 E:/WF/ARM7-SDK-2011-07-20/GNU/arm-elf/lib//libc.a(lib_a-mlock.o)
 .glue_7        0x0c082cd0        0x0 E:/WF/ARM7-SDK-2011-07-20/GNU/arm-elf/lib//libc.a(lib_a-mprec.o)
 .glue_7        0x0c082cd0        0x0 E:/WF/ARM7-SDK-2011-07-20/GNU/arm-elf/lib//libc.a(lib_a-reallocr.o)
 .glue_7        0x0c082cd0        0x0 E:/WF/ARM7-SDK-2011-07-20/GNU/arm-elf/lib//libc.a(lib_a-s_isinfd.o)
 .glue_7        0x0c082cd0        0x0 E:/WF/ARM7-SDK-2011-07-20/GNU/arm-elf/lib//libc.a(lib_a-s_isnand.o)
 .glue_7        0x0c082cd0        0x0 E:/WF/ARM7-SDK-2011-07-20/GNU/arm-elf/lib//libc.a(lib_a-stdio.o)
 .glue_7        0x0c082cd0        0x0 E:/WF/ARM7-SDK-2011-07-20/GNU/arm-elf/lib//libc.a(lib_a-callocr.o)
 .glue_7        0x0c082cd0        0x0 E:/WF/ARM7-SDK-2011-07-20/GNU/arm-elf/lib//libc.a(lib_a-fclose.o)
 .glue_7        0x0c082cd0        0x0 E:/WF/ARM7-SDK-2011-07-20/HHFiles/lib//libARMPos.a(libARMPos.o)
 .glue_7        0x0c082cd0        0x0 E:/WF/ARM7-SDK-2011-07-20/HHFiles/lib//libARMPos.a(call_api.o)
 .glue_7        0x0c082cd0        0x0 E:/WF/ARM7-SDK-2011-07-20/HHFiles/lib//libext.a(exlib.o)
 .glue_7        0x0c082cd0        0x0 E:/WF/ARM7-SDK-2011-07-20/HHFiles/lib//libext.a(exlib_pinyin.o)
 .glue_7        0x0c082cd0        0x0 E:/WF/ARM7-SDK-2011-07-20/HHFiles/lib//libcard.a(libcard.o)
 .glue_7        0x0c082cd0        0x0 E:/WF/ARM7-SDK-2011-07-20/HHFiles/lib//libcard.a(cpucard.o)
 .glue_7        0x0c082cd0        0x0 E:/WF/ARM7-SDK-2011-07-20/HHFiles/lib//libcontactless.a(iso14443.o)
 .glue_7        0x0c082cd0        0x0 E:/WF/ARM7-SDK-2011-07-20/HHFiles/lib//libcontactless.a(mifare.o)
 .glue_7        0x0c082cd0        0x0 E:/WF/ARM7-SDK-2011-07-20/HHFiles/lib//libcontactless.a(port.o)
 .glue_7        0x0c082cd0        0x0 E:/WF/ARM7-SDK-2011-07-20/HHFiles/lib//libcontactless.a(rcxcomm.o)
 .glue_7        0x0c082cd0        0x0 E:/WF/ARM7-SDK-2011-07-20/HHFiles/lib//libcontactless.a(rcxreg.o)
 .glue_7        0x0c082cd0        0x0 E:/WF/ARM7-SDK-2011-07-20/HHFiles/lib//libdb.a(database.o)
 .glue_7        0x0c082cd0        0x0 E:/WF/ARM7-SDK-2011-07-20/HHFiles/lib//libsim.a(sim.o)
 .glue_7        0x0c082cd0        0x0 E:/WF/ARM7-SDK-2011-07-20/HHFiles/lib//libsim.a(trans.o)
 .glue_7        0x0c082cd0        0x0 E:/WF/ARM7-SDK-2011-07-20/GNU/arm-elf/lib//libgcc.a(_udivsi3.o)
 .glue_7        0x0c082cd0        0x0 E:/WF/ARM7-SDK-2011-07-20/GNU/arm-elf/lib//libgcc.a(_divsi3.o)
 .glue_7        0x0c082cd0        0x0 E:/WF/ARM7-SDK-2011-07-20/GNU/arm-elf/lib//libgcc.a(_umodsi3.o)
 .glue_7        0x0c082cd0        0x0 E:/WF/ARM7-SDK-2011-07-20/GNU/arm-elf/lib//libgcc.a(_modsi3.o)
 .glue_7        0x0c082cd0        0x0 E:/WF/ARM7-SDK-2011-07-20/GNU/arm-elf/lib//libgcc.a(_dvmd_tls.o)
 .glue_7        0x0c082cd0        0x0 E:/WF/ARM7-SDK-2011-07-20/GNU/arm-elf/lib//libgcc.a(_addsubdf3.o)
 .glue_7        0x0c082cd0        0x0 E:/WF/ARM7-SDK-2011-07-20/GNU/arm-elf/lib//libgcc.a(_muldivdf3.o)
 .glue_7        0x0c082cd0        0x0 E:/WF/ARM7-SDK-2011-07-20/GNU/arm-elf/lib//libgcc.a(_cmpdf2.o)
 .glue_7        0x0c082cd0        0x0 E:/WF/ARM7-SDK-2011-07-20/GNU/arm-elf/lib//libgcc.a(_fixdfsi.o)
 .glue_7        0x0c082cd0        0x0 E:/WF/ARM7-SDK-2011-07-20/GNU/arm-elf/lib//libgcc.a(_fixunsdfsi.o)
 .glue_7        0x0c082cd0        0x0 E:/WF/ARM7-SDK-2011-07-20/GNU/arm-elf/lib//libc.a(lib_a-atoi.o)
 .glue_7        0x0c082cd0        0x0 E:/WF/ARM7-SDK-2011-07-20/GNU/arm-elf/lib//libc.a(lib_a-atol.o)
 .glue_7        0x0c082cd0        0x0 E:/WF/ARM7-SDK-2011-07-20/GNU/arm-elf/lib//libc.a(lib_a-bsearch.o)
 .glue_7        0x0c082cd0        0x0 E:/WF/ARM7-SDK-2011-07-20/GNU/arm-elf/lib//libc.a(lib_a-ctype_.o)
 .glue_7        0x0c082cd0        0x0 E:/WF/ARM7-SDK-2011-07-20/GNU/arm-elf/lib//libc.a(lib_a-memcmp.o)
 .glue_7        0x0c082cd0        0x0 E:/WF/ARM7-SDK-2011-07-20/GNU/arm-elf/lib//libc.a(lib_a-strstr.o)
 .glue_7        0x0c082cd0        0x0 E:/WF/ARM7-SDK-2011-07-20/GNU/arm-elf/lib//libc.a(lib_a-strtol.o)
 .glue_7        0x0c082cd0        0x0 E:/WF/ARM7-SDK-2011-07-20/GNU/arm-elf/lib//libc.a(lib_a-strupr.o)
 .glue_7        0x0c082cd0        0x0 E:/WF/ARM7-SDK-2011-07-20/GNU/arm-elf/lib//libm.a(lib_a-w_pow.o)
 .glue_7        0x0c082cd0        0x0 E:/WF/ARM7-SDK-2011-07-20/GNU/arm-elf/lib//libm.a(lib_a-e_pow.o)
 .glue_7        0x0c082cd0        0x0 E:/WF/ARM7-SDK-2011-07-20/GNU/arm-elf/lib//libm.a(lib_a-e_sqrt.o)
 .glue_7        0x0c082cd0        0x0 E:/WF/ARM7-SDK-2011-07-20/GNU/arm-elf/lib//libm.a(lib_a-s_fabs.o)
 .glue_7        0x0c082cd0        0x0 E:/WF/ARM7-SDK-2011-07-20/GNU/arm-elf/lib//libm.a(lib_a-s_finite.o)
 .glue_7        0x0c082cd0        0x0 E:/WF/ARM7-SDK-2011-07-20/GNU/arm-elf/lib//libm.a(lib_a-s_lib_ver.o)
 .glue_7        0x0c082cd0        0x0 E:/WF/ARM7-SDK-2011-07-20/GNU/arm-elf/lib//libm.a(lib_a-s_matherr.o)
 .glue_7        0x0c082cd0        0x0 E:/WF/ARM7-SDK-2011-07-20/GNU/arm-elf/lib//libm.a(lib_a-s_rint.o)
 .glue_7        0x0c082cd0        0x0 E:/WF/ARM7-SDK-2011-07-20/GNU/arm-elf/lib//libm.a(lib_a-s_scalbn.o)
 .glue_7        0x0c082cd0        0x0 E:/WF/ARM7-SDK-2011-07-20/GNU/arm-elf/lib//libm.a(lib_a-s_copysign.o)
 .glue_7        0x0c082cd0        0x0 E:/WF/ARM7-SDK-2011-07-20/GNU/arm-elf/lib//libc.a(lib_a-errno.o)
                0x0c082cd0                . = ALIGN (0x4)
                0x0c082cd0                _etext = .

.vfp11_veneer   0x00000000        0x0
 .vfp11_veneer  0x00000000        0x0 E:/WF/develop_windows/SF01/Release/crt0.o
 .vfp11_veneer  0x00000000        0x0 E:/WF/develop_windows/SF01/Release/SF.o
 .vfp11_veneer  0x00000000        0x0 E:/WF/develop_windows/SF01/Release/Card.o
 .vfp11_veneer  0x00000000        0x0 E:/WF/develop_windows/SF01/Release/DataBase.o
 .vfp11_veneer  0x00000000        0x0 E:/WF/develop_windows/SF01/Release/Common.o
 .vfp11_veneer  0x00000000        0x0 E:/WF/develop_windows/SF01/Release/Gprs.o
 .vfp11_veneer  0x00000000        0x0 E:/WF/ARM7-SDK-2011-07-20/GNU/arm-elf/lib//libc.a(lib_a-memcpy.o)
 .vfp11_veneer  0x00000000        0x0 E:/WF/ARM7-SDK-2011-07-20/GNU/arm-elf/lib//libc.a(lib_a-memset.o)
 .vfp11_veneer  0x00000000        0x0 E:/WF/ARM7-SDK-2011-07-20/GNU/arm-elf/lib//libc.a(lib_a-sprintf.o)
 .vfp11_veneer  0x00000000        0x0 E:/WF/ARM7-SDK-2011-07-20/GNU/arm-elf/lib//libc.a(lib_a-strcat.o)
 .vfp11_veneer  0x00000000        0x0 E:/WF/ARM7-SDK-2011-07-20/GNU/arm-elf/lib//libc.a(lib_a-strcmp.o)
 .vfp11_veneer  0x00000000        0x0 E:/WF/ARM7-SDK-2011-07-20/GNU/arm-elf/lib//libc.a(lib_a-strcpy.o)
 .vfp11_veneer  0x00000000        0x0 E:/WF/ARM7-SDK-2011-07-20/GNU/arm-elf/lib//libc.a(lib_a-strlen.o)
 .vfp11_veneer  0x00000000        0x0 E:/WF/ARM7-SDK-2011-07-20/GNU/arm-elf/lib//libc.a(lib_a-strncpy.o)
 .vfp11_veneer  0x00000000        0x0 E:/WF/ARM7-SDK-2011-07-20/GNU/arm-elf/lib//libc.a(lib_a-strtok.o)
 .vfp11_veneer  0x00000000        0x0 E:/WF/ARM7-SDK-2011-07-20/GNU/arm-elf/lib//libc.a(lib_a-strtok_r.o)
 .vfp11_veneer  0x00000000        0x0 E:/WF/ARM7-SDK-2011-07-20/GNU/arm-elf/lib//libc.a(lib_a-vfprintf.o)
 .vfp11_veneer  0x00000000        0x0 E:/WF/ARM7-SDK-2011-07-20/GNU/arm-elf/lib//libc.a(lib_a-wcrtomb.o)
 .vfp11_veneer  0x00000000        0x0 E:/WF/ARM7-SDK-2011-07-20/GNU/arm-elf/lib//libc.a(lib_a-wcsrtombs.o)
 .vfp11_veneer  0x00000000        0x0 E:/WF/ARM7-SDK-2011-07-20/GNU/arm-elf/lib//libc.a(lib_a-wctomb_r.o)
 .vfp11_veneer  0x00000000        0x0 E:/WF/ARM7-SDK-2011-07-20/GNU/arm-elf/lib//libc.a(lib_a-wsetup.o)
 .vfp11_veneer  0x00000000        0x0 E:/WF/ARM7-SDK-2011-07-20/GNU/arm-elf/lib//libc.a(lib_a-dtoa.o)
 .vfp11_veneer  0x00000000        0x0 E:/WF/ARM7-SDK-2011-07-20/GNU/arm-elf/lib//libc.a(lib_a-fflush.o)
 .vfp11_veneer  0x00000000        0x0 E:/WF/ARM7-SDK-2011-07-20/GNU/arm-elf/lib//libc.a(lib_a-findfp.o)
 .vfp11_veneer  0x00000000        0x0 E:/WF/ARM7-SDK-2011-07-20/GNU/arm-elf/lib//libc.a(lib_a-freer.o)
 .vfp11_veneer  0x00000000        0x0 E:/WF/ARM7-SDK-2011-07-20/GNU/arm-elf/lib//libc.a(lib_a-fvwrite.o)
 .vfp11_veneer  0x00000000        0x0 E:/WF/ARM7-SDK-2011-07-20/GNU/arm-elf/lib//libc.a(lib_a-fwalk.o)
 .vfp11_veneer  0x00000000        0x0 E:/WF/ARM7-SDK-2011-07-20/GNU/arm-elf/lib//libc.a(lib_a-impure.o)
 .vfp11_veneer  0x00000000        0x0 E:/WF/ARM7-SDK-2011-07-20/GNU/arm-elf/lib//libc.a(lib_a-locale.o)
 .vfp11_veneer  0x00000000        0x0 E:/WF/ARM7-SDK-2011-07-20/GNU/arm-elf/lib//libc.a(lib_a-makebuf.o)
 .vfp11_veneer  0x00000000        0x0 E:/WF/ARM7-SDK-2011-07-20/GNU/arm-elf/lib//libc.a(lib_a-mallocr.o)
 .vfp11_veneer  0x00000000        0x0 E:/WF/ARM7-SDK-2011-07-20/GNU/arm-elf/lib//libc.a(lib_a-memchr.o)
 .vfp11_veneer  0x00000000        0x0 E:/WF/ARM7-SDK-2011-07-20/GNU/arm-elf/lib//libc.a(lib_a-memmove.o)
 .vfp11_veneer  0x00000000        0x0 E:/WF/ARM7-SDK-2011-07-20/GNU/arm-elf/lib//libc.a(lib_a-mlock.o)
 .vfp11_veneer  0x00000000        0x0 E:/WF/ARM7-SDK-2011-07-20/GNU/arm-elf/lib//libc.a(lib_a-mprec.o)
 .vfp11_veneer  0x00000000        0x0 E:/WF/ARM7-SDK-2011-07-20/GNU/arm-elf/lib//libc.a(lib_a-reallocr.o)
 .vfp11_veneer  0x00000000        0x0 E:/WF/ARM7-SDK-2011-07-20/GNU/arm-elf/lib//libc.a(lib_a-s_isinfd.o)
 .vfp11_veneer  0x00000000        0x0 E:/WF/ARM7-SDK-2011-07-20/GNU/arm-elf/lib//libc.a(lib_a-s_isnand.o)
 .vfp11_veneer  0x00000000        0x0 E:/WF/ARM7-SDK-2011-07-20/GNU/arm-elf/lib//libc.a(lib_a-stdio.o)
 .vfp11_veneer  0x00000000        0x0 E:/WF/ARM7-SDK-2011-07-20/GNU/arm-elf/lib//libc.a(lib_a-callocr.o)
 .vfp11_veneer  0x00000000        0x0 E:/WF/ARM7-SDK-2011-07-20/GNU/arm-elf/lib//libc.a(lib_a-fclose.o)
 .vfp11_veneer  0x00000000        0x0 E:/WF/ARM7-SDK-2011-07-20/HHFiles/lib//libARMPos.a(libARMPos.o)
 .vfp11_veneer  0x00000000        0x0 E:/WF/ARM7-SDK-2011-07-20/HHFiles/lib//libARMPos.a(call_api.o)
 .vfp11_veneer  0x00000000        0x0 E:/WF/ARM7-SDK-2011-07-20/HHFiles/lib//libext.a(exlib.o)
 .vfp11_veneer  0x00000000        0x0 E:/WF/ARM7-SDK-2011-07-20/HHFiles/lib//libext.a(exlib_pinyin.o)
 .vfp11_veneer  0x00000000        0x0 E:/WF/ARM7-SDK-2011-07-20/HHFiles/lib//libcard.a(libcard.o)
 .vfp11_veneer  0x00000000        0x0 E:/WF/ARM7-SDK-2011-07-20/HHFiles/lib//libcard.a(cpucard.o)
 .vfp11_veneer  0x00000000        0x0 E:/WF/ARM7-SDK-2011-07-20/HHFiles/lib//libcontactless.a(iso14443.o)
 .vfp11_veneer  0x00000000        0x0 E:/WF/ARM7-SDK-2011-07-20/HHFiles/lib//libcontactless.a(mifare.o)
 .vfp11_veneer  0x00000000        0x0 E:/WF/ARM7-SDK-2011-07-20/HHFiles/lib//libcontactless.a(port.o)
 .vfp11_veneer  0x00000000        0x0 E:/WF/ARM7-SDK-2011-07-20/HHFiles/lib//libcontactless.a(rcxcomm.o)
 .vfp11_veneer  0x00000000        0x0 E:/WF/ARM7-SDK-2011-07-20/HHFiles/lib//libcontactless.a(rcxreg.o)
 .vfp11_veneer  0x00000000        0x0 E:/WF/ARM7-SDK-2011-07-20/HHFiles/lib//libdb.a(database.o)
 .vfp11_veneer  0x00000000        0x0 E:/WF/ARM7-SDK-2011-07-20/HHFiles/lib//libsim.a(sim.o)
 .vfp11_veneer  0x00000000        0x0 E:/WF/ARM7-SDK-2011-07-20/HHFiles/lib//libsim.a(trans.o)
 .vfp11_veneer  0x00000000        0x0 E:/WF/ARM7-SDK-2011-07-20/GNU/arm-elf/lib//libgcc.a(_udivsi3.o)
 .vfp11_veneer  0x00000000        0x0 E:/WF/ARM7-SDK-2011-07-20/GNU/arm-elf/lib//libgcc.a(_divsi3.o)
 .vfp11_veneer  0x00000000        0x0 E:/WF/ARM7-SDK-2011-07-20/GNU/arm-elf/lib//libgcc.a(_umodsi3.o)
 .vfp11_veneer  0x00000000        0x0 E:/WF/ARM7-SDK-2011-07-20/GNU/arm-elf/lib//libgcc.a(_modsi3.o)
 .vfp11_veneer  0x00000000        0x0 E:/WF/ARM7-SDK-2011-07-20/GNU/arm-elf/lib//libgcc.a(_dvmd_tls.o)
 .vfp11_veneer  0x00000000        0x0 E:/WF/ARM7-SDK-2011-07-20/GNU/arm-elf/lib//libgcc.a(_addsubdf3.o)
 .vfp11_veneer  0x00000000        0x0 E:/WF/ARM7-SDK-2011-07-20/GNU/arm-elf/lib//libgcc.a(_muldivdf3.o)
 .vfp11_veneer  0x00000000        0x0 E:/WF/ARM7-SDK-2011-07-20/GNU/arm-elf/lib//libgcc.a(_cmpdf2.o)
 .vfp11_veneer  0x00000000        0x0 E:/WF/ARM7-SDK-2011-07-20/GNU/arm-elf/lib//libgcc.a(_fixdfsi.o)
 .vfp11_veneer  0x00000000        0x0 E:/WF/ARM7-SDK-2011-07-20/GNU/arm-elf/lib//libgcc.a(_fixunsdfsi.o)
 .vfp11_veneer  0x00000000        0x0 E:/WF/ARM7-SDK-2011-07-20/GNU/arm-elf/lib//libc.a(lib_a-atoi.o)
 .vfp11_veneer  0x00000000        0x0 E:/WF/ARM7-SDK-2011-07-20/GNU/arm-elf/lib//libc.a(lib_a-atol.o)
 .vfp11_veneer  0x00000000        0x0 E:/WF/ARM7-SDK-2011-07-20/GNU/arm-elf/lib//libc.a(lib_a-bsearch.o)
 .vfp11_veneer  0x00000000        0x0 E:/WF/ARM7-SDK-2011-07-20/GNU/arm-elf/lib//libc.a(lib_a-ctype_.o)
 .vfp11_veneer  0x00000000        0x0 E:/WF/ARM7-SDK-2011-07-20/GNU/arm-elf/lib//libc.a(lib_a-memcmp.o)
 .vfp11_veneer  0x00000000        0x0 E:/WF/ARM7-SDK-2011-07-20/GNU/arm-elf/lib//libc.a(lib_a-strstr.o)
 .vfp11_veneer  0x00000000        0x0 E:/WF/ARM7-SDK-2011-07-20/GNU/arm-elf/lib//libc.a(lib_a-strtol.o)
 .vfp11_veneer  0x00000000        0x0 E:/WF/ARM7-SDK-2011-07-20/GNU/arm-elf/lib//libc.a(lib_a-strupr.o)
 .vfp11_veneer  0x00000000        0x0 E:/WF/ARM7-SDK-2011-07-20/GNU/arm-elf/lib//libm.a(lib_a-w_pow.o)
 .vfp11_veneer  0x00000000        0x0 E:/WF/ARM7-SDK-2011-07-20/GNU/arm-elf/lib//libm.a(lib_a-e_pow.o)
 .vfp11_veneer  0x00000000        0x0 E:/WF/ARM7-SDK-2011-07-20/GNU/arm-elf/lib//libm.a(lib_a-e_sqrt.o)
 .vfp11_veneer  0x00000000        0x0 E:/WF/ARM7-SDK-2011-07-20/GNU/arm-elf/lib//libm.a(lib_a-s_fabs.o)
 .vfp11_veneer  0x00000000        0x0 E:/WF/ARM7-SDK-2011-07-20/GNU/arm-elf/lib//libm.a(lib_a-s_finite.o)
 .vfp11_veneer  0x00000000        0x0 E:/WF/ARM7-SDK-2011-07-20/GNU/arm-elf/lib//libm.a(lib_a-s_lib_ver.o)
 .vfp11_veneer  0x00000000        0x0 E:/WF/ARM7-SDK-2011-07-20/GNU/arm-elf/lib//libm.a(lib_a-s_matherr.o)
 .vfp11_veneer  0x00000000        0x0 E:/WF/ARM7-SDK-2011-07-20/GNU/arm-elf/lib//libm.a(lib_a-s_rint.o)
 .vfp11_veneer  0x00000000        0x0 E:/WF/ARM7-SDK-2011-07-20/GNU/arm-elf/lib//libm.a(lib_a-s_scalbn.o)
 .vfp11_veneer  0x00000000        0x0 E:/WF/ARM7-SDK-2011-07-20/GNU/arm-elf/lib//libm.a(lib_a-s_copysign.o)
 .vfp11_veneer  0x00000000        0x0 E:/WF/ARM7-SDK-2011-07-20/GNU/arm-elf/lib//libc.a(lib_a-errno.o)

.data           0x0c082cd0    0x1696c
                0x0c082cd0                . = ALIGN (0x4)
                0x0c082cd0                _data = .
 *(.data)
 .data          0x0c082cd0        0xc E:/WF/develop_windows/SF01/Release/crt0.o
                0x0c082cd0                environ
                0x0c082cd4                stack_ptr
                0x0c082cd8                funcmain
 .data          0x0c082cdc        0x0 E:/WF/develop_windows/SF01/Release/SF.o
 .data          0x0c082cdc        0x8 E:/WF/develop_windows/SF01/Release/Card.o
                0x0c082cdc                dummy_key
 .data          0x0c082ce4        0x0 E:/WF/develop_windows/SF01/Release/DataBase.o
 .data          0x0c082ce4        0x0 E:/WF/develop_windows/SF01/Release/Common.o
 .data          0x0c082ce4        0x0 E:/WF/develop_windows/SF01/Release/Gprs.o
 .data          0x0c082ce4        0x0 E:/WF/ARM7-SDK-2011-07-20/GNU/arm-elf/lib//libc.a(lib_a-memcpy.o)
 .data          0x0c082ce4        0x0 E:/WF/ARM7-SDK-2011-07-20/GNU/arm-elf/lib//libc.a(lib_a-memset.o)
 .data          0x0c082ce4        0x0 E:/WF/ARM7-SDK-2011-07-20/GNU/arm-elf/lib//libc.a(lib_a-sprintf.o)
 .data          0x0c082ce4        0x0 E:/WF/ARM7-SDK-2011-07-20/GNU/arm-elf/lib//libc.a(lib_a-strcat.o)
 .data          0x0c082ce4        0x0 E:/WF/ARM7-SDK-2011-07-20/GNU/arm-elf/lib//libc.a(lib_a-strcmp.o)
 .data          0x0c082ce4        0x0 E:/WF/ARM7-SDK-2011-07-20/GNU/arm-elf/lib//libc.a(lib_a-strcpy.o)
 .data          0x0c082ce4        0x0 E:/WF/ARM7-SDK-2011-07-20/GNU/arm-elf/lib//libc.a(lib_a-strlen.o)
 .data          0x0c082ce4        0x0 E:/WF/ARM7-SDK-2011-07-20/GNU/arm-elf/lib//libc.a(lib_a-strncpy.o)
 .data          0x0c082ce4        0x0 E:/WF/ARM7-SDK-2011-07-20/GNU/arm-elf/lib//libc.a(lib_a-strtok.o)
 .data          0x0c082ce4        0x0 E:/WF/ARM7-SDK-2011-07-20/GNU/arm-elf/lib//libc.a(lib_a-strtok_r.o)
 .data          0x0c082ce4        0x0 E:/WF/ARM7-SDK-2011-07-20/GNU/arm-elf/lib//libc.a(lib_a-vfprintf.o)
 .data          0x0c082ce4        0x0 E:/WF/ARM7-SDK-2011-07-20/GNU/arm-elf/lib//libc.a(lib_a-wcrtomb.o)
 .data          0x0c082ce4        0x0 E:/WF/ARM7-SDK-2011-07-20/GNU/arm-elf/lib//libc.a(lib_a-wcsrtombs.o)
 .data          0x0c082ce4        0x0 E:/WF/ARM7-SDK-2011-07-20/GNU/arm-elf/lib//libc.a(lib_a-wctomb_r.o)
 .data          0x0c082ce4        0x0 E:/WF/ARM7-SDK-2011-07-20/GNU/arm-elf/lib//libc.a(lib_a-wsetup.o)
 .data          0x0c082ce4        0x0 E:/WF/ARM7-SDK-2011-07-20/GNU/arm-elf/lib//libc.a(lib_a-dtoa.o)
 .data          0x0c082ce4        0x0 E:/WF/ARM7-SDK-2011-07-20/GNU/arm-elf/lib//libc.a(lib_a-fflush.o)
 .data          0x0c082ce4        0x0 E:/WF/ARM7-SDK-2011-07-20/GNU/arm-elf/lib//libc.a(lib_a-findfp.o)
 .data          0x0c082ce4        0x0 E:/WF/ARM7-SDK-2011-07-20/GNU/arm-elf/lib//libc.a(lib_a-freer.o)
 .data          0x0c082ce4        0x0 E:/WF/ARM7-SDK-2011-07-20/GNU/arm-elf/lib//libc.a(lib_a-fvwrite.o)
 .data          0x0c082ce4        0x0 E:/WF/ARM7-SDK-2011-07-20/GNU/arm-elf/lib//libc.a(lib_a-fwalk.o)
 .data          0x0c082ce4      0x404 E:/WF/ARM7-SDK-2011-07-20/GNU/arm-elf/lib//libc.a(lib_a-impure.o)
                0x0c082ce4                _impure_ptr
 .data          0x0c0830e8       0x10 E:/WF/ARM7-SDK-2011-07-20/GNU/arm-elf/lib//libc.a(lib_a-locale.o)
                0x0c0830e8                __mb_cur_max
                0x0c0830ec                __lc_ctype
 .data          0x0c0830f8        0x0 E:/WF/ARM7-SDK-2011-07-20/GNU/arm-elf/lib//libc.a(lib_a-makebuf.o)
 .data          0x0c0830f8      0x410 E:/WF/ARM7-SDK-2011-07-20/GNU/arm-elf/lib//libc.a(lib_a-mallocr.o)
                0x0c083504                __malloc_sbrk_base
                0x0c0830f8                __malloc_av_
                0x0c083500                __malloc_trim_threshold
 .data          0x0c083508        0x0 E:/WF/ARM7-SDK-2011-07-20/GNU/arm-elf/lib//libc.a(lib_a-memchr.o)
 .data          0x0c083508        0x0 E:/WF/ARM7-SDK-2011-07-20/GNU/arm-elf/lib//libc.a(lib_a-memmove.o)
 .data          0x0c083508        0x0 E:/WF/ARM7-SDK-2011-07-20/GNU/arm-elf/lib//libc.a(lib_a-mlock.o)
 .data          0x0c083508        0x0 E:/WF/ARM7-SDK-2011-07-20/GNU/arm-elf/lib//libc.a(lib_a-mprec.o)
 .data          0x0c083508        0x0 E:/WF/ARM7-SDK-2011-07-20/GNU/arm-elf/lib//libc.a(lib_a-reallocr.o)
 .data          0x0c083508        0x0 E:/WF/ARM7-SDK-2011-07-20/GNU/arm-elf/lib//libc.a(lib_a-s_isinfd.o)
 .data          0x0c083508        0x0 E:/WF/ARM7-SDK-2011-07-20/GNU/arm-elf/lib//libc.a(lib_a-s_isnand.o)
 .data          0x0c083508        0x0 E:/WF/ARM7-SDK-2011-07-20/GNU/arm-elf/lib//libc.a(lib_a-stdio.o)
 .data          0x0c083508        0x0 E:/WF/ARM7-SDK-2011-07-20/GNU/arm-elf/lib//libc.a(lib_a-callocr.o)
 .data          0x0c083508        0x0 E:/WF/ARM7-SDK-2011-07-20/GNU/arm-elf/lib//libc.a(lib_a-fclose.o)
 .data          0x0c083508        0x0 E:/WF/ARM7-SDK-2011-07-20/HHFiles/lib//libARMPos.a(libARMPos.o)
 .data          0x0c083508        0x0 E:/WF/ARM7-SDK-2011-07-20/HHFiles/lib//libARMPos.a(call_api.o)
 .data          0x0c083508        0x0 E:/WF/ARM7-SDK-2011-07-20/HHFiles/lib//libext.a(exlib.o)
 .data          0x0c083508     0x5ce8 E:/WF/ARM7-SDK-2011-07-20/HHFiles/lib//libext.a(exlib_pinyin.o)
                0x0c086fe8                PY_mb_tu
                0x0c085278                PY_mb_ka
                0x0c083d88                PY_mb_chui
                0x0c086800                PY_mb_san
                0x0c084a9c                PY_mb_hou
                0x0c0839e4                PY_mb_cao
                0x0c084138                PY_mb_die
                0x0c0873b8                PY_mb_xia
                0x0c088480                PY_mb_zuo
                0x0c086f8c                PY_mb_tong
                0x0c085600                PY_mb_leng
                0x0c0847d8                PY_mb_gua
                0x0c087ec4                PY_mb_zei
                0x0c083d70                PY_mb_chuang
                0x0c083a00                PY_mb_ce
                0x0c086824                PY_mb_sao
                0x0c08804c                PY_mb_zhen
                0x0c087f38                PY_mb_zhai
                0x0c086280                PY_mb_pu
                0x0c087d30                PY_mb_yuan
                0x0c086c4c                PY_mb_song
                0x0c084a44                PY_mb_hei
                0x0c083f00                PY_mb_da
                0x0c085a68                PY_mb_mang
                0x0c088924                PY_index_k
                0x0c085f08                PY_mb_nuo
                0x0c084dd4                PY_mb_jia
                0x0c085de8                PY_mb_ng
                0x0c084374                PY_mb_fa
                0x0c0881ac                PY_mb_zhong
                0x0c088418                PY_mb_zu
                0x0c0870d4                PY_mb_wai
                0x0c085e98                PY_mb_ning
                0x0c088c7c                PY_index_q
                0x0c08798c                PY_mb_yen
                0x0c087634                PY_mb_xiu
                0x0c087024                PY_mb_tui
                0x0c0850cc                PY_mb_jiong
                0x0c086398                PY_mb_qia
                0x0c088230                PY_mb_zhu
                0x0c088400                PY_mb_zou
                0x0c086f50                PY_mb_tie
                0x0c083b1c                PY_mb_chao
                0x0c085a3c                PY_mb_man
                0x0c085718                PY_mb_liang
                0x0c084e3c                PY_mb_jian
                0x0c088bdc                PY_index_o
                0x0c084018                PY_mb_de
                0x0c085464                PY_mb_kui
                0x0c084f8c                PY_mb_jie
                0x0c086670                PY_mb_que
                0x0c0845d8                PY_mb_gan
                0x0c085524                PY_mb_lan
                0x0c085014                PY_mb_jin
                0x0c085d2c                PY_mb_na
                0x0c0853d0                PY_mb_ku
                0x0c086e98                PY_mb_ti
                0x0c0841fc                PY_mb_du
                0x0c08588c                PY_mb_lou
                0x0c08591c                PY_mb_luan
                0x0c0875c0                PY_mb_xin
                0x0c084854                PY_mb_gui
                0x0c086cd8                PY_mb_sui
                0x0c0880e4                PY_mb_zhi
                0x0c088458                PY_mb_zui
                0x0c0883e8                PY_mb_zong
                0x0c0867fc                PY_mb_sal
                0x0c087d88                PY_mb_yue
                0x0c0840bc                PY_mb_dian
                0x0c0847f8                PY_mb_guai
                0x0c083844                PY_mb_biao
                0x0c083dbc                PY_mb_chuo
                0x0c086f20                PY_mb_tiao
                0x0c083508                PY_mb_a
                0x0c084480                PY_mb_feng
                0x0c086210                PY_mb_ping
                0x0c088814                PY_index_h
                0x0c0859f0                PY_mb_ma
                0x0c0845b0                PY_mb_gai
                0x0c083ce8                PY_mb_chu
                0x0c0870b0                PY_mb_uu
                0x0c085e48                PY_mb_niang
                0x0c0854d0                PY_mb_kuo
                0x0c0862c8                PY_mb_q
                0x0c0855cc                PY_mb_lei
                0x0c0852b4                PY_mb_kan
                0x0c0861bc                PY_mb_piao
                0x0c084344                PY_mb_ei
                0x0c088f6c                PY_index_x
                0x0c0844c0                PY_mb_fou
                0x0c085f28                PY_mb_nv
                0x0c087ee8                PY_mb_zha
                0x0c08419c                PY_mb_diu
                0x0c085a84                PY_mb_mao
                0x0c083d38                PY_mb_chua
                0x0c087f60                PY_mb_zhan
                0x0c087e3c                PY_mb_zan
                0x0c0867d4                PY_mb_sa
                0x0c087660                PY_mb_xu
                0x0c0862cc                PY_mb_qi
                0x0c087ad0                PY_mb_yin
                0x0c088a84                PY_index_m
                0x0c0861f0                PY_mb_pin
                0x0c08603c                PY_mb_pei
                0x0c085de4                PY_mb_neus
                0x0c084f18                PY_mb_jiao
                0x0c087154                PY_mb_wei
                0x0c084a74                PY_mb_hong
                0x0c085818                PY_mb_liu
                0x0c08712c                PY_mb_wang
                0x0c084904                PY_mb_ha
                0x0c088304                PY_mb_zhui
                0x0c086468                PY_mb_qiao
                0x0c085f90                PY_mb_pai
                0x0c0841a4                PY_mb_dong
                0x0c08560c                PY_mb_li
                0x0c08429c                PY_mb_duo
                0x0c085fac                PY_mb_pan
                0x0c0884b4                PY_index_a
                0x0c087b30                PY_mb_ying
                0x0c085860                PY_mb_long
                0x0c08476c                PY_mb_gu
                0x0c086bc8                PY_mb_shuo
                0x0c084a4c                PY_mb_hen
                0x0c085b60                PY_mb_mi
                0x0c08536c                PY_mb_kei
                0x0c0870b4                PY_mb_wa
                0x0c0858b0                PY_mb_lu
                0x0c0840fc                PY_mb_diao
                0x0c085e50                PY_mb_niao
                0x0c087268                PY_mb_wu
                0x0c087238                PY_mb_wo
                0x0c0856cc                PY_mb_lian
                0x0c0854e8                PY_mb_la
                0x0c084354                PY_mb_er
                0x0c0844b8                PY_mb_fiao
                0x0c0867bc                PY_mb_run
                0x0c086908                PY_mb_shang
                0x0c083fdc                PY_mb_dao
                0x0c0851bc                PY_mb_juan
                0x0c087e98                PY_mb_ze
                0x0c085584                PY_mb_lao
                0x0c087990                PY_mb_yi
                0x0c084b64                PY_mb_huai
                0x0c086998                PY_mb_shen
                0x0c085dd4                PY_mb_nen
                0x0c08463c                PY_mb_gao
                0x0c084cc0                PY_mb_ji
                0x0c086928                PY_mb_shao
                0x0c083668                PY_mb_bang
                0x0c088f24                PY_index_w
                0x0c083a30                PY_mb_cha
                0x0c086bec                PY_mb_si
                0x0c083e64                PY_mb_cu
                0x0c086168                PY_mb_pianpang
                0x0c085940                PY_mb_lun
                0x0c087e0c                PY_mb_za
                0x0c087544                PY_mb_xie
                0x0c0882c0                PY_mb_zhuai
                0x0c086d08                PY_mb_sun
                0x0c0852dc                PY_mb_kang
                0x0c08360c                PY_mb_bai
                0x0c0866b4                PY_mb_rang
                0x0c086d54                PY_mb_ta
                0x0c083a70                PY_mb_chai
                0x0c084934                PY_mb_han
                0x0c08855c                PY_index_c
                0x0c086a0c                PY_mb_shi
                0x0c087790                PY_mb_ya
                0x0c086070                PY_mb_pen
                0x0c087064                PY_mb_tuo
                0x0c0880a4                PY_mb_zheng
                0x0c084594                PY_mb_ga
                0x0c086268                PY_mb_pou
                0x0c084b34                PY_mb_hua
                0x0c083a14                PY_mb_cen
                0x0c0888b4                PY_index_j
                0x0c088444                PY_mb_zuan
                0x0c083738                PY_mb_beng
                0x0c088470                PY_mb_zun
                0x0c0882e4                PY_mb_zhuang
                0x0c085df0                PY_mb_ni
                0x0c083adc                PY_mb_chang
                0x0c085798                PY_mb_lin
                0x0c088b1c                PY_index_n
                0x0c08877c                PY_index_g
                0x0c085f40                PY_mb_o
                0x0c086ae4                PY_mb_shu
                0x0c0859ec                PY_mb_m
                0x0c0852fc                PY_mb_kao
                0x0c083594                PY_mb_ao
                0x0c088004                PY_mb_zhe
                0x0c083bb0                PY_mb_cheng
                0x0c087714                PY_mb_xue
                0x0c087dc4                PY_mb_yun
                0x0c085c68                PY_mb_mo
                0x0c087738                PY_mb_xun
                0x0c086724                PY_mb_ri
                0x0c083960                PY_mb_bu
                0x0c08585c                PY_mb_lo
                0x0c087f9c                PY_mb_zhang
                0x0c08539c                PY_mb_keop
                0x0c083720                PY_mb_ben
                0x0c086794                PY_mb_ruan
                0x0c0874d8                PY_mb_xiao
                0x0c085f38                PY_mb_nve
                0x0c084274                PY_mb_dun
                0x0c083a2c                PY_mb_ceok
                0x0c086b94                PY_mb_shuang
                0x0c085e24                PY_mb_nian
                0x0c088714                PY_index_e
                0x0c086b84                PY_mb_shuan
                0x0c088e74                PY_index_t
                0x0c087490                PY_mb_xiang
                0x0c086d88                PY_mb_tai
                0x0c0855fc                PY_mb_len
                0x0c08653c                PY_mb_qing
                0x0c086728                PY_mb_rong
                0x0c085064                PY_mb_jing
                0x0c085e90                PY_mb_nin
                0x0c085dc8                PY_mb_nei
                0x0c087620                PY_mb_xiong
                0x0c084440                PY_mb_fen