Archive member included because of file (symbol)

E:/WF/ARM7-SDK-2011-07-20/GNU/arm-elf/lib//libc.a(lib_a-memcpy.o)
                              E:/WF/develop_windows/sffhandpos/Release/SF.o (memcpy)
E:/WF/ARM7-SDK-2011-07-20/GNU/arm-elf/lib//libc.a(lib_a-memset.o)
                              E:/WF/develop_windows/sffhandpos/Release/SF.o (memset)
E:/WF/ARM7-SDK-2011-07-20/GNU/arm-elf/lib//libc.a(lib_a-sprintf.o)
                              E:/WF/develop_windows/sffhandpos/Release/DataBase.o (sprintf)
E:/WF/ARM7-SDK-2011-07-20/GNU/arm-elf/lib//libc.a(lib_a-strcat.o)
                              E:/WF/develop_windows/sffhandpos/Release/DataBase.o (strcat)
E:/WF/ARM7-SDK-2011-07-20/GNU/arm-elf/lib//libc.a(lib_a-strcmp.o)
                              E:/WF/develop_windows/sffhandpos/Release/DataBase.o (strcmp)
E:/WF/ARM7-SDK-2011-07-20/GNU/arm-elf/lib//libc.a(lib_a-strcpy.o)
                              E:/WF/develop_windows/sffhandpos/Release/SF.o (strcpy)
E:/WF/ARM7-SDK-2011-07-20/GNU/arm-elf/lib//libc.a(lib_a-strlen.o)
                              E:/WF/develop_windows/sffhandpos/Release/SF.o (strlen)
E:/WF/ARM7-SDK-2011-07-20/GNU/arm-elf/lib//libc.a(lib_a-strncpy.o)
                              E:/WF/develop_windows/sffhandpos/Release/DataBase.o (strncpy)
E:/WF/ARM7-SDK-2011-07-20/GNU/arm-elf/lib//libc.a(lib_a-strtok.o)
                              E:/WF/develop_windows/sffhandpos/Release/DataBase.o (strtok)
E:/WF/ARM7-SDK-2011-07-20/GNU/arm-elf/lib//libc.a(lib_a-strtok_r.o)
                              E:/WF/ARM7-SDK-2011-07-20/GNU/arm-elf/lib//libc.a(lib_a-strtok.o) (__strtok_r)
E:/WF/ARM7-SDK-2011-07-20/GNU/arm-elf/lib//libc.a(lib_a-vfprintf.o)
                              E:/WF/ARM7-SDK-2011-07-20/GNU/arm-elf/lib//libc.a(lib_a-sprintf.o) (_vfprintf_r)
E:/WF/ARM7-SDK-2011-07-20/GNU/arm-elf/lib//libc.a(lib_a-wcrtomb.o)
                              E:/WF/ARM7-SDK-2011-07-20/GNU/arm-elf/lib//libc.a(lib_a-vfprintf.o) (_wcrtomb_r)
E:/WF/ARM7-SDK-2011-07-20/GNU/arm-elf/lib//libc.a(lib_a-wcsrtombs.o)
                              E:/WF/ARM7-SDK-2011-07-20/GNU/arm-elf/lib//libc.a(lib_a-vfprintf.o) (_wcsrtombs_r)
E:/WF/ARM7-SDK-2011-07-20/GNU/arm-elf/lib//libc.a(lib_a-wctomb_r.o)
                              E:/WF/ARM7-SDK-2011-07-20/GNU/arm-elf/lib//libc.a(lib_a-wcrtomb.o) (_wctomb_r)
E:/WF/ARM7-SDK-2011-07-20/GNU/arm-elf/lib//libc.a(lib_a-wsetup.o)
                              E:/WF/ARM7-SDK-2011-07-20/GNU/arm-elf/lib//libc.a(lib_a-vfprintf.o) (__swsetup)
E:/WF/ARM7-SDK-2011-07-20/GNU/arm-elf/lib//libc.a(lib_a-dtoa.o)
                              E:/WF/ARM7-SDK-2011-07-20/GNU/arm-elf/lib//libc.a(lib_a-vfprintf.o) (_dtoa_r)
E:/WF/ARM7-SDK-2011-07-20/GNU/arm-elf/lib//libc.a(lib_a-fflush.o)
                              E:/WF/ARM7-SDK-2011-07-20/GNU/arm-elf/lib//libc.a(lib_a-vfprintf.o) (fflush)
E:/WF/ARM7-SDK-2011-07-20/GNU/arm-elf/lib//libc.a(lib_a-findfp.o)
                              E:/WF/ARM7-SDK-2011-07-20/GNU/arm-elf/lib//libc.a(lib_a-vfprintf.o) (__sinit)
E:/WF/ARM7-SDK-2011-07-20/GNU/arm-elf/lib//libc.a(lib_a-freer.o)
                              E:/WF/ARM7-SDK-2011-07-20/GNU/arm-elf/lib//libc.a(lib_a-vfprintf.o) (_free_r)
E:/WF/ARM7-SDK-2011-07-20/GNU/arm-elf/lib//libc.a(lib_a-fvwrite.o)
                              E:/WF/ARM7-SDK-2011-07-20/GNU/arm-elf/lib//libc.a(lib_a-vfprintf.o) (__sfvwrite_r)
E:/WF/ARM7-SDK-2011-07-20/GNU/arm-elf/lib//libc.a(lib_a-fwalk.o)
                              E:/WF/ARM7-SDK-2011-07-20/GNU/arm-elf/lib//libc.a(lib_a-fflush.o) (_fwalk)
E:/WF/ARM7-SDK-2011-07-20/GNU/arm-elf/lib//libc.a(lib_a-impure.o)
                              E:/WF/ARM7-SDK-2011-07-20/GNU/arm-elf/lib//libc.a(lib_a-sprintf.o) (_impure_ptr)
E:/WF/ARM7-SDK-2011-07-20/GNU/arm-elf/lib//libc.a(lib_a-locale.o)
                              E:/WF/ARM7-SDK-2011-07-20/GNU/arm-elf/lib//libc.a(lib_a-vfprintf.o) (localeconv)
E:/WF/ARM7-SDK-2011-07-20/GNU/arm-elf/lib//libc.a(lib_a-makebuf.o)
                              E:/WF/ARM7-SDK-2011-07-20/GNU/arm-elf/lib//libc.a(lib_a-wsetup.o) (__smakebuf)
E:/WF/ARM7-SDK-2011-07-20/GNU/arm-elf/lib//libc.a(lib_a-mallocr.o)
                              E:/WF/ARM7-SDK-2011-07-20/GNU/arm-elf/lib//libc.a(lib_a-vfprintf.o) (_malloc_r)
E:/WF/ARM7-SDK-2011-07-20/GNU/arm-elf/lib//libc.a(lib_a-memchr.o)
                              E:/WF/ARM7-SDK-2011-07-20/GNU/arm-elf/lib//libc.a(lib_a-vfprintf.o) (memchr)
E:/WF/ARM7-SDK-2011-07-20/GNU/arm-elf/lib//libc.a(lib_a-memmove.o)
                              E:/WF/ARM7-SDK-2011-07-20/GNU/arm-elf/lib//libc.a(lib_a-fvwrite.o) (memmove)
E:/WF/ARM7-SDK-2011-07-20/GNU/arm-elf/lib//libc.a(lib_a-mlock.o)
                              E:/WF/ARM7-SDK-2011-07-20/GNU/arm-elf/lib//libc.a(lib_a-freer.o) (__malloc_lock)
E:/WF/ARM7-SDK-2011-07-20/GNU/arm-elf/lib//libc.a(lib_a-mprec.o)
                              E:/WF/ARM7-SDK-2011-07-20/GNU/arm-elf/lib//libc.a(lib_a-dtoa.o) (_Bfree)
[...]
Memory Configuration

Name             Origin             Length             Attributes
ram              0x0c060000         0x007a0000
*default*        0x00000000         0xffffffff

Linker script and memory map

LOAD E:/WF/develop_windows/sffhandpos/Release/crt0.o
LOAD E:/WF/develop_windows/sffhandpos/Release/SF.o
LOAD E:/WF/develop_windows/sffhandpos/Release/Card.o
LOAD E:/WF/develop_windows/sffhandpos/Release/DataBase.o
LOAD E:/WF/develop_windows/sffhandpos/Release/Common.o
LOAD E:/WF/develop_windows/sffhandpos/Release/Gprs.o
START GROUP
LOAD E:/WF/ARM7-SDK-2011-07-20/GNU/arm-elf/lib//libgcc.a
LOAD E:/WF/ARM7-SDK-2011-07-20/GNU/arm-elf/lib//libc.a
LOAD E:/WF/ARM7-SDK-2011-07-20/GNU/arm-elf/lib//libg.a
LOAD E:/WF/ARM7-SDK-2011-07-20/GNU/arm-elf/lib//libm.a
LOAD E:/WF/ARM7-SDK-2011-07-20/HHFiles/lib//libARMPos.a
LOAD E:/WF/ARM7-SDK-2011-07-20/HHFiles/lib//libext.a
LOAD E:/WF/ARM7-SDK-2011-07-20/HHFiles/lib//libcard.a
LOAD E:/WF/ARM7-SDK-2011-07-20/HHFiles/lib//libcontactless.a
LOAD E:/WF/ARM7-SDK-2011-07-20/HHFiles/lib//libmagcard.a
LOAD E:/WF/ARM7-SDK-2011-07-20/HHFiles/lib//libsound.a
LOAD E:/WF/ARM7-SDK-2011-07-20/HHFiles/lib//libdb.a
LOAD E:/WF/ARM7-SDK-2011-07-20/HHFiles/lib//libfinger.a
LOAD E:/WF/ARM7-SDK-2011-07-20/HHFiles/lib//libjpg.a
LOAD E:/WF/ARM7-SDK-2011-07-20/HHFiles/lib//libsim.a
LOAD E:/WF/ARM7-SDK-2011-07-20/HHFiles/lib//libusb.a
LOAD E:/WF/ARM7-SDK-2011-07-20/HHFiles/lib//libupdown.a
LOAD E:/WF/ARM7-SDK-2011-07-20/HHFiles/lib//libprinter.a
LOAD E:/WF/ARM7-SDK-2011-07-20/HHFiles/lib//libtcpip.a
LOAD E:/WF/ARM7-SDK-2011-07-20/HHFiles/lib//librf433.a
END GROUP

.text           0x0c060000    0x22994
                0x0c060000                _stext = .
 *(.text)
 .text          0x0c060000      0x324 E:/WF/develop_windows/sffhandpos/Release/crt0.o
                0x0c060168                _lseek_r
                0x0c060254                _stat_r
                0x0c0602dc                GetBaseOfRO
                0x0c060264                times
                0x0c0600e8                _fstat_r
                0x0c060090                execve
                0x0c060108                getpid
                0x0c0600c0                _fork_r
                0x0c060188                _open64_r
                0x0c060110                isatty
                0x0c0601f4                _sbrk_r
                0x0c060198                _read_r
                0x0c06030c                GetBaseOfZI
                0x0c060300                GetEndOfRW
                0x0c060160                lseek
                0x0c0602e8                GetEndOfRO
                0x0c060318                GetEndOfZI
                0x0c060284                _unlink_r
                0x0c0602cc                write
                0x0c0600d8                fstat
                0x0c060118                kill
                0x0c06029c                wait
                0x0c060000                _start
                0x0c060190                read
                0x0c060180                _open_r
                0x0c0602f4                GetBaseOfRW
                0x0c06026c                unlink
                0x0c060088                _close_r
                0x0c0602b4                _wait_r
                0x0c0600a8                fork
                0x0c0601a0                sbrk
                0x0c060148                _link_r
                0x0c0602d4                _write_r
                0x0c060170                _lseek64_r
                0x0c060244                stat
                0x0c060130                link
                0x0c0600f8                _fstat64_r
                0x0c060178                open
                0x0c060080                close
 .text          0x0c060324      0xe54 E:/WF/develop_windows/sffhandpos/Release/SF.o
                0x0c06074c                OpenGPRS
                0x0c061018                MainMenu
                0x0c060e44                SubmitData
                0x0c06079c                Query
                0x0c06043c                Alert
                0x0c06115c                main
                0x0c060360                GetInfo
                0x0c060b2c                InitSystem
                0x0c060604                SysSetMenu
                0x0c060bb8                browse_info
                0x0c0604dc                FormatDatabase
                0x0c060324                PackUpMenuData
                0x0c060dc0                Display
 .text          0x0c061178      0x7d4 E:/WF/develop_windows/sffhandpos/Release/Card.o
                0x0c0618fc                LoginByCard
                0x0c0618ac                LoginToSubmit
                0x0c061300                ultralight_local_read_card
                0x0c0612a4                ultralight_read_card
                0x0c0612a0                ultralight_close
                0x0c061178                ultralight_find_card
                0x0c061574                ReadNameAndPassword
                0x0c0612d8                ultralight_init
 .text          0x0c06194c      0xb24 E:/WF/develop_windows/sffhandpos/Release/DataBase.o
                0x0c0622c4                AddOneRecord
                0x0c06227c                FindDatabase
                0x0c061d70                HandleRecvData
                0x0c06194c                UpdateDatabase
                0x0c061fc8                EncodeSendData
                0x0c061f80                CheckDB
                0x0c062374                CreateDatabase
 .text          0x0c062470      0x668 E:/WF/develop_windows/sffhandpos/Release/Common.o
                0x0c0629bc                GetSysTime
                0x0c062a14                WarningBeep
                0x0c06270c                Modify_Date
                0x0c062530                Modify_Time
                0x0c062470                input_date_time
 .text          0x0c062ad8      0x394 E:/WF/develop_windows/sffhandpos/Release/Gprs.o
                0x0c062c8c                sim300_close
                0x0c062d04                sim300_init
                0x0c062cb8                DisConnectServer
                0x0c062ad8                GetRecvData
                0x0c062b4c                SendData
                0x0c062b9c                ConnectServer
 .text          0x0c062e6c       0xa8 E:/WF/ARM7-SDK-2011-07-20/GNU/arm-elf/lib//libc.a(lib_a-memcpy.o)
                0x0c062e6c                memcpy
 .text          0x0c062f14       0x98 E:/WF/ARM7-SDK-2011-07-20/GNU/arm-elf/lib//libc.a(lib_a-memset.o)
                0x0c062f14                memset
 .text          0x0c062fac       0xdc E:/WF/ARM7-SDK-2011-07-20/GNU/arm-elf/lib//libc.a(lib_a-sprintf.o)
                0x0c063020                _sprintf_r
                0x0c062fac                sprintf
 .text          0x0c063088       0xa4 E:/WF/ARM7-SDK-2011-07-20/GNU/arm-elf/lib//libc.a(lib_a-strcat.o)
                0x0c063088                strcat
 .text          0x0c06312c       0xe8 E:/WF/ARM7-SDK-2011-07-20/GNU/arm-elf/lib//libc.a(lib_a-strcmp.o)
                0x0c06312c                strcmp
 .text          0x0c063214       0x9c E:/WF/ARM7-SDK-2011-07-20/GNU/arm-elf/lib//libc.a(lib_a-strcpy.o)
                0x0c063214                strcpy
 .text          0x0c0632b0       0x68 E:/WF/ARM7-SDK-2011-07-20/GNU/arm-elf/lib//libc.a(lib_a-strlen.o)
                0x0c0632b0                strlen
 .text          0x0c063318      0x104 E:/WF/ARM7-SDK-2011-07-20/GNU/arm-elf/lib//libc.a(lib_a-strncpy.o)
                0x0c063318                strncpy
 .text          0x0c06341c       0x18 E:/WF/ARM7-SDK-2011-07-20/GNU/arm-elf/lib//libc.a(lib_a-strtok.o)
                0x0c06341c                strtok
 .text          0x0c063434       0xc4 E:/WF/ARM7-SDK-2011-07-20/GNU/arm-elf/lib//libc.a(lib_a-strtok_r.o)
                0x0c0634f0                strtok_r
                0x0c063434                __strtok_r
 .text          0x0c0634f8     0x2080 E:/WF/ARM7-SDK-2011-07-20/GNU/arm-elf/lib//libc.a(lib_a-vfprintf.o)
                0x0c063528                _vfprintf_r
                0x0c06554c                vfprintf
 .text          0x0c065578       0x74 E:/WF/ARM7-SDK-2011-07-20/GNU/arm-elf/lib//libc.a(lib_a-wcrtomb.o)
                0x0c065578                _wcrtomb_r
                0x0c0655c0                wcrtomb
 .text          0x0c0655ec      0x180 E:/WF/ARM7-SDK-2011-07-20/GNU/arm-elf/lib//libc.a(lib_a-wcsrtombs.o)
                0x0c0655ec                _wcsrtombs_r
                0x0c06572c                wcsrtombs
 .text          0x0c06576c      0x420 E:/WF/ARM7-SDK-2011-07-20/GNU/arm-elf/lib//libc.a(lib_a-wctomb_r.o)
                0x0c06576c                _wctomb_r
 .text          0x0c065b8c      0x110 E:/WF/ARM7-SDK-2011-07-20/GNU/arm-elf/lib//libc.a(lib_a-wsetup.o)
                0x0c065b8c                __swsetup
 .text          0x0c065c9c     0x16f4 E:/WF/ARM7-SDK-2011-07-20/GNU/arm-elf/lib//libc.a(lib_a-dtoa.o)
                0x0c065ec4                _dtoa_r
 .text          0x0c067390      0x1ac E:/WF/ARM7-SDK-2011-07-20/GNU/arm-elf/lib//libc.a(lib_a-fflush.o)
                0x0c067390                fflush
 .text          0x0c06753c      0x26c E:/WF/ARM7-SDK-2011-07-20/GNU/arm-elf/lib//libc.a(lib_a-findfp.o)
                0x0c0675a8                __sinit
                0x0c067680                __sfmoreglue
                0x0c067670                _cleanup
                0x0c067664                _cleanup_r
                0x0c06764c                __fp_lock_all
                0x0c067598                __sfp_lock_acquire
                0x0c0676d0                __sfp
                0x0c0675a4                __sinit_lock_release
                0x0c067634                __fp_unlock_all
                0x0c06759c                __sfp_lock_release
                0x0c0675a0                __sinit_lock_acquire
 .text          0x0c0677a8      0x3a4 E:/WF/ARM7-SDK-2011-07-20/GNU/arm-elf/lib//libc.a(lib_a-freer.o)
                0x0c0678a0                _free_r
                0x0c0677a8                _malloc_trim_r
 .text          0x0c067b4c      0x44c E:/WF/ARM7-SDK-2011-07-20/GNU/arm-elf/lib//libc.a(lib_a-fvwrite.o)
                0x0c067b4c                __sfvwrite_r
 .text          0x0c067f98      0x10c E:/WF/ARM7-SDK-2011-07-20/GNU/arm-elf/lib//libc.a(lib_a-fwalk.o)
                0x0c068020                _fwalk
                0x0c067f98                _fwalk_reent
 .text          0x0c0680a4        0x0 E:/WF/ARM7-SDK-2011-07-20/GNU/arm-elf/lib//libc.a(lib_a-impure.o)
 .text          0x0c0680a4       0xa8 E:/WF/ARM7-SDK-2011-07-20/GNU/arm-elf/lib//libc.a(lib_a-locale.o)
                0x0c0680d0                _setlocale_r
                0x0c0680a4                __locale_charset
                0x0c0680b4                _localeconv_r
                0x0c068130                setlocale
                0x0c0680c0                localeconv
 .text          0x0c06814c      0x178 E:/WF/ARM7-SDK-2011-07-20/GNU/arm-elf/lib//libc.a(lib_a-makebuf.o)
                0x0c06814c                __smakebuf
 .text          0x0c0682c4      0x798 E:/WF/ARM7-SDK-2011-07-20/GNU/arm-elf/lib//libc.a(lib_a-mallocr.o)
                0x0c0682c4                _malloc_r
 .text          0x0c068a5c      0x10c E:/WF/ARM7-SDK-2011-07-20/GNU/arm-elf/lib//libc.a(lib_a-memchr.o)
                0x0c068a5c                memchr
 .text          0x0c068b68       0xf4 E:/WF/ARM7-SDK-2011-07-20/GNU/arm-elf/lib//libc.a(lib_a-memmove.o)
                0x0c068b68                memmove
 .text          0x0c068c5c        0x8 E:/WF/ARM7-SDK-2011-07-20/GNU/arm-elf/lib//libc.a(lib_a-mlock.o)
                0x0c068c60                __malloc_unlock
                0x0c068c5c                __malloc_lock
 .text          0x0c068c64      0xcf4 E:/WF/ARM7-SDK-2011-07-20/GNU/arm-elf/lib//libc.a(lib_a-mprec.o)
                0x0c068f6c                _mprec_log10
                0x0c069018                __any_on
                0x0c0690b4                _Balloc
                0x0c068eec                __ratio
                0x0c069690                __i2b
                0x0c068e2c                __b2d
                0x0c069878                __s2b
                0x0c068d6c                __mcmp
                0x0c068c80                __hi0bits
                0x0c069784                __pow5mult
                0x0c0693b4                __lshift
                0x0c0694bc                __multiply
                0x0c069144                __d2b
                0x0c068fbc                __copybits
                0x0c068dcc                __ulp
                0x0c069270                __mdiff
                0x0c068cd8                __lo0bits
                0x0c0696b0                __multadd
                0x0c068c64                _Bfree
 .text          0x0c069958      0x500 E:/WF/ARM7-SDK-2011-07-20/GNU/arm-elf/lib//libc.a(lib_a-reallocr.o)
                0x0c069958                _realloc_r
 .text          0x0c069e58       0x3c E:/WF/ARM7-SDK-2011-07-20/GNU/arm-elf/lib//libc.a(lib_a-s_isinfd.o)
                0x0c069e58                __isinfd
 .text          0x0c069e94       0x30 E:/WF/ARM7-SDK-2011-07-20/GNU/arm-elf/lib//libc.a(lib_a-s_isnand.o)
                0x0c069e94                __isnand
 .text          0x0c069ec4      0x100 E:/WF/ARM7-SDK-2011-07-20/GNU/arm-elf/lib//libc.a(lib_a-stdio.o)
                0x0c069ed8                __sseek
                0x0c069f80                __sread
                0x0c069ec4                __sclose
                0x0c069f20                __swrite
 .text          0x0c069fc4       0xa0 E:/WF/ARM7-SDK-2011-07-20/GNU/arm-elf/lib//libc.a(lib_a-callocr.o)
                0x0c069fc4                _calloc_r
 .text          0x0c06a064      0x10c E:/WF/ARM7-SDK-2011-07-20/GNU/arm-elf/lib//libc.a(lib_a-fclose.o)
                0x0c06a064                _fclose_r
                0x0c06a15c                fclose
 .text          0x0c06a170       0xa0 E:/WF/ARM7-SDK-2011-07-20/HHFiles/lib//libARMPos.a(libARMPos.o)
                0x0c06a1cc                Sys_Delay_MS
                0x0c06a1bc                Sys_Delay_US
                0x0c06a194                Sys_Delay_NS
                0x0c06a170                SYS_Restart_Code
                0x0c06a1f8                Sys_Delay_Sec
 .text          0x0c06a210     0x14a0 E:/WF/ARM7-SDK-2011-07-20/HHFiles/lib//libARMPos.a(call_api.o)
                0x0c06a7f8                UART_Modem_Ctrl
                0x0c06a720                UART_Stat
                0x0c06a378                KEY_Beep_Mask_Read
                0x0c06a558                Disp_Get_Pixel
                0x0c06a930                RTC_Alarm_Control
                0x0c06a480                Disp_Init
                0x0c06a798                UART2_Flush_FIFO
                0x0c06b020                Sys_Get_SDRAM_Size
                0x0c06a4e0                Disp_Goto_XY
                0x0c06aa98                EEPROM_Write_Byte
                0x0c06b158                SYS_NO_OP35
                0x0c06aed0                Disp_Get_Color_Setting
                0x0c06a270                Sys_Int_Disable
                0x0c06a468                Disp_Get_Select_Color
                0x0c06ad50                Sys_Init_EXINT
                0x0c06adb0                Nand_Correct_Data
                0x0c06af48                SYS_NO_OP16
                0x0c06a828                Sys_Timer_Read
                0x0c06a3d8                Is_EL_On
                0x0c06a660                Disp_Get_Contrast
                0x0c06a978                SIO_Exchange
                0x0c06a960                SIO_Init
                0x0c06ab70                Nand_Is_Bad_Block
                0x0c06a948                RTC_Alarm_Status
                0x0c06a870                RTC_Set_Date
                0x0c06aa50                I2C_ACK_Control
                0x0c06b068                Disp_Put_Bmp_New
                0x0c06a4c8                Disp_Set_Font_Attrib
                0x0c06acc0                Sys_BC_Init
                0x0c06afd8                KEY_Set_CallBack
                0x0c06b050                EEPROM_Set_Type
                0x0c06ae40                SYS_AUX_Sock_Select
                0x0c06aea0                Sys_AUX_IO_Control
                0x0c06acd8                Sys_BC_Laser_Enable
                0x0c06a6a8                UART_Init
                0x0c06a708                UART_Flush_FIFO
                0x0c06aae0                Sys_Delay_Sec1
                0x0c06a6f0                UART_Send_Str
                0x0c06a210                Sys_Power_Sleep
                0x0c06a540                Disp_Clr_Win
                0x0c06af18                User_Timer_End
                0x0c06ac00                SYS_Read_Vol_ADC
                0x0c06aaf8                Flash_Get_Size
                0x0c06a348                KEY_EL_Mask_Set
                0x0c06a300                KEY_Read_Up
                0x0c06afc0                User_Param_Read
                0x0c06ad68                Sys_EXINT_Output
                0x0c06afa8                User_Param_Write
                0x0c06aca8                Sys_Motor_Enable
                0x0c06af60                SYS_NO_OP17
                0x0c06aff0                Sys_Network_Power_Control
                0x0c06aeb8                Sys_Card_INT_Control
                0x0c06ad98                Nand_Calculate_ECC
                0x0c06a780                UART2_Send_Str
                0x0c06a6c0                UART_Rev_Char
                0x0c06a690                Disp_Dec_Contrast
                0x0c06b098                EEPROM_Read_Con
                0x0c06a810                Sys_Timer_Start
                0x0c06a408                EL_Get_Timeout
                0x0c06ae88                Sys_Gprs_Power_Control
                0x0c06a738                UART2_Init
                0x0c06b140                SYS_NO_OP34
                0x0c06a390                KEY_EL_Mask_Read
                0x0c06ae28                SYS_LED_Control
                0x0c06a498                Disp_Write_Char
                0x0c06ac30                SYS_Read_Current
                0x0c06a5d0                Disp_Put_Bmp_Raw
                0x0c06aa38                I2C_Send_Char
                0x0c06ab28                FLASH_Erase_One_Block
                0x0c06a9c0                I2C_Init
                0x0c06a570                Disp_Put_Pixel
                0x0c06a858                WatchDog_Set
                0x0c06a240                Sys_Auto_Poweroff_Read
                0x0c06adc8                Disp_Write_16x16_Chr
                0x0c06a6d8                UART_Send_Char
                0x0c06aa20                I2C_Recv_Char
                0x0c06ae58                Sys_Get_POS_Type
                0x0c06ac60                Sys_Read_RARC
                0x0c06a630                Disp_7_SEG_Time
                0x0c06a360                KEY_Flush_FIFO
                0x0c06a4f8                Disp_Write_Str
                0x0c06b110                Sys_U2P2_Power_Control
                0x0c06a900                RTC_Set_Alarm
                0x0c06a2d0                KEY_Init
                0x0c06a990                SIO_Aux_Pin_Control
                0x0c06a3a8                KEY_Get_Status
                0x0c06a8e8                RTC_Get_DateTime
                0x0c06ab40                FLASH_Write_Record
                0x0c06a5b8                Disp_Put_Bmp
                0x0c06a2a0                SYS_Msg_Wait
                0x0c06a258                BATT_Check_Level
                0x0c06ae70                Sys_AUX_OUT_Set
                0x0c06b0f8                Sys_U2P1_Power_Control
                0x0c06acf0                Sys_Get_Lib_Version
                0x0c06a5e8                Disp_Icon_Set
                0x0c06abb8                Nand_Write_OnePage
                0x0c06b0e0                Disp_Get_Magnification
                0x0c06adf8                SYS_Msg_Wait_Ext
                0x0c06ac48                Sys_Read_RAAC
                0x0c06a7b0                UART2_Stat
                0x0c06a9f0                I2C_Start_Recv
                0x0c06ad80                Sys_EXINT_Read
                0x0c06b038                Sys_Get_Version
                0x0c06aac8                Sys_Delay_MS1
                0x0c06a318                KEY_Read_Down
                0x0c06aa68                EEPROM_Init
                0x0c06ac18                SYS_Read_Vol_IC
                0x0c06b080                Sys_Magcard_Power_Control
                0x0c06aba0                Nand_Read_Random
                0x0c06a678                Disp_Inc_Contrast
                0x0c06a450                Disp_Set_Color
                0x0c06a888                RTC_Set_Time
                0x0c06a8b8                RTC_Get_Date
                0x0c06a228                Sys_Auto_Poweroff_Set
                0x0c06b170                SYS_NO_OP36
                0x0c06b0b0                EEPROM_Write_Page
                0x0c06a528                Disp_Clear
                0x0c06a9a8                SIO_Aux_Power_Control
                0x0c06b128                SYS_NO_OP33
                0x0c06abd0                Nand_Erase_OneBlock
                0x0c06a2b8                SYS_Msg_Mask_Set
                0x0c06aa80                EEPROM_Read_Byte
                0x0c06aab0                Sys_Delay_US1
                0x0c06ab58                Nand_Read_ID
                0x0c06abe8                SYS_Read_Vol
                0x0c06ad20                Dis_Key_Int
                0x0c06a648                Disp_Set_Contrast
                0x0c06a918                RTC_Get_Alarm
                0x0c06a588                Disp_Put_Pixel_Col
                0x0c06a3c0                EL_Set
                0x0c06a438                Is_Charger_On
                0x0c06a330                KEY_Beep_Mask_Set
                0x0c06a5a0                Disp_Set_Bmp_Mode
                0x0c06aee8                User_Timer_Get
                0x0c06af90                SYS_NO_OP19
                0x0c06a4b0                Disp_Write_Char_Col
                0x0c06ac78                Sys_Power_5V_Enable
                0x0c06a600                Disp_Icon_Battery_Time_Set
                0x0c06af78                SYS_NO_OP18
                0x0c06a618                Disp_Icon_Battery_Time_Refresh
                0x0c06ad38                En_Key_Int
                0x0c06b0c8                Disp_Set_Magnification
                0x0c06a9d8                I2C_Start_Send
                0x0c06aa08                I2C_Stop
                0x0c06a8a0                RTC_Set_DateTime
                0x0c06a768                UART2_Send_Char
                0x0c06a7e0                UART_Printf
                0x0c06a2e8                KEY_Read
                0x0c06ae10                Sys_BC_Init_EXT
                0x0c06ade0                FLASH_Get_Sec_ID
                0x0c06ac90                Sys_Power_3V_Enable
                0x0c06ab88                Nand_Read_Pages
                0x0c06a7c8                UART_Send_Term
                0x0c06a3f0                EL_Set_Timeout
                0x0c06a8d0                RTC_Get_Time
                0x0c06b008                Sys_Audio_Power_Control
                0x0c06a840                Sys_Timer_CallBack
                0x0c06ad08                SYS_Query
                0x0c06af00                User_Timer_Start
                0x0c06a750                UART2_Rev_Char
                0x0c06a510                Disp_Write_Str_Col
                0x0c06a288                Sys_Int_Enable
                0x0c06ab10                FLASH_Erase_One_Sector
                0x0c06a420                Beep_Sound
                0x0c06af30                User_Timer_Read
 .text          0x0c06b6b0     0x5744 E:/WF/ARM7-SDK-2011-07-20/HHFiles/lib//libext.a(exlib.o)
                0x0c06ba70                RTC_read_date
                0x0c06c0e0                DispChar_E
                0x0c06dacc                DispStr_E
                0x0c06c178                GetStr_E
                0x0c06dad4                EXT_Display_Multi_Lines
                0x0c06ba34                RTC_read_time
                0x0c070df0                GetStr_CE
                0x0c06dad0                DispStr_C
                0x0c06ddec                EXT_Brow_Select
                0x0c06bcc0                get_flash_size
                0x0c06e3b4                EXT_Select_In_Line
                0x0c06bcf4                delay_and_wait_key
                0x0c06f010                GetStr_CEX
                0x0c06ea84                EXT_Brow_Info
                0x0c06cd8c                DispStr_CE
                0x0c06b828                RTC_get_week
                0x0c06baec                RTC_set_date
                0x0c06baac                RTC_set_time
                0x0c06c088                EXT_ClearLine
 .text          0x0c070df4      0x114 E:/WF/ARM7-SDK-2011-07-20/HHFiles/lib//libext.a(exlib_pinyin.o)
                0x0c070df4                py_ime
 .text          0x0c070f08     0x1424 E:/WF/ARM7-SDK-2011-07-20/HHFiles/lib//libcard.a(libcard.o)
                0x0c0711a8                IC_CARD_GET_URR
                0x0c07117c                IC_CARD_GET_MSR
                0x0c0714ac                set_C4
                0x0c071aa0                Receive_I2C_Data
                0x0c0710f8                IC_CARD_GET_UCR1
                0x0c07149c                reset_CLK
                0x0c071300                card_stop_level_low
                0x0c071fd4                is_card_exist
                0x0c071200                IC_CARD_GET_HSR
                0x0c070f24                IC_card_set_C6
                0x0c071614                get_IO
                0x0c0716e0                ICC_access_CLK
                0x0c0716a8                set_IO
                0x0c071688                reset_IO
                0x0c071260                set_PSC_32
                0x0c071074                IC_CARD_GET_PDR
                0x0c0715b4                get_C8
                0x0c0711d4                IC_CARD_GET_USR
                0x0c071ea8                ICC_memcard_atr
                0x0c071150                IC_CARD_GET_TOC
                0x0c07101c                IC_CARD_GET_CSR
                0x0c0717a4                close_8007_interrupt
                0x0c0717ac                open_8007_interrupt
                0x0c070f58                IC_Card_Clk_Open
                0x0c071758                ICC_card_activity
                0x0c070f08                ICC_Enalble_C6
                0x0c0714e0                reset_C4
                0x0c07145c                reset_RST
                0x0c07178c                Parse_Addr
                0x0c071bd8                Start_I2C_IO
                0x0c071904                Send_I2C_Data
                0x0c0720b8                ICC_select_sock
                0x0c071334                stop_card_clk
                0x0c071984                Send_I2C_NOACK
                0x0c071da4                ACK_Polling_I2C
                0x0c0710cc                IC_CARD_GET_GTR
                0x0c071740                ICC_get_curr_sock
                0x0c0716c8                ICC_memcard_pin_session
                0x0c071124                IC_CARD_GET_PCR
                0x0c0710a0                IC_CARD_GET_UCR2
                0x0c071048                IC_CARD_GET_CCR
                0x0c07136c                start_card_clk
                0x0c0715e4                set_recv_mode
                0x0c071c2c                ICC_memcard_IIC_session
                0x0c071708                ICC_CPU_access_speed
                0x0c071e70                start_card
                0x0c0719cc                Send_I2C_ACK
                0x0c071880                Send_I2C_Data_LSB
                0x0c071654                set_send_mode
                0x0c071548                reset_C6
                0x0c07180c                ICC_sock_check
                0x0c071008                IC_Card_Clk_Check
                0x0c071b34                Receive_I2C_ACK
                0x0c0713a0                set_card_vcc
                0x0c071b84                Stop_I2C_IO
                0x0c071a10                Receive_I2C_Data_LSB
                0x0c071e3c                stop_card
                0x0c071584                reset_C8
                0x0c071510                get_C4
                0x0c071428                set_RST
                0x0c0717b4                clear_8007_interrupt
                0x0c07122c                set_PSC_31
                0x0c0712c8                card_stop_level_high
                0x0c071550                set_C8
                0x0c07217c                ICC_interface_power
                0x0c071298                check_8007_type
                0x0c071540                set_C6
                0x0c072090                ICC_deactivate_current_sock
                0x0c07148c                set_CLK
                0x0c070fbc                IC_Card_Clk_Close
 .text          0x0c07232c     0x42ac E:/WF/ARM7-SDK-2011-07-20/HHFiles/lib//libcard.a(cpucard.o)
                0x0c073634                ICC_T0_TPDU
                0x0c072b90                PBOC_atr_check
                0x0c072bb4                wait_for_CLKSW_reset
                0x0c0741f0                ICC_T1_frame
                0x0c072588                PBOC_EMV_atr_check
                0x0c074b28                ICC_T1_APDU_Exchange
                0x0c072c04                wait_for_CLKSW_set
                0x0c07250c                ICC_cpucard_set_param
                0x0c074a2c                ICC_T1_Set_IFSD
                0x0c072504                EMV_ISO_atr_check
                0x0c07546c                ICC_cpucard_ATR
                0x0c072560                ICC_cpucard_get_param
                0x0c072cbc                ICC_cpucard_PTS
                0x0c072c54                wait_for_CRED
 .text          0x0c0765d8     0x28e8 E:/WF/ARM7-SDK-2011-07-20/HHFiles/lib//libcontactless.a(iso14443.o)
                0x0c0782f0                ISO14443_Request_TypeB
                0x0c0773bc                ISO14443_Slot_Marker_TypeB
                0x0c077484                CardTypeBSlotMarker
                0x0c076ed0                CardTypeBExchangeBlock
                0x0c0780e0                CardTypeAExchangeBlock
                0x0c07858c                ISO14443_RATS_TypeA_Ex
                0x0c076a18                ISO14443_Check_Mode
                0x0c077378                CardTypeBAttrib
                0x0c076f68                ISO14443_Deselect_TypeB
                0x0c07684c                ISO14443_Param_Set_Rate
                0x0c078e78                CardTypeAAnticoll
                0x0c078800                CardTypeARATS
                0x0c078484                ISO14443_PPS_TypeA
                0x0c0789d0                ISO14443_Request_TypeA
                0x0c077228                CardTypeBAttrib_Ex
                0x0c078bfc                ISO14443_AntiCollision_TypeA_Basic
                0x0c077968                ISO14443_LinkLayer_Exchange
                0x0c076690                ISO14443_Param_Analyse_TypeA
                0x0c078934                CardTypeASelect
                0x0c076854                CardGetParam
                0x0c078b60                ISO14443_Halt_TypeA
                0x0c077044                ISO14443_Halt_TypeB
                0x0c078bdc                CardTypeAHalt
                0x0c078b14                CardTypeARequest
                0x0c076a48                RCX_TransCeive_14443B
                0x0c078260                ISO14443_Deselect
                0x0c0787a4                CardTypeARATS_Ex
                0x0c0774c8                RCX_TransCeive_14443A
                0x0c0765e4                ISO14443_Param_Init_TypeA
                0x0c078860                ISO14443_Select_TypeA_Basic
                0x0c0782b8                CardTypeADeselect
                0x0c0765d8                ISO14443_ParamGet
                0x0c078418                CardTypeBRequest
                0x0c0770dc                CardTypeBHalt
                0x0c07882c                ISO14443_RATS_TypeA
                0x0c076890                ISO14443_Param_Analyse_TypeB
                0x0c0781b0                ISO14443_Deselect_TypeA
                0x0c078560                CardTypeAPPS
                0x0c077eb4                ISO14443_APDU_Exchange_Ex
                0x0c078000                ISO14443_APDU_Exchange
                0x0c0772a0                ISO14443_Attrib_TypeB
                0x0c077104                ISO14443_Attrib_TypeB_Ex
                0x0c07700c                CardTypeBDeselect
 .text          0x0c078ec0     0x10fc E:/WF/ARM7-SDK-2011-07-20/HHFiles/lib//libcontactless.a(mifare.o)
                0x0c079a00                CardAccessMultiBlocks
                0x0c079630                FM11RF_Read4Bytes
                0x0c079e40                Mf500KeyWriteToEeprom
                0x0c078ef0                CardMFCValueDebit
                0x0c079824                CardMFCAuthKeyE2
                0x0c079730                CardMFCRead16Bytes
                0x0c079f88                CardKX12AuthKey
                0x0c079cfc                CardAccess
                0x0c079bfc                CardValue
                0x0c079070                CardMFCValueWithTransfer
                0x0c079418                CardMFCWrite4Bytes
                0x0c0798b4                CardTrailerWrite
                0x0c0794e0                CardMFCWrite16Bytes
                0x0c079288                FM11RF_Write4Bytes
                0x0c079eec                CardMFCAuthKey
 .text          0x0c079fbc      0x368 E:/WF/ARM7-SDK-2011-07-20/HHFiles/lib//libcontactless.a(port.o)
                0x0c07a19c                RCX_Power_Off
                0x0c07a0fc                RCX_ReadReg_Same
                0x0c07a22c                RCX_Reset
                0x0c079fc0                RCX_Enable_Int
                0x0c07a098                RCX_ReadReg
                0x0c079fc4                RCX_WriteFIFO
                0x0c079fbc                RCX_Disable_Int
                0x0c07a104                RCX_ReadFIFO
                0x0c07a08c                RCX_WriteReg_Same
                0x0c07a04c                RCX_WriteReg
                0x0c07a1e0                RCX_Power_On
 .text          0x0c07a324     0x12b8 E:/WF/ARM7-SDK-2011-07-20/HHFiles/lib//libcontactless.a(rcxcomm.o)
                0x0c07ac7c                RCX_Reg_Init_ICODE1STD
                0x0c07aa44                RCX_ReadE2
                0x0c07a374                RCX_Adjust_RxGain
                0x0c07aeb4                RCX_Reg_Init_15693STD
                0x0c07b104                RCX_Reg_Init_14443B_MOT
                0x0c07b5a8                RCX_Read_Product_Serial
                0x0c07ada4                RCX_Reg_Init_15693Fast
                0x0c07a678                RCX_CalcCRC
                0x0c07afd0                RCX_Reg_Init_14443B_ASK
                0x0c07aa0c                RCX_Adjust_14443A
                0x0c07a324                RCX_Key_Transform
                0x0c07a844                RCX_WriteE2
                0x0c07a3e0                RCX_Authent2
                0x0c07a468                RCX_Authent1
                0x0c07ab54                RCX_Reg_Init_ICODE1Fast
                0x0c07b36c                RCX_Reg_Init_14443A
                0x0c07ab20                RCX_Read_Product_Type
                0x0c07a5cc                RCX_LoadKeyE2
                0x0c07a3c0                RCX_Close
                0x0c07b494                RCX_Init
                0x0c07b238                RCX_Reg_Init_14443B_STD
                0x0c07a534                RCX_LoadKey
 .text          0x0c07b5dc      0x524 E:/WF/ARM7-SDK-2011-07-20/HHFiles/lib//libcontactless.a(rcxreg.o)
                0x0c07b850                RCX_RF_Close
                0x0c07b634                RCX_Get_RxLastBit
                0x0c07ba10                RCX_PowerDown
                0x0c07b9d8                RCX_Clear_Crypto1
                0x0c07b960                RCX_Stop_Timer
                0x0c07b608                RCX_Check_WriteE2
                0x0c07b738                RCX_Set_TSPMSB
                0x0c07b6c8                RCX_Check_IRQ
                0x0c07b8d0                RCX_Set_TxLastBits
                0x0c07ba98                RCX_RF_Reset
                0x0c07b5dc                RCX_Check_CRCReady
                0x0c07b99c                RCX_Start_Timer
                0x0c07b818                RCX_SendOnePulse_Enable
                0x0c07b770                RCX_Clear_100ASK
                0x0c07b7e0                RCX_SendOnePulse_Disable
                0x0c07b7a8                RCX_Set_100ASK
                0x0c07b664                RCX_Check_ErrorFlag
                0x0c07b700                RCX_Clear_TSPMSB
                0x0c07b914                RCX_Set_RX_AutoPD
                0x0c07b69c                RCX_Check_Crypto1
                0x0c07ba48                RCX_FlushFIFO
                0x0c07b888                RCX_Set_RxAlign
 .text          0x0c07bb00      0xeb0 E:/WF/ARM7-SDK-2011-07-20/HHFiles/lib//libdb.a(database.o)
                0x0c07c040                DB_init_sys_param
                0x0c07bf44                DB_check_format
                0x0c07bd3c                DB_jump_to_record
                0x0c07bd8c                db_find_match
                0x0c07c944                DB_erase_db_sys
                0x0c07c260                DB_format_db
                0x0c07bbe4                DB_count_records
                0x0c07be84                DB_check_record
                0x0c07c204                DB_delete_record
                0x0c07c49c                DB_add_recordx
                0x0c07c62c                DB_add_record
                0x0c07c880                DB_erase_filesys
                0x0c07bb7c                DB_capacity
 .text          0x0c07c9b0     0x1c20 E:/WF/ARM7-SDK-2011-07-20/HHFiles/lib//libsim.a(sim.o)
                0x0c07d494                sms_get_center
                0x0c07d610                sim_get_imsi
                0x0c07e1b8                sim_module_init
                0x0c07de5c                sim_wake_up
                0x0c07df4c                sim_module_close
                0x0c07d0c0                tcp_send_data
                0x0c07cd70                tcp_shut_link
                0x0c07cde8                tcp_close_link
                0x0c07cf78                sms_set_center
                0x0c07cbd0                tcp_recv_data
                0x0c07d5a8                sim_get_version
                0x0c07dd88                sim_detect_net
                0x0c07d530                sim_get_battery
                0x0c07d6b8                sms_send_msg
                0x0c07cb68                call_hang_up
                0x0c07ce60                tcp_check_link
                0x0c07ced8                call_dial_num
                0x0c07dd24                sim_signal_report
                0x0c07ded4                sim_power_saving
                0x0c07d330                tcp_set_param
                0x0c07d01c                sms_del_msg
                0x0c07d224                tcp_create_link
                0x0c07da4c                sms_read_msg
                0x0c07d41c                sim_verify_pin
                0x0c07caa4                sim_getversion
                0x0c07d664                sim_get_imei
                0x0c07cca8                call_pick_up
 .text          0x0c07e5d0      0x224 E:/WF/ARM7-SDK-2011-07-20/HHFiles/lib//libsim.a(trans.o)
                0x0c07e728                GB_To_UCS2_Str
                0x0c07e5e0                UCS2GB_Code_Comp
                0x0c07e5f0                UCS2_To_GB_Word
                0x0c07e6d0                GB_To_UCS2_Word
                0x0c07e648                UCS2_To_GB_Str
                0x0c07e5d0                GBUCS2_Code_Comp
 .text          0x0c07e7f4      0x110 E:/WF/ARM7-SDK-2011-07-20/GNU/arm-elf/lib//libgcc.a(_udivsi3.o)
                0x0c07e7f4                __udivsi3
                0x0c07e7f4                __aeabi_uidiv
                0x0c07e8ec                __aeabi_uidivmod
 .text          0x0c07e904      0x140 E:/WF/ARM7-SDK-2011-07-20/GNU/arm-elf/lib//libgcc.a(_divsi3.o)
                0x0c07e904                __aeabi_idiv
                0x0c07e904                __divsi3
                0x0c07ea2c                __aeabi_idivmod
 .text          0x0c07ea44       0xcc E:/WF/ARM7-SDK-2011-07-20/GNU/arm-elf/lib//libgcc.a(_umodsi3.o)
                0x0c07ea44                __umodsi3
 .text          0x0c07eb10       0xe4 E:/WF/ARM7-SDK-2011-07-20/GNU/arm-elf/lib//libgcc.a(_modsi3.o)
                0x0c07eb10                __modsi3
 .text          0x0c07ebf4        0x4 E:/WF/ARM7-SDK-2011-07-20/GNU/arm-elf/lib//libgcc.a(_dvmd_tls.o)
                0x0c07ebf4                __aeabi_ldiv0
                0x0c07ebf4                __div0
                0x0c07ebf4                __aeabi_idiv0
 .text          0x0c07ebf8      0x400 E:/WF/ARM7-SDK-2011-07-20/GNU/arm-elf/lib//libgcc.a(_addsubdf3.o)
                0x0c07ef8c                __floatdidf
                0x0c07ef0c                __floatsidf
                0x0c07eee4                __aeabi_ui2d
                0x0c07ebf8                __aeabi_drsub
                0x0c07ef38                __extendsfdf2
                0x0c07ec04                __adddf3
                0x0c07eee4                __floatunsidf
                0x0c07ec04                __aeabi_dadd
                0x0c07ef78                __aeabi_ul2d
                0x0c07ec00                __aeabi_dsub
                0x0c07ef78                __floatundidf
                0x0c07ef0c                __aeabi_i2d
                0x0c07ef8c                __aeabi_l2d
                0x0c07ef38                __aeabi_f2d
                0x0c07ec00                __subdf3
 .text          0x0c07eff8      0x470 E:/WF/ARM7-SDK-2011-07-20/GNU/arm-elf/lib//libgcc.a(_muldivdf3.o)
                0x0c07f264                __aeabi_ddiv
                0x0c07eff8                __aeabi_dmul
                0x0c07f264                __divdf3
                0x0c07eff8                __muldf3
 .text          0x0c07f468      0x128 E:/WF/ARM7-SDK-2011-07-20/GNU/arm-elf/lib//libgcc.a(_cmpdf2.o)
                0x0c07f554                __aeabi_dcmple
                0x0c07f478                __cmpdf2
                0x0c07f478                __eqdf2
                0x0c07f468                __gtdf2
                0x0c07f518                __aeabi_cdcmple
                0x0c07f4fc                __aeabi_cdrcmple
                0x0c07f470                __ltdf2
                0x0c07f540                __aeabi_dcmplt
                0x0c07f470                __ledf2
                0x0c07f57c                __aeabi_dcmpgt
                0x0c07f568                __aeabi_dcmpge
                0x0c07f478                __nedf2
                0x0c07f52c                __aeabi_dcmpeq
                0x0c07f518                __aeabi_cdcmpeq
                0x0c07f468                __gedf2
 .text          0x0c07f590       0x5c E:/WF/ARM7-SDK-2011-07-20/GNU/arm-elf/lib//libgcc.a(_fixdfsi.o)
                0x0c07f590                __fixdfsi
                0x0c07f590                __aeabi_d2iz
 .text          0x0c07f5ec       0x54 E:/WF/ARM7-SDK-2011-07-20/GNU/arm-elf/lib//libgcc.a(_fixunsdfsi.o)
                0x0c07f5ec                __fixunsdfsi
                0x0c07f5ec                __aeabi_d2uiz
 .text          0x0c07f640       0x18 E:/WF/ARM7-SDK-2011-07-20/GNU/arm-elf/lib//libc.a(lib_a-atoi.o)
                0x0c07f640                _atoi_r
                0x0c07f64c                atoi
 .text          0x0c07f658       0x18 E:/WF/ARM7-SDK-2011-07-20/GNU/arm-elf/lib//libc.a(lib_a-atol.o)
                0x0c07f658                _atol_r
                0x0c07f664                atol
 .text          0x0c07f670       0x80 E:/WF/ARM7-SDK-2011-07-20/GNU/arm-elf/lib//libc.a(lib_a-bsearch.o)
                0x0c07f670                bsearch
 .text          0x0c07f6f0        0x0 E:/WF/ARM7-SDK-2011-07-20/GNU/arm-elf/lib//libc.a(lib_a-ctype_.o)
 .text          0x0c07f6f0       0x94 E:/WF/ARM7-SDK-2011-07-20/GNU/arm-elf/lib//libc.a(lib_a-memcmp.o)
                0x0c07f6f0                memcmp
 .text          0x0c07f784       0x50 E:/WF/ARM7-SDK-2011-07-20/GNU/arm-elf/lib//libc.a(lib_a-strstr.o)
                0x0c07f784                strstr
 .text          0x0c07f7d4      0x1f0 E:/WF/ARM7-SDK-2011-07-20/GNU/arm-elf/lib//libc.a(lib_a-strtol.o)
                0x0c07f998                strtol
                0x0c07f7d4                _strtol_r
 .text          0x0c07f9c4       0x40 E:/WF/ARM7-SDK-2011-07-20/GNU/arm-elf/lib//libc.a(lib_a-strupr.o)
                0x0c07f9c4                strupr
 .text          0x0c07fa04      0x4bc E:/WF/ARM7-SDK-2011-07-20/GNU/arm-elf/lib//libm.a(lib_a-w_pow.o)
                0x0c07fa04                pow
 .text          0x0c07fec0     0x1110 E:/WF/ARM7-SDK-2011-07-20/GNU/arm-elf/lib//libm.a(lib_a-e_pow.o)
                0x0c07fec0                __ieee754_pow
 .text          0x0c080fd0      0x288 E:/WF/ARM7-SDK-2011-07-20/GNU/arm-elf/lib//libm.a(lib_a-e_sqrt.o)
                0x0c080fd0                __ieee754_sqrt
 .text          0x0c081258       0x20 E:/WF/ARM7-SDK-2011-07-20/GNU/arm-elf/lib//libm.a(lib_a-s_fabs.o)
                0x0c081258                fabs
 .text          0x0c081278       0x18 E:/WF/ARM7-SDK-2011-07-20/GNU/arm-elf/lib//libm.a(lib_a-s_finite.o)
                0x0c081278                finite
 .text          0x0c081290        0x0 E:/WF/ARM7-SDK-2011-07-20/GNU/arm-elf/lib//libm.a(lib_a-s_lib_ver.o)
 .text          0x0c081290        0x8 E:/WF/ARM7-SDK-2011-07-20/GNU/arm-elf/lib//libm.a(lib_a-s_matherr.o)
                0x0c081290                matherr
 .text          0x0c081298      0x1c8 E:/WF/ARM7-SDK-2011-07-20/GNU/arm-elf/lib//libm.a(lib_a-s_rint.o)
                0x0c081298                rint
 .text          0x0c081460      0x1d4 E:/WF/ARM7-SDK-2011-07-20/GNU/arm-elf/lib//libm.a(lib_a-s_scalbn.o)
                0x0c081460                scalbn
 .text          0x0c081634       0x24 E:/WF/ARM7-SDK-2011-07-20/GNU/arm-elf/lib//libm.a(lib_a-s_copysign.o)
                0x0c081634                copysign
 .text          0x0c081658       0x10 E:/WF/ARM7-SDK-2011-07-20/GNU/arm-elf/lib//libc.a(lib_a-errno.o)
                0x0c081658                __errno
                0x0c081668                . = ALIGN (0x4)
                0x0c081668                __CTOR_LIST__ = .
                0x0c081668        0x4 LONG 0x0 (((__CTOR_END__ - __CTOR_LIST__) / 0x4) - 0x2)
 *(.ctors)
                0x0c08166c        0x4 LONG 0x0
                0x0c081670                __CTOR_END__ = .
                0x0c081670                __DTOR_LIST__ = .
                0x0c081670        0x4 LONG 0x0 (((__DTOR_END__ - __DTOR_LIST__) / 0x4) - 0x2)
 *(.dtors)
                0x0c081674        0x4 LONG 0x0
                0x0c081678                __DTOR_END__ = .
 *(.rodata)
 .rodata        0x0c081678       0x20 E:/WF/ARM7-SDK-2011-07-20/GNU/arm-elf/lib//libc.a(lib_a-vfprintf.o)
 .rodata        0x0c081698        0x4 E:/WF/ARM7-SDK-2011-07-20/GNU/arm-elf/lib//libc.a(lib_a-impure.o)
                0x0c081698                _global_impure_ptr
 .rodata        0x0c08169c       0x34 E:/WF/ARM7-SDK-2011-07-20/GNU/arm-elf/lib//libc.a(lib_a-locale.o)
 .rodata        0x0c0816d0      0x124 E:/WF/ARM7-SDK-2011-07-20/GNU/arm-elf/lib//libc.a(lib_a-mprec.o)
                0x0c0817c0                __mprec_tinytens
                0x0c0816d0                __mprec_tens
                0x0c081798                __mprec_bigtens
 .rodata        0x0c0817f4      0x2f0 E:/WF/ARM7-SDK-2011-07-20/HHFiles/lib//libext.a(exlib.o)
 .rodata        0x0c081ae4       0x50 E:/WF/ARM7-SDK-2011-07-20/HHFiles/lib//libcard.a(cpucard.o)
                0x0c081b14                DI_D_table
                0x0c081ae4                FI_PDR_table
                0x0c081af4                FI_F_table
 *fill*         0x0c081b34        0x4 00
 .rodata        0x0c081b38       0x28 E:/WF/ARM7-SDK-2011-07-20/HHFiles/lib//libcontactless.a(iso14443.o)
 .rodata        0x0c081b60      0x200 E:/WF/ARM7-SDK-2011-07-20/HHFiles/lib//libdb.a(database.o)
 .rodata        0x0c081d60      0x101 E:/WF/ARM7-SDK-2011-07-20/GNU/arm-elf/lib//libc.a(lib_a-ctype_.o)
                0x0c081d60                _ctype_
 *fill*         0x0c081e61        0x3 00
 .rodata        0x0c081e64       0x30 E:/WF/ARM7-SDK-2011-07-20/GNU/arm-elf/lib//libm.a(lib_a-e_pow.o)
 .rodata        0x0c081e94       0x10 E:/WF/ARM7-SDK-2011-07-20/GNU/arm-elf/lib//libm.a(lib_a-s_rint.o)
 *(.rodata*)
 .rodata.str1.4
                0x0c081ea4      0x37e E:/WF/develop_windows/sffhandpos/Release/SF.o
                                0x380 (size before relaxing)
 *fill*         0x0c082222        0x2 00
 .rodata.str1.4
                0x0c082224       0xad E:/WF/develop_windows/sffhandpos/Release/Card.o
                                 0xbc (size before relaxing)
 *fill*         0x0c0822d1        0x3 00
 .rodata.str1.4
                0x0c0822d4      0x10e E:/WF/develop_windows/sffhandpos/Release/DataBase.o
                                0x154 (size before relaxing)
 *fill*         0x0c0823e2        0x2 00
 .rodata.str1.4
                0x0c0823e4       0x4a E:/WF/develop_windows/sffhandpos/Release/Common.o
                                 0x50 (size before relaxing)
 *fill*         0x0c08242e        0x2 00
 .rodata.str1.4
                0x0c082430      0x139 E:/WF/develop_windows/sffhandpos/Release/Gprs.o
                                0x13c (size before relaxing)
 *fill*         0x0c082569        0x3 00
 .rodata.str1.4
                0x0c08256c       0x5f E:/WF/ARM7-SDK-2011-07-20/GNU/arm-elf/lib//libc.a(lib_a-vfprintf.o)
                                 0x64 (size before relaxing)
 *fill*         0x0c0825cb        0x1 00
 .rodata.str1.4
                0x0c0825cc       0x1e E:/WF/ARM7-SDK-2011-07-20/GNU/arm-elf/lib//libc.a(lib_a-wctomb_r.o)
                                 0x20 (size before relaxing)
 *fill*         0x0c0825ea        0x2 00
 .rodata.str1.4
                0x0c0825ec       0x10 E:/WF/ARM7-SDK-2011-07-20/GNU/arm-elf/lib//libc.a(lib_a-dtoa.o)
                                 0x14 (size before relaxing)
 .rodata.str1.4
                0x0c0825fc        0x2 E:/WF/ARM7-SDK-2011-07-20/GNU/arm-elf/lib//libc.a(lib_a-impure.o)
                                  0x4 (size before relaxing)
 *fill*         0x0c0825fe        0x2 00
 .rodata.str1.4
                0x0c082600        0xb E:/WF/ARM7-SDK-2011-07-20/GNU/arm-elf/lib//libc.a(lib_a-locale.o)
                                 0x18 (size before relaxing)
 *fill*         0x0c08260b        0x1 00
 .rodata.str1.4
                0x0c08260c       0x76 E:/WF/ARM7-SDK-2011-07-20/HHFiles/lib//libext.a(exlib.o)
                                 0x88 (size before relaxing)
 *fill*         0x0c082682        0x2 00
 .rodata.str1.4
                0x0c082684      0x100 E:/WF/ARM7-SDK-2011-07-20/HHFiles/lib//libext.a(exlib_pinyin.o)
                                0x10c (size before relaxing)
 .rodata.str1.4
                0x0c082784      0x20c E:/WF/ARM7-SDK-2011-07-20/HHFiles/lib//libsim.a(sim.o)
                                0x220 (size before relaxing)
 .rodata.str1.4
                0x0c082990        0x4 E:/WF/ARM7-SDK-2011-07-20/GNU/arm-elf/lib//libm.a(lib_a-w_pow.o)
 *(.glue_7t)
 .glue_7t       0x0c082994        0x0 E:/WF/develop_windows/sffhandpos/Release/crt0.o
 .glue_7t       0x0c082994        0x0 E:/WF/develop_windows/sffhandpos/Release/SF.o
 .glue_7t       0x0c082994        0x0 E:/WF/develop_windows/sffhandpos/Release/Card.o
 .glue_7t       0x0c082994        0x0 E:/WF/develop_windows/sffhandpos/Release/DataBase.o
 .glue_7t       0x0c082994        0x0 E:/WF/develop_windows/sffhandpos/Release/Common.o
 .glue_7t       0x0c082994        0x0 E:/WF/develop_windows/sffhandpos/Release/Gprs.o
 .glue_7t       0x0c082994        0x0 E:/WF/ARM7-SDK-2011-07-20/GNU/arm-elf/lib//libc.a(lib_a-memcpy.o)
 .glue_7t       0x0c082994        0x0 E:/WF/ARM7-SDK-2011-07-20/GNU/arm-elf/lib//libc.a(lib_a-memset.o)
 .glue_7t       0x0c082994        0x0 E:/WF/ARM7-SDK-2011-07-20/GNU/arm-elf/lib//libc.a(lib_a-sprintf.o)
 .glue_7t       0x0c082994        0x0 E:/WF/ARM7-SDK-2011-07-20/GNU/arm-elf/lib//libc.a(lib_a-strcat.o)
 .glue_7t       0x0c082994        0x0 E:/WF/ARM7-SDK-2011-07-20/GNU/arm-elf/lib//libc.a(lib_a-strcmp.o)
 .glue_7t       0x0c082994        0x0 E:/WF/ARM7-SDK-2011-07-20/GNU/arm-elf/lib//libc.a(lib_a-strcpy.o)
 .glue_7t       0x0c082994        0x0 E:/WF/ARM7-SDK-2011-07-20/GNU/arm-elf/lib//libc.a(lib_a-strlen.o)
 .glue_7t       0x0c082994        0x0 E:/WF/ARM7-SDK-2011-07-20/GNU/arm-elf/lib//libc.a(lib_a-strncpy.o)
 .glue_7t       0x0c082994        0x0 E:/WF/ARM7-SDK-2011-07-20/GNU/arm-elf/lib//libc.a(lib_a-strtok.o)
 .glue_7t       0x0c082994        0x0 E:/WF/ARM7-SDK-2011-07-20/GNU/arm-elf/lib//libc.a(lib_a-strtok_r.o)
 .glue_7t       0x0c082994        0x0 E:/WF/ARM7-SDK-2011-07-20/GNU/arm-elf/lib//libc.a(lib_a-vfprintf.o)
 .glue_7t       0x0c082994        0x0 E:/WF/ARM7-SDK-2011-07-20/GNU/arm-elf/lib//libc.a(lib_a-wcrtomb.o)
 .glue_7t       0x0c082994        0x0 E:/WF/ARM7-SDK-2011-07-20/GNU/arm-elf/lib//libc.a(lib_a-wcsrtombs.o)
 .glue_7t       0x0c082994        0x0 E:/WF/ARM7-SDK-2011-07-20/GNU/arm-elf/lib//libc.a(lib_a-wctomb_r.o)
 .glue_7t       0x0c082994        0x0 E:/WF/ARM7-SDK-2011-07-20/GNU/arm-elf/lib//libc.a(lib_a-wsetup.o)
 .glue_7t       0x0c082994        0x0 E:/WF/ARM7-SDK-2011-07-20/GNU/arm-elf/lib//libc.a(lib_a-dtoa.o)
 .glue_7t       0x0c082994        0x0 E:/WF/ARM7-SDK-2011-07-20/GNU/arm-elf/lib//libc.a(lib_a-fflush.o)
 .glue_7t       0x0c082994        0x0 E:/WF/ARM7-SDK-2011-07-20/GNU/arm-elf/lib//libc.a(lib_a-findfp.o)
 .glue_7t       0x0c082994        0x0 E:/WF/ARM7-SDK-2011-07-20/GNU/arm-elf/lib//libc.a(lib_a-freer.o)
 .glue_7t       0x0c082994        0x0 E:/WF/ARM7-SDK-2011-07-20/GNU/arm-elf/lib//libc.a(lib_a-fvwrite.o)
 .glue_7t       0x0c082994        0x0 E:/WF/ARM7-SDK-2011-07-20/GNU/arm-elf/lib//libc.a(lib_a-fwalk.o)
 .glue_7t       0x0c082994        0x0 E:/WF/ARM7-SDK-2011-07-20/GNU/arm-elf/lib//libc.a(lib_a-impure.o)
 .glue_7t       0x0c082994        0x0 E:/WF/ARM7-SDK-2011-07-20/GNU/arm-elf/lib//libc.a(lib_a-locale.o)
 .glue_7t       0x0c082994        0x0 E:/WF/ARM7-SDK-2011-07-20/GNU/arm-elf/lib//libc.a(lib_a-makebuf.o)
 .glue_7t       0x0c082994        0x0 E:/WF/ARM7-SDK-2011-07-20/GNU/arm-elf/lib//libc.a(lib_a-mallocr.o)
 .glue_7t       0x0c082994        0x0 E:/WF/ARM7-SDK-2011-07-20/GNU/arm-elf/lib//libc.a(lib_a-memchr.o)
 .glue_7t       0x0c082994        0x0 E:/WF/ARM7-SDK-2011-07-20/GNU/arm-elf/lib//libc.a(lib_a-memmove.o)
 .glue_7t       0x0c082994        0x0 E:/WF/ARM7-SDK-2011-07-20/GNU/arm-elf/lib//libc.a(lib_a-mlock.o)
 .glue_7t       0x0c082994        0x0 E:/WF/ARM7-SDK-2011-07-20/GNU/arm-elf/lib//libc.a(lib_a-mprec.o)
 .glue_7t       0x0c082994        0x0 E:/WF/ARM7-SDK-2011-07-20/GNU/arm-elf/lib//libc.a(lib_a-reallocr.o)
 .glue_7t       0x0c082994        0x0 E:/WF/ARM7-SDK-2011-07-20/GNU/arm-elf/lib//libc.a(lib_a-s_isinfd.o)
 .glue_7t       0x0c082994        0x0 E:/WF/ARM7-SDK-2011-07-20/GNU/arm-elf/lib//libc.a(lib_a-s_isnand.o)
 .glue_7t       0x0c082994        0x0 E:/WF/ARM7-SDK-2011-07-20/GNU/arm-elf/lib//libc.a(lib_a-stdio.o)
 .glue_7t       0x0c082994        0x0 E:/WF/ARM7-SDK-2011-07-20/GNU/arm-elf/lib//libc.a(lib_a-callocr.o)
 .glue_7t       0x0c082994        0x0 E:/WF/ARM7-SDK-2011-07-20/GNU/arm-elf/lib//libc.a(lib_a-fclose.o)
 .glue_7t       0x0c082994        0x0 E:/WF/ARM7-SDK-2011-07-20/HHFiles/lib//libARMPos.a(libARMPos.o)
 .glue_7t       0x0c082994        0x0 E:/WF/ARM7-SDK-2011-07-20/HHFiles/lib//libARMPos.a(call_api.o)
 .glue_7t       0x0c082994        0x0 E:/WF/ARM7-SDK-2011-07-20/HHFiles/lib//libext.a(exlib.o)
 .glue_7t       0x0c082994        0x0 E:/WF/ARM7-SDK-2011-07-20/HHFiles/lib//libext.a(exlib_pinyin.o)
 .glue_7t       0x0c082994        0x0 E:/WF/ARM7-SDK-2011-07-20/HHFiles/lib//libcard.a(libcard.o)
 .glue_7t       0x0c082994        0x0 E:/WF/ARM7-SDK-2011-07-20/HHFiles/lib//libcard.a(cpucard.o)
 .glue_7t       0x0c082994        0x0 E:/WF/ARM7-SDK-2011-07-20/HHFiles/lib//libcontactless.a(iso14443.o)
 .glue_7t       0x0c082994        0x0 E:/WF/ARM7-SDK-2011-07-20/HHFiles/lib//libcontactless.a(mifare.o)
 .glue_7t       0x0c082994        0x0 E:/WF/ARM7-SDK-2011-07-20/HHFiles/lib//libcontactless.a(port.o)
 .glue_7t       0x0c082994        0x0 E:/WF/ARM7-SDK-2011-07-20/HHFiles/lib//libcontactless.a(rcxcomm.o)
 .glue_7t       0x0c082994        0x0 E:/WF/ARM7-SDK-2011-07-20/HHFiles/lib//libcontactless.a(rcxreg.o)
 .glue_7t       0x0c082994        0x0 E:/WF/ARM7-SDK-2011-07-20/HHFiles/lib//libdb.a(database.o)
 .glue_7t       0x0c082994        0x0 E:/WF/ARM7-SDK-2011-07-20/HHFiles/lib//libsim.a(sim.o)
 .glue_7t       0x0c082994        0x0 E:/WF/ARM7-SDK-2011-07-20/HHFiles/lib//libsim.a(trans.o)
 .glue_7t       0x0c082994        0x0 E:/WF/ARM7-SDK-2011-07-20/GNU/arm-elf/lib//libgcc.a(_udivsi3.o)
 .glue_7t       0x0c082994        0x0 E:/WF/ARM7-SDK-2011-07-20/GNU/arm-elf/lib//libgcc.a(_divsi3.o)
 .glue_7t       0x0c082994        0x0 E:/WF/ARM7-SDK-2011-07-20/GNU/arm-elf/lib//libgcc.a(_umodsi3.o)
 .glue_7t       0x0c082994        0x0 E:/WF/ARM7-SDK-2011-07-20/GNU/arm-elf/lib//libgcc.a(_modsi3.o)
 .glue_7t       0x0c082994        0x0 E:/WF/ARM7-SDK-2011-07-20/GNU/arm-elf/lib//libgcc.a(_dvmd_tls.o)
 .glue_7t       0x0c082994        0x0 E:/WF/ARM7-SDK-2011-07-20/GNU/arm-elf/lib//libgcc.a(_addsubdf3.o)
 .glue_7t       0x0c082994        0x0 E:/WF/ARM7-SDK-2011-07-20/GNU/arm-elf/lib//libgcc.a(_muldivdf3.o)
 .glue_7t       0x0c082994        0x0 E:/WF/ARM7-SDK-2011-07-20/GNU/arm-elf/lib//libgcc.a(_cmpdf2.o)
 .glue_7t       0x0c082994        0x0 E:/WF/ARM7-SDK-2011-07-20/GNU/arm-elf/lib//libgcc.a(_fixdfsi.o)
 .glue_7t       0x0c082994        0x0 E:/WF/ARM7-SDK-2011-07-20/GNU/arm-elf/lib//libgcc.a(_fixunsdfsi.o)
 .glue_7t       0x0c082994        0x0 E:/WF/ARM7-SDK-2011-07-20/GNU/arm-elf/lib//libc.a(lib_a-atoi.o)
 .glue_7t       0x0c082994        0x0 E:/WF/ARM7-SDK-2011-07-20/GNU/arm-elf/lib//libc.a(lib_a-atol.o)
 .glue_7t       0x0c082994        0x0 E:/WF/ARM7-SDK-2011-07-20/GNU/arm-elf/lib//libc.a(lib_a-bsearch.o)
 .glue_7t       0x0c082994        0x0 E:/WF/ARM7-SDK-2011-07-20/GNU/arm-elf/lib//libc.a(lib_a-ctype_.o)
 .glue_7t       0x0c082994        0x0 E:/WF/ARM7-SDK-2011-07-20/GNU/arm-elf/lib//libc.a(lib_a-memcmp.o)
 .glue_7t       0x0c082994        0x0 E:/WF/ARM7-SDK-2011-07-20/GNU/arm-elf/lib//libc.a(lib_a-strstr.o)
 .glue_7t       0x0c082994        0x0 E:/WF/ARM7-SDK-2011-07-20/GNU/arm-elf/lib//libc.a(lib_a-strtol.o)
 .glue_7t       0x0c082994        0x0 E:/WF/ARM7-SDK-2011-07-20/GNU/arm-elf/lib//libc.a(lib_a-strupr.o)
 .glue_7t       0x0c082994        0x0 E:/WF/ARM7-SDK-2011-07-20/GNU/arm-elf/lib//libm.a(lib_a-w_pow.o)
 .glue_7t       0x0c082994        0x0 E:/WF/ARM7-SDK-2011-07-20/GNU/arm-elf/lib//libm.a(lib_a-e_pow.o)
 .glue_7t       0x0c082994        0x0 E:/WF/ARM7-SDK-2011-07-20/GNU/arm-elf/lib//libm.a(lib_a-e_sqrt.o)
 .glue_7t       0x0c082994        0x0 E:/WF/ARM7-SDK-2011-07-20/GNU/arm-elf/lib//libm.a(lib_a-s_fabs.o)
 .glue_7t       0x0c082994        0x0 E:/WF/ARM7-SDK-2011-07-20/GNU/arm-elf/lib//libm.a(lib_a-s_finite.o)
 .glue_7t       0x0c082994        0x0 E:/WF/ARM7-SDK-2011-07-20/GNU/arm-elf/lib//libm.a(lib_a-s_lib_ver.o)
 .glue_7t       0x0c082994        0x0 E:/WF/ARM7-SDK-2011-07-20/GNU/arm-elf/lib//libm.a(lib_a-s_matherr.o)
 .glue_7t       0x0c082994        0x0 E:/WF/ARM7-SDK-2011-07-20/GNU/arm-elf/lib//libm.a(lib_a-s_rint.o)
 .glue_7t       0x0c082994        0x0 E:/WF/ARM7-SDK-2011-07-20/GNU/arm-elf/lib//libm.a(lib_a-s_scalbn.o)
 .glue_7t       0x0c082994        0x0 E:/WF/ARM7-SDK-2011-07-20/GNU/arm-elf/lib//libm.a(lib_a-s_copysign.o)
 .glue_7t       0x0c082994        0x0 E:/WF/ARM7-SDK-2011-07-20/GNU/arm-elf/lib//libc.a(lib_a-errno.o)
 *(.glue_7)
 .glue_7        0x0c082994        0x0 E:/WF/develop_windows/sffhandpos/Release/crt0.o
 .glue_7        0x0c082994        0x0 E:/WF/develop_windows/sffhandpos/Release/SF.o
 .glue_7        0x0c082994        0x0 E:/WF/develop_windows/sffhandpos/Release/Card.o
 .glue_7        0x0c082994        0x0 E:/WF/develop_windows/sffhandpos/Release/DataBase.o
 .glue_7        0x0c082994        0x0 E:/WF/develop_windows/sffhandpos/Release/Common.o
 .glue_7        0x0c082994        0x0 E:/WF/develop_windows/sffhandpos/Release/Gprs.o
 .glue_7        0x0c082994        0x0 E:/WF/ARM7-SDK-2011-07-20/GNU/arm-elf/lib//libc.a(lib_a-memcpy.o)
 .glue_7        0x0c082994        0x0 E:/WF/ARM7-SDK-2011-07-20/GNU/arm-elf/lib//libc.a(lib_a-memset.o)
 .glue_7        0x0c082994        0x0 E:/WF/ARM7-SDK-2011-07-20/GNU/arm-elf/lib//libc.a(lib_a-sprintf.o)
 .glue_7        0x0c082994        0x0 E:/WF/ARM7-SDK-2011-07-20/GNU/arm-elf/lib//libc.a(lib_a-strcat.o)
 .glue_7        0x0c082994        0x0 E:/WF/ARM7-SDK-2011-07-20/GNU/arm-elf/lib//libc.a(lib_a-strcmp.o)
 .glue_7        0x0c082994        0x0 E:/WF/ARM7-SDK-2011-07-20/GNU/arm-elf/lib//libc.a(lib_a-strcpy.o)
 .glue_7        0x0c082994        0x0 E:/WF/ARM7-SDK-2011-07-20/GNU/arm-elf/lib//libc.a(lib_a-strlen.o)
 .glue_7        0x0c082994        0x0 E:/WF/ARM7-SDK-2011-07-20/GNU/arm-elf/lib//libc.a(lib_a-strncpy.o)
 .glue_7        0x0c082994        0x0 E:/WF/ARM7-SDK-2011-07-20/GNU/arm-elf/lib//libc.a(lib_a-strtok.o)
 .glue_7        0x0c082994        0x0 E:/WF/ARM7-SDK-2011-07-20/GNU/arm-elf/lib//libc.a(lib_a-strtok_r.o)
 .glue_7        0x0c082994        0x0 E:/WF/ARM7-SDK-2011-07-20/GNU/arm-elf/lib//libc.a(lib_a-vfprintf.o)
 .glue_7        0x0c082994        0x0 E:/WF/ARM7-SDK-2011-07-20/GNU/arm-elf/lib//libc.a(lib_a-wcrtomb.o)
 .glue_7        0x0c082994        0x0 E:/WF/ARM7-SDK-2011-07-20/GNU/arm-elf/lib//libc.a(lib_a-wcsrtombs.o)
 .glue_7        0x0c082994        0x0 E:/WF/ARM7-SDK-2011-07-20/GNU/arm-elf/lib//libc.a(lib_a-wctomb_r.o)
 .glue_7        0x0c082994        0x0 E:/WF/ARM7-SDK-2011-07-20/GNU/arm-elf/lib//libc.a(lib_a-wsetup.o)
 .glue_7        0x0c082994        0x0 E:/WF/ARM7-SDK-2011-07-20/GNU/arm-elf/lib//libc.a(lib_a-dtoa.o)
 .glue_7        0x0c082994        0x0 E:/WF/ARM7-SDK-2011-07-20/GNU/arm-elf/lib//libc.a(lib_a-fflush.o)
 .glue_7        0x0c082994        0x0 E:/WF/ARM7-SDK-2011-07-20/GNU/arm-elf/lib//libc.a(lib_a-findfp.o)
 .glue_7        0x0c082994        0x0 E:/WF/ARM7-SDK-2011-07-20/GNU/arm-elf/lib//libc.a(lib_a-freer.o)
 .glue_7        0x0c082994        0x0 E:/WF/ARM7-SDK-2011-07-20/GNU/arm-elf/lib//libc.a(lib_a-fvwrite.o)
 .glue_7        0x0c082994        0x0 E:/WF/ARM7-SDK-2011-07-20/GNU/arm-elf/lib//libc.a(lib_a-fwalk.o)
 .glue_7        0x0c082994        0x0 E:/WF/ARM7-SDK-2011-07-20/GNU/arm-elf/lib//libc.a(lib_a-impure.o)
 .glue_7        0x0c082994        0x0 E:/WF/ARM7-SDK-2011-07-20/GNU/arm-elf/lib//libc.a(lib_a-locale.o)
 .glue_7        0x0c082994        0x0 E:/WF/ARM7-SDK-2011-07-20/GNU/arm-elf/lib//libc.a(lib_a-makebuf.o)
 .glue_7        0x0c082994        0x0 E:/WF/ARM7-SDK-2011-07-20/GNU/arm-elf/lib//libc.a(lib_a-mallocr.o)
 .glue_7        0x0c082994        0x0 E:/WF/ARM7-SDK-2011-07-20/GNU/arm-elf/lib//libc.a(lib_a-memchr.o)
 .glue_7        0x0c082994        0x0 E:/WF/ARM7-SDK-2011-07-20/GNU/arm-elf/lib//libc.a(lib_a-memmove.o)
 .glue_7        0x0c082994        0x0 E:/WF/ARM7-SDK-2011-07-20/GNU/arm-elf/lib//libc.a(lib_a-mlock.o)
 .glue_7        0x0c082994        0x0 E:/WF/ARM7-SDK-2011-07-20/GNU/arm-elf/lib//libc.a(lib_a-mprec.o)
 .glue_7        0x0c082994        0x0 E:/WF/ARM7-SDK-2011-07-20/GNU/arm-elf/lib//libc.a(lib_a-reallocr.o)
 .glue_7        0x0c082994        0x0 E:/WF/ARM7-SDK-2011-07-20/GNU/arm-elf/lib//libc.a(lib_a-s_isinfd.o)
 .glue_7        0x0c082994        0x0 E:/WF/ARM7-SDK-2011-07-20/GNU/arm-elf/lib//libc.a(lib_a-s_isnand.o)
 .glue_7        0x0c082994        0x0 E:/WF/ARM7-SDK-2011-07-20/GNU/arm-elf/lib//libc.a(lib_a-stdio.o)
 .glue_7        0x0c082994        0x0 E:/WF/ARM7-SDK-2011-07-20/GNU/arm-elf/lib//libc.a(lib_a-callocr.o)
 .glue_7        0x0c082994        0x0 E:/WF/ARM7-SDK-2011-07-20/GNU/arm-elf/lib//libc.a(lib_a-fclose.o)
 .glue_7        0x0c082994        0x0 E:/WF/ARM7-SDK-2011-07-20/HHFiles/lib//libARMPos.a(libARMPos.o)
 .glue_7        0x0c082994        0x0 E:/WF/ARM7-SDK-2011-07-20/HHFiles/lib//libARMPos.a(call_api.o)
 .glue_7        0x0c082994        0x0 E:/WF/ARM7-SDK-2011-07-20/HHFiles/lib//libext.a(exlib.o)
 .glue_7        0x0c082994        0x0 E:/WF/ARM7-SDK-2011-07-20/HHFiles/lib//libext.a(exlib_pinyin.o)
 .glue_7        0x0c082994        0x0 E:/WF/ARM7-SDK-2011-07-20/HHFiles/lib//libcard.a(libcard.o)
 .glue_7        0x0c082994        0x0 E:/WF/ARM7-SDK-2011-07-20/HHFiles/lib//libcard.a(cpucard.o)
 .glue_7        0x0c082994        0x0 E:/WF/ARM7-SDK-2011-07-20/HHFiles/lib//libcontactless.a(iso14443.o)
 .glue_7        0x0c082994        0x0 E:/WF/ARM7-SDK-2011-07-20/HHFiles/lib//libcontactless.a(mifare.o)
 .glue_7        0x0c082994        0x0 E:/WF/ARM7-SDK-2011-07-20/HHFiles/lib//libcontactless.a(port.o)
 .glue_7        0x0c082994        0x0 E:/WF/ARM7-SDK-2011-07-20/HHFiles/lib//libcontactless.a(rcxcomm.o)
 .glue_7        0x0c082994        0x0 E:/WF/ARM7-SDK-2011-07-20/HHFiles/lib//libcontactless.a(rcxreg.o)
 .glue_7        0x0c082994        0x0 E:/WF/ARM7-SDK-2011-07-20/HHFiles/lib//libdb.a(database.o)
 .glue_7        0x0c082994        0x0 E:/WF/ARM7-SDK-2011-07-20/HHFiles/lib//libsim.a(sim.o)
 .glue_7        0x0c082994        0x0 E:/WF/ARM7-SDK-2011-07-20/HHFiles/lib//libsim.a(trans.o)
 .glue_7        0x0c082994        0x0 E:/WF/ARM7-SDK-2011-07-20/GNU/arm-elf/lib//libgcc.a(_udivsi3.o)
 .glue_7        0x0c082994        0x0 E:/WF/ARM7-SDK-2011-07-20/GNU/arm-elf/lib//libgcc.a(_divsi3.o)
 .glue_7        0x0c082994        0x0 E:/WF/ARM7-SDK-2011-07-20/GNU/arm-elf/lib//libgcc.a(_umodsi3.o)
 .glue_7        0x0c082994        0x0 E:/WF/ARM7-SDK-2011-07-20/GNU/arm-elf/lib//libgcc.a(_modsi3.o)
 .glue_7        0x0c082994        0x0 E:/WF/ARM7-SDK-2011-07-20/GNU/arm-elf/lib//libgcc.a(_dvmd_tls.o)
 .glue_7        0x0c082994        0x0 E:/WF/ARM7-SDK-2011-07-20/GNU/arm-elf/lib//libgcc.a(_addsubdf3.o)
 .glue_7        0x0c082994        0x0 E:/WF/ARM7-SDK-2011-07-20/GNU/arm-elf/lib//libgcc.a(_muldivdf3.o)
 .glue_7        0x0c082994        0x0 E:/WF/ARM7-SDK-2011-07-20/GNU/arm-elf/lib//libgcc.a(_cmpdf2.o)
 .glue_7        0x0c082994        0x0 E:/WF/ARM7-SDK-2011-07-20/GNU/arm-elf/lib//libgcc.a(_fixdfsi.o)
 .glue_7        0x0c082994        0x0 E:/WF/ARM7-SDK-2011-07-20/GNU/arm-elf/lib//libgcc.a(_fixunsdfsi.o)
 .glue_7        0x0c082994        0x0 E:/WF/ARM7-SDK-2011-07-20/GNU/arm-elf/lib//libc.a(lib_a-atoi.o)
 .glue_7        0x0c082994        0x0 E:/WF/ARM7-SDK-2011-07-20/GNU/arm-elf/lib//libc.a(lib_a-atol.o)
 .glue_7        0x0c082994        0x0 E:/WF/ARM7-SDK-2011-07-20/GNU/arm-elf/lib//libc.a(lib_a-bsearch.o)
 .glue_7        0x0c082994        0x0 E:/WF/ARM7-SDK-2011-07-20/GNU/arm-elf/lib//libc.a(lib_a-ctype_.o)
 .glue_7        0x0c082994        0x0 E:/WF/ARM7-SDK-2011-07-20/GNU/arm-elf/lib//libc.a(lib_a-memcmp.o)
 .glue_7        0x0c082994        0x0 E:/WF/ARM7-SDK-2011-07-20/GNU/arm-elf/lib//libc.a(lib_a-strstr.o)
 .glue_7        0x0c082994        0x0 E:/WF/ARM7-SDK-2011-07-20/GNU/arm-elf/lib//libc.a(lib_a-strtol.o)
 .glue_7        0x0c082994        0x0 E:/WF/ARM7-SDK-2011-07-20/GNU/arm-elf/lib//libc.a(lib_a-strupr.o)
 .glue_7        0x0c082994        0x0 E:/WF/ARM7-SDK-2011-07-20/GNU/arm-elf/lib//libm.a(lib_a-w_pow.o)
 .glue_7        0x0c082994        0x0 E:/WF/ARM7-SDK-2011-07-20/GNU/arm-elf/lib//libm.a(lib_a-e_pow.o)
 .glue_7        0x0c082994        0x0 E:/WF/ARM7-SDK-2011-07-20/GNU/arm-elf/lib//libm.a(lib_a-e_sqrt.o)
 .glue_7        0x0c082994        0x0 E:/WF/ARM7-SDK-2011-07-20/GNU/arm-elf/lib//libm.a(lib_a-s_fabs.o)
 .glue_7        0x0c082994        0x0 E:/WF/ARM7-SDK-2011-07-20/GNU/arm-elf/lib//libm.a(lib_a-s_finite.o)
 .glue_7        0x0c082994        0x0 E:/WF/ARM7-SDK-2011-07-20/GNU/arm-elf/lib//libm.a(lib_a-s_lib_ver.o)
 .glue_7        0x0c082994        0x0 E:/WF/ARM7-SDK-2011-07-20/GNU/arm-elf/lib//libm.a(lib_a-s_matherr.o)
 .glue_7        0x0c082994        0x0 E:/WF/ARM7-SDK-2011-07-20/GNU/arm-elf/lib//libm.a(lib_a-s_rint.o)
 .glue_7        0x0c082994        0x0 E:/WF/ARM7-SDK-2011-07-20/GNU/arm-elf/lib//libm.a(lib_a-s_scalbn.o)
 .glue_7        0x0c082994        0x0 E:/WF/ARM7-SDK-2011-07-20/GNU/arm-elf/lib//libm.a(lib_a-s_copysign.o)
 .glue_7        0x0c082994        0x0 E:/WF/ARM7-SDK-2011-07-20/GNU/arm-elf/lib//libc.a(lib_a-errno.o)
                0x0c082994                . = ALIGN (0x4)
                0x0c082994                _etext = .

.vfp11_veneer   0x00000000        0x0
 .vfp11_veneer  0x00000000        0x0 E:/WF/develop_windows/sffhandpos/Release/crt0.o
 .vfp11_veneer  0x00000000        0x0 E:/WF/develop_windows/sffhandpos/Release/SF.o
 .vfp11_veneer  0x00000000        0x0 E:/WF/develop_windows/sffhandpos/Release/Card.o
 .vfp11_veneer  0x00000000        0x0 E:/WF/develop_windows/sffhandpos/Release/DataBase.o
 .vfp11_veneer  0x00000000        0x0 E:/WF/develop_windows/sffhandpos/Release/Common.o
 .vfp11_veneer  0x00000000        0x0 E:/WF/develop_windows/sffhandpos/Release/Gprs.o
 .vfp11_veneer  0x00000000        0x0 E:/WF/ARM7-SDK-2011-07-20/GNU/arm-elf/lib//libc.a(lib_a-memcpy.o)
 .vfp11_veneer  0x00000000        0x0 E:/WF/ARM7-SDK-2011-07-20/GNU/arm-elf/lib//libc.a(lib_a-memset.o)
 .vfp11_veneer  0x00000000        0x0 E:/WF/ARM7-SDK-2011-07-20/GNU/arm-elf/lib//libc.a(lib_a-sprintf.o)
 .vfp11_veneer  0x00000000        0x0 E:/WF/ARM7-SDK-2011-07-20/GNU/arm-elf/lib//libc.a(lib_a-strcat.o)
 .vfp11_veneer  0x00000000        0x0 E:/WF/ARM7-SDK-2011-07-20/GNU/arm-elf/lib//libc.a(lib_a-strcmp.o)
 .vfp11_veneer  0x00000000        0x0 E:/WF/ARM7-SDK-2011-07-20/GNU/arm-elf/lib//libc.a(lib_a-strcpy.o)
 .vfp11_veneer  0x00000000        0x0 E:/WF/ARM7-SDK-2011-07-20/GNU/arm-elf/lib//libc.a(lib_a-strlen.o)
 .vfp11_veneer  0x00000000        0x0 E:/WF/ARM7-SDK-2011-07-20/GNU/arm-elf/lib//libc.a(lib_a-strncpy.o)
 .vfp11_veneer  0x00000000        0x0 E:/WF/ARM7-SDK-2011-07-20/GNU/arm-elf/lib//libc.a(lib_a-strtok.o)
 .vfp11_veneer  0x00000000        0x0 E:/WF/ARM7-SDK-2011-07-20/GNU/arm-elf/lib//libc.a(lib_a-strtok_r.o)
 .vfp11_veneer  0x00000000        0x0 E:/WF/ARM7-SDK-2011-07-20/GNU/arm-elf/lib//libc.a(lib_a-vfprintf.o)
 .vfp11_veneer  0x00000000        0x0 E:/WF/ARM7-SDK-2011-07-20/GNU/arm-elf/lib//libc.a(lib_a-wcrtomb.o)
 .vfp11_veneer  0x00000000        0x0 E:/WF/ARM7-SDK-2011-07-20/GNU/arm-elf/lib//libc.a(lib_a-wcsrtombs.o)
 .vfp11_veneer  0x00000000        0x0 E:/WF/ARM7-SDK-2011-07-20/GNU/arm-elf/lib//libc.a(lib_a-wctomb_r.o)
 .vfp11_veneer  0x00000000        0x0 E:/WF/ARM7-SDK-2011-07-20/GNU/arm-elf/lib//libc.a(lib_a-wsetup.o)
 .vfp11_veneer  0x00000000        0x0 E:/WF/ARM7-SDK-2011-07-20/GNU/arm-elf/lib//libc.a(lib_a-dtoa.o)
 .vfp11_veneer  0x00000000        0x0 E:/WF/ARM7-SDK-2011-07-20/GNU/arm-elf/lib//libc.a(lib_a-fflush.o)
 .vfp11_veneer  0x00000000        0x0 E:/WF/ARM7-SDK-2011-07-20/GNU/arm-elf/lib//libc.a(lib_a-findfp.o)
 .vfp11_veneer  0x00000000        0x0 E:/WF/ARM7-SDK-2011-07-20/GNU/arm-elf/lib//libc.a(lib_a-freer.o)
 .vfp11_veneer  0x00000000        0x0 E:/WF/ARM7-SDK-2011-07-20/GNU/arm-elf/lib//libc.a(lib_a-fvwrite.o)
 .vfp11_veneer  0x00000000        0x0 E:/WF/ARM7-SDK-2011-07-20/GNU/arm-elf/lib//libc.a(lib_a-fwalk.o)
 .vfp11_veneer  0x00000000        0x0 E:/WF/ARM7-SDK-2011-07-20/GNU/arm-elf/lib//libc.a(lib_a-impure.o)
 .vfp11_veneer  0x00000000        0x0 E:/WF/ARM7-SDK-2011-07-20/GNU/arm-elf/lib//libc.a(lib_a-locale.o)
 .vfp11_veneer  0x00000000        0x0 E:/WF/ARM7-SDK-2011-07-20/GNU/arm-elf/lib//libc.a(lib_a-makebuf.o)
 .vfp11_veneer  0x00000000        0x0 E:/WF/ARM7-SDK-2011-07-20/GNU/arm-elf/lib//libc.a(lib_a-mallocr.o)
 .vfp11_veneer  0x00000000        0x0 E:/WF/ARM7-SDK-2011-07-20/GNU/arm-elf/lib//libc.a(lib_a-memchr.o)
 .vfp11_veneer  0x00000000        0x0 E:/WF/ARM7-SDK-2011-07-20/GNU/arm-elf/lib//libc.a(lib_a-memmove.o)
 .vfp11_veneer  0x00000000        0x0 E:/WF/ARM7-SDK-2011-07-20/GNU/arm-elf/lib//libc.a(lib_a-mlock.o)
 .vfp11_veneer  0x00000000        0x0 E:/WF/ARM7-SDK-2011-07-20/GNU/arm-elf/lib//libc.a(lib_a-mprec.o)
 .vfp11_veneer  0x00000000        0x0 E:/WF/ARM7-SDK-2011-07-20/GNU/arm-elf/lib//libc.a(lib_a-reallocr.o)
 .vfp11_veneer  0x00000000        0x0 E:/WF/ARM7-SDK-2011-07-20/GNU/arm-elf/lib//libc.a(lib_a-s_isinfd.o)
 .vfp11_veneer  0x00000000        0x0 E:/WF/ARM7-SDK-2011-07-20/GNU/arm-elf/lib//libc.a(lib_a-s_isnand.o)
 .vfp11_veneer  0x00000000        0x0 E:/WF/ARM7-SDK-2011-07-20/GNU/arm-elf/lib//libc.a(lib_a-stdio.o)
 .vfp11_veneer  0x00000000        0x0 E:/WF/ARM7-SDK-2011-07-20/GNU/arm-elf/lib//libc.a(lib_a-callocr.o)
 .vfp11_veneer  0x00000000        0x0 E:/WF/ARM7-SDK-2011-07-20/GNU/arm-elf/lib//libc.a(lib_a-fclose.o)
 .vfp11_veneer  0x00000000        0x0 E:/WF/ARM7-SDK-2011-07-20/HHFiles/lib//libARMPos.a(libARMPos.o)
 .vfp11_veneer  0x00000000        0x0 E:/WF/ARM7-SDK-2011-07-20/HHFiles/lib//libARMPos.a(call_api.o)
 .vfp11_veneer  0x00000000        0x0 E:/WF/ARM7-SDK-2011-07-20/HHFiles/lib//libext.a(exlib.o)
 .vfp11_veneer  0x00000000        0x0 E:/WF/ARM7-SDK-2011-07-20/HHFiles/lib//libext.a(exlib_pinyin.o)
 .vfp11_veneer  0x00000000        0x0 E:/WF/ARM7-SDK-2011-07-20/HHFiles/lib//libcard.a(libcard.o)
 .vfp11_veneer  0x00000000        0x0 E:/WF/ARM7-SDK-2011-07-20/HHFiles/lib//libcard.a(cpucard.o)
 .vfp11_veneer  0x00000000        0x0 E:/WF/ARM7-SDK-2011-07-20/HHFiles/lib//libcontactless.a(iso14443.o)
 .vfp11_veneer  0x00000000        0x0 E:/WF/ARM7-SDK-2011-07-20/HHFiles/lib//libcontactless.a(mifare.o)
 .vfp11_veneer  0x00000000        0x0 E:/WF/ARM7-SDK-2011-07-20/HHFiles/lib//libcontactless.a(port.o)
 .vfp11_veneer  0x00000000        0x0 E:/WF/ARM7-SDK-2011-07-20/HHFiles/lib//libcontactless.a(rcxcomm.o)
 .vfp11_veneer  0x00000000        0x0 E:/WF/ARM7-SDK-2011-07-20/HHFiles/lib//libcontactless.a(rcxreg.o)
 .vfp11_veneer  0x00000000        0x0 E:/WF/ARM7-SDK-2011-07-20/HHFiles/lib//libdb.a(database.o)
 .vfp11_veneer  0x00000000        0x0 E:/WF/ARM7-SDK-2011-07-20/HHFiles/lib//libsim.a(sim.o)
 .vfp11_veneer  0x00000000        0x0 E:/WF/ARM7-SDK-2011-07-20/HHFiles/lib//libsim.a(trans.o)
 .vfp11_veneer  0x00000000        0x0 E:/WF/ARM7-SDK-2011-07-20/GNU/arm-elf/lib//libgcc.a(_udivsi3.o)
 .vfp11_veneer  0x00000000        0x0 E:/WF/ARM7-SDK-2011-07-20/GNU/arm-elf/lib//libgcc.a(_divsi3.o)
 .vfp11_veneer  0x00000000        0x0 E:/WF/ARM7-SDK-2011-07-20/GNU/arm-elf/lib//libgcc.a(_umodsi3.o)
 .vfp11_veneer  0x00000000        0x0 E:/WF/ARM7-SDK-2011-07-20/GNU/arm-elf/lib//libgcc.a(_modsi3.o)
 .vfp11_veneer  0x00000000        0x0 E:/WF/ARM7-SDK-2011-07-20/GNU/arm-elf/lib//libgcc.a(_dvmd_tls.o)
 .vfp11_veneer  0x00000000        0x0 E:/WF/ARM7-SDK-2011-07-20/GNU/arm-elf/lib//libgcc.a(_addsubdf3.o)
 .vfp11_veneer  0x00000000        0x0 E:/WF/ARM7-SDK-2011-07-20/GNU/arm-elf/lib//libgcc.a(_muldivdf3.o)
 .vfp11_veneer  0x00000000        0x0 E:/WF/ARM7-SDK-2011-07-20/GNU/arm-elf/lib//libgcc.a(_cmpdf2.o)
 .vfp11_veneer  0x00000000        0x0 E:/WF/ARM7-SDK-2011-07-20/GNU/arm-elf/lib//libgcc.a(_fixdfsi.o)
 .vfp11_veneer  0x00000000        0x0 E:/WF/ARM7-SDK-2011-07-20/GNU/arm-elf/lib//libgcc.a(_fixunsdfsi.o)
 .vfp11_veneer  0x00000000        0x0 E:/WF/ARM7-SDK-2011-07-20/GNU/arm-elf/lib//libc.a(lib_a-atoi.o)
 .vfp11_veneer  0x00000000        0x0 E:/WF/ARM7-SDK-2011-07-20/GNU/arm-elf/lib//libc.a(lib_a-atol.o)
 .vfp11_veneer  0x00000000        0x0 E:/WF/ARM7-SDK-2011-07-20/GNU/arm-elf/lib//libc.a(lib_a-bsearch.o)
 .vfp11_veneer  0x00000000        0x0 E:/WF/ARM7-SDK-2011-07-20/GNU/arm-elf/lib//libc.a(lib_a-ctype_.o)
 .vfp11_veneer  0x00000000        0x0 E:/WF/ARM7-SDK-2011-07-20/GNU/arm-elf/lib//libc.a(lib_a-memcmp.o)
 .vfp11_veneer  0x00000000        0x0 E:/WF/ARM7-SDK-2011-07-20/GNU/arm-elf/lib//libc.a(lib_a-strstr.o)
 .vfp11_veneer  0x00000000        0x0 E:/WF/ARM7-SDK-2011-07-20/GNU/arm-elf/lib//libc.a(lib_a-strtol.o)
 .vfp11_veneer  0x00000000        0x0 E:/WF/ARM7-SDK-2011-07-20/GNU/arm-elf/lib//libc.a(lib_a-strupr.o)
 .vfp11_veneer  0x00000000        0x0 E:/WF/ARM7-SDK-2011-07-20/GNU/arm-elf/lib//libm.a(lib_a-w_pow.o)
 .vfp11_veneer  0x00000000        0x0 E:/WF/ARM7-SDK-2011-07-20/GNU/arm-elf/lib//libm.a(lib_a-e_pow.o)
 .vfp11_veneer  0x00000000        0x0 E:/WF/ARM7-SDK-2011-07-20/GNU/arm-elf/lib//libm.a(lib_a-e_sqrt.o)
 .vfp11_veneer  0x00000000        0x0 E:/WF/ARM7-SDK-2011-07-20/GNU/arm-elf/lib//libm.a(lib_a-s_fabs.o)
 .vfp11_veneer  0x00000000        0x0 E:/WF/ARM7-SDK-2011-07-20/GNU/arm-elf/lib//libm.a(lib_a-s_finite.o)
 .vfp11_veneer  0x00000000        0x0 E:/WF/ARM7-SDK-2011-07-20/GNU/arm-elf/lib//libm.a(lib_a-s_lib_ver.o)
 .vfp11_veneer  0x00000000        0x0 E:/WF/ARM7-SDK-2011-07-20/GNU/arm-elf/lib//libm.a(lib_a-s_matherr.o)
 .vfp11_veneer  0x00000000        0x0 E:/WF/ARM7-SDK-2011-07-20/GNU/arm-elf/lib//libm.a(lib_a-s_rint.o)
 .vfp11_veneer  0x00000000        0x0 E:/WF/ARM7-SDK-2011-07-20/GNU/arm-elf/lib//libm.a(lib_a-s_scalbn.o)
 .vfp11_veneer  0x00000000        0x0 E:/WF/ARM7-SDK-2011-07-20/GNU/arm-elf/lib//libm.a(lib_a-s_copysign.o)
 .vfp11_veneer  0x00000000        0x0 E:/WF/ARM7-SDK-2011-07-20/GNU/arm-elf/lib//libc.a(lib_a-errno.o)

.data           0x0c082998    0x1696c
                0x0c082998                . = ALIGN (0x4)
                0x0c082998                _data = .
 *(.data)
 .data          0x0c082998        0xc E:/WF/develop_windows/sffhandpos/Release/crt0.o
                0x0c082998                environ
                0x0c08299c                stack_ptr
                0x0c0829a0                funcmain
 .data          0x0c0829a4        0x0 E:/WF/develop_windows/sffhandpos/Release/SF.o
 .data          0x0c0829a4        0x8 E:/WF/develop_windows/sffhandpos/Release/Card.o
                0x0c0829a4                dummy_key
 .data          0x0c0829ac        0x0 E:/WF/develop_windows/sffhandpos/Release/DataBase.o
 .data          0x0c0829ac        0x0 E:/WF/develop_windows/sffhandpos/Release/Common.o
 .data          0x0c0829ac        0x0 E:/WF/develop_windows/sffhandpos/Release/Gprs.o
 .data          0x0c0829ac        0x0 E:/WF/ARM7-SDK-2011-07-20/GNU/arm-elf/lib//libc.a(lib_a-memcpy.o)
 .data          0x0c0829ac        0x0 E:/WF/ARM7-SDK-2011-07-20/GNU/arm-elf/lib//libc.a(lib_a-memset.o)
 .data          0x0c0829ac        0x0 E:/WF/ARM7-SDK-2011-07-20/GNU/arm-elf/lib//libc.a(lib_a-sprintf.o)
 .data          0x0c0829ac        0x0 E:/WF/ARM7-SDK-2011-07-20/GNU/arm-elf/lib//libc.a(lib_a-strcat.o)
 .data          0x0c0829ac        0x0 E:/WF/ARM7-SDK-2011-07-20/GNU/arm-elf/lib//libc.a(lib_a-strcmp.o)
 .data          0x0c0829ac        0x0 E:/WF/ARM7-SDK-2011-07-20/GNU/arm-elf/lib//libc.a(lib_a-strcpy.o)
 .data          0x0c0829ac        0x0 E:/WF/ARM7-SDK-2011-07-20/GNU/arm-elf/lib//libc.a(lib_a-strlen.o)
 .data          0x0c0829ac        0x0 E:/WF/ARM7-SDK-2011-07-20/GNU/arm-elf/lib//libc.a(lib_a-strncpy.o)
 .data          0x0c0829ac        0x0 E:/WF/ARM7-SDK-2011-07-20/GNU/arm-elf/lib//libc.a(lib_a-strtok.o)
 .data          0x0c0829ac        0x0 E:/WF/ARM7-SDK-2011-07-20/GNU/arm-elf/lib//libc.a(lib_a-strtok_r.o)
 .data          0x0c0829ac        0x0 E:/WF/ARM7-SDK-2011-07-20/GNU/arm-elf/lib//libc.a(lib_a-vfprintf.o)
 .data          0x0c0829ac        0x0 E:/WF/ARM7-SDK-2011-07-20/GNU/arm-elf/lib//libc.a(lib_a-wcrtomb.o)
 .data          0x0c0829ac        0x0 E:/WF/ARM7-SDK-2011-07-20/GNU/arm-elf/lib//libc.a(lib_a-wcsrtombs.o)
 .data          0x0c0829ac        0x0 E:/WF/ARM7-SDK-2011-07-20/GNU/arm-elf/lib//libc.a(lib_a-wctomb_r.o)
 .data          0x0c0829ac        0x0 E:/WF/ARM7-SDK-2011-07-20/GNU/arm-elf/lib//libc.a(lib_a-wsetup.o)
 .data          0x0c0829ac        0x0 E:/WF/ARM7-SDK-2011-07-20/GNU/arm-elf/lib//libc.a(lib_a-dtoa.o)
 .data          0x0c0829ac        0x0 E:/WF/ARM7-SDK-2011-07-20/GNU/arm-elf/lib//libc.a(lib_a-fflush.o)
 .data          0x0c0829ac        0x0 E:/WF/ARM7-SDK-2011-07-20/GNU/arm-elf/lib//libc.a(lib_a-findfp.o)
 .data          0x0c0829ac        0x0 E:/WF/ARM7-SDK-2011-07-20/GNU/arm-elf/lib//libc.a(lib_a-freer.o)
 .data          0x0c0829ac        0x0 E:/WF/ARM7-SDK-2011-07-20/GNU/arm-elf/lib//libc.a(lib_a-fvwrite.o)
 .data          0x0c0829ac        0x0 E:/WF/ARM7-SDK-2011-07-20/GNU/arm-elf/lib//libc.a(lib_a-fwalk.o)
 .data          0x0c0829ac      0x404 E:/WF/ARM7-SDK-2011-07-20/GNU/arm-elf/lib//libc.a(lib_a-impure.o)
                0x0c0829ac                _impure_ptr
 .data          0x0c082db0       0x10 E:/WF/ARM7-SDK-2011-07-20/GNU/arm-elf/lib//libc.a(lib_a-locale.o)
                0x0c082db0                __mb_cur_max
                0x0c082db4                __lc_ctype
 .data          0x0c082dc0        0x0 E:/WF/ARM7-SDK-2011-07-20/GNU/arm-elf/lib//libc.a(lib_a-makebuf.o)
 .data          0x0c082dc0      0x410 E:/WF/ARM7-SDK-2011-07-20/GNU/arm-elf/lib//libc.a(lib_a-mallocr.o)
                0x0c0831cc                __malloc_sbrk_base
                0x0c082dc0                __malloc_av_
                0x0c0831c8                __malloc_trim_threshold
 .data          0x0c0831d0        0x0 E:/WF/ARM7-SDK-2011-07-20/GNU/arm-elf/lib//libc.a(lib_a-memchr.o)
 .data          0x0c0831d0        0x0 E:/WF/ARM7-SDK-2011-07-20/GNU/arm-elf/lib//libc.a(lib_a-memmove.o)
 .data          0x0c0831d0        0x0 E:/WF/ARM7-SDK-2011-07-20/GNU/arm-elf/lib//libc.a(lib_a-mlock.o)
 .data          0x0c0831d0        0x0 E:/WF/ARM7-SDK-2011-07-20/GNU/arm-elf/lib//libc.a(lib_a-mprec.o)
 .data          0x0c0831d0        0x0 E:/WF/ARM7-SDK-2011-07-20/GNU/arm-elf/lib//libc.a(lib_a-reallocr.o)
 .data          0x0c0831d0        0x0 E:/WF/ARM7-SDK-2011-07-20/GNU/arm-elf/lib//libc.a(lib_a-s_isinfd.o)
 .data          0x0c0831d0        0x0 E:/WF/ARM7-SDK-2011-07-20/GNU/arm-elf/lib//libc.a(lib_a-s_isnand.o)
 .data          0x0c0831d0        0x0 E:/WF/ARM7-SDK-2011-07-20/GNU/arm-elf/lib//libc.a(lib_a-stdio.o)
 .data          0x0c0831d0        0x0 E:/WF/ARM7-SDK-2011-07-20/GNU/arm-elf/lib//libc.a(lib_a-callocr.o)
 .data          0x0c0831d0        0x0 E:/WF/ARM7-SDK-2011-07-20/GNU/arm-elf/lib//libc.a(lib_a-fclose.o)
 .data          0x0c0831d0        0x0 E:/WF/ARM7-SDK-2011-07-20/HHFiles/lib//libARMPos.a(libARMPos.o)
 .data          0x0c0831d0        0x0 E:/WF/ARM7-SDK-2011-07-20/HHFiles/lib//libARMPos.a(call_api.o)
 .data          0x0c0831d0        0x0 E:/WF/ARM7-SDK-2011-07-20/HHFiles/lib//libext.a(exlib.o)
 .data          0x0c0831d0     0x5ce8 E:/WF/ARM7-SDK-2011-07-20/HHFiles/lib//libext.a(exlib_pinyin.o)
                0x0c086cb0                PY_mb_tu
                0x0c084f40                PY_mb_ka
                0x0c083a50                PY_mb_chui
                0x0c0864c8                PY_mb_san
                0x0c084764                PY_mb_hou
                0x0c0836ac                PY_mb_cao
                0x0c083e00                PY_mb_die
                0x0c087080                PY_mb_xia
                0x0c088148                PY_mb_zuo
                0x0c086c54                PY_mb_tong
                0x0c0852c8                PY_mb_leng
                0x0c0844a0                PY_mb_gua
                0x0c087b8c                PY_mb_zei
                0x0c083a38                PY_mb_chuang
                0x0c0836c8                PY_mb_ce
                0x0c0864ec                PY_mb_sao
                0x0c087d14                PY_mb_zhen
                0x0c087c00                PY_mb_zhai
                0x0c085f48                PY_mb_pu
                0x0c0879f8                PY_mb_yuan
                0x0c086914                PY_mb_song
                0x0c08470c                PY_mb_hei
                0x0c083bc8                PY_mb_da
                0x0c085730                PY_mb_mang
                0x0c0885ec                PY_index_k
                0x0c085bd0                PY_mb_nuo
                0x0c084a9c                PY_mb_jia
                0x0c085ab0                PY_mb_ng
                0x0c08403c                PY_mb_fa
                0x0c087e74                PY_mb_zhong
                0x0c0880e0                PY_mb_zu
                0x0c086d9c                PY_mb_wai
                0x0c085b60                PY_mb_ning
                0x0c088944                PY_index_q
                0x0c087654                PY_mb_yen
                0x0c0872fc                PY_mb_xiu
                0x0c086cec                PY_mb_tui
                0x0c084d94                PY_mb_jiong
                0x0c086060                PY_mb_qia
                0x0c087ef8                PY_mb_zhu
                0x0c0880c8                PY_mb_zou
                0x0c086c18                PY_mb_tie
                0x0c0837e4                PY_mb_chao
                0x0c085704                PY_mb_man
                0x0c0853e0                PY_mb_liang
                0x0c084b04                PY_mb_jian
                0x0c0888a4                PY_index_o
                0x0c083ce0                PY_mb_de
                0x0c08512c                PY_mb_kui
                0x0c084c54                PY_mb_jie
                0x0c086338                PY_mb_que
                0x0c0842a0                PY_mb_gan
                0x0c0851ec                PY_mb_lan
                0x0c084cdc                PY_mb_jin
                0x0c0859f4                PY_mb_na
                0x0c085098                PY_mb_ku
                0x0c086b60                PY_mb_ti
                0x0c083ec4                PY_mb_du
                0x0c085554                PY_mb_lou
                0x0c0855e4                PY_mb_luan
                0x0c087288                PY_mb_xin
                0x0c08451c                PY_mb_gui
                0x0c0869a0                PY_mb_sui
                0x0c087dac                PY_mb_zhi
                0x0c088120                PY_mb_zui
                0x0c0880b0                PY_mb_zong
                0x0c0864c4                PY_mb_sal
                0x0c087a50                PY_mb_yue
                0x0c083d84                PY_mb_dian
                0x0c0844c0                PY_mb_guai
                0x0c08350c                PY_mb_biao
                0x0c083a84                PY_mb_chuo
                0x0c086be8                PY_mb_tiao
                0x0c0831d0                PY_mb_a
                0x0c084148                PY_mb_feng
                0x0c085ed8                PY_mb_ping
                0x0c0884dc                PY_index_h
                0x0c0856b8                PY_mb_ma
                0x0c084278                PY_mb_gai
                0x0c0839b0                PY_mb_chu
                0x0c086d78                PY_mb_uu
                0x0c085b10                PY_mb_niang
                0x0c085198                PY_mb_kuo
                0x0c085f90                PY_mb_q
                0x0c085294                PY_mb_lei
                0x0c084f7c                PY_mb_kan
                0x0c085e84                PY_mb_piao
                0x0c08400c                PY_mb_ei
                0x0c088c34                PY_index_x
                0x0c084188                PY_mb_fou
                0x0c085bf0                PY_mb_nv
                0x0c087bb0                PY_mb_zha
                0x0c083e64                PY_mb_diu
                0x0c08574c                PY_mb_mao
                0x0c083a00                PY_mb_chua
                0x0c087c28                PY_mb_zhan
                0x0c087b04                PY_mb_zan
                0x0c08649c                PY_mb_sa
                0x0c087328                PY_mb_xu
                0x0c085f94                PY_mb_qi
                0x0c087798                PY_mb_yin
                0x0c08874c                PY_index_m
                0x0c085eb8                PY_mb_pin
                0x0c085d04                PY_mb_pei
                0x0c085aac                PY_mb_neus
                0x0c084be0                PY_mb_jiao
                0x0c086e1c                PY_mb_wei
                0x0c08473c                PY_mb_hong
                0x0c0854e0                PY_mb_liu
                0x0c086df4                PY_mb_wang
                0x0c0845cc                PY_mb_ha
                0x0c087fcc                PY_mb_zhui
                0x0c086130                PY_mb_qiao
                0x0c085c58                PY_mb_pai
                0x0c083e6c                PY_mb_dong
                0x0c0852d4                PY_mb_li
                0x0c083f64                PY_mb_duo
                0x0c085c74                PY_mb_pan
                0x0c08817c                PY_index_a
                0x0c0877f8                PY_mb_ying
                0x0c085528                PY_mb_long
                0x0c084434                PY_mb_gu
                0x0c086890                PY_mb_shuo
                0x0c084714                PY_mb_hen
                0x0c085828                PY_mb_mi
                0x0c085034                PY_mb_kei
                0x0c086d7c                PY_mb_wa
                0x0c085578                PY_mb_lu
                0x0c083dc4                PY_mb_diao
                0x0c085b18                PY_mb_niao
                0x0c086f30                PY_mb_wu
                0x0c086f00                PY_mb_wo
                0x0c085394                PY_mb_lian
                0x0c0851b0                PY_mb_la
                0x0c08401c                PY_mb_er
                0x0c084180                PY_mb_fiao
                0x0c086484                PY_mb_run
                0x0c0865d0                PY_mb_shang
                0x0c083ca4                PY_mb_dao
                0x0c084e84                PY_mb_juan
                0x0c087b60                PY_mb_ze
                0x0c08524c                PY_mb_lao
                0x0c087658                PY_mb_yi
                0x0c08482c                PY_mb_huai
                0x0c086660                PY_mb_shen
                0x0c085a9c                PY_mb_nen
                0x0c084304                PY_mb_gao
                0x0c084988                PY_mb_ji
                0x0c0865f0                PY_mb_shao
                0x0c083330                PY_mb_bang
                0x0c088bec                PY_index_w
                0x0c0836f8                PY_mb_cha
                0x0c0868b4                PY_mb_si
                0x0c083b2c                PY_mb_cu
                0x0c085e30                PY_mb_pianpang
                0x0c085608                PY_mb_lun
                0x0c087ad4                PY_mb_za
                0x0c08720c                PY_mb_xie
                0x0c087f88                PY_mb_zhuai
                0x0c0869d0                PY_mb_sun
                0x0c084fa4                PY_mb_kang
                0x0c0832d4                PY_mb_bai
                0x0c08637c                PY_mb_rang
                0x0c086a1c                PY_mb_ta
                0x0c083738                PY_mb_chai
                0x0c0845fc                PY_mb_han
                0x0c088224                PY_index_c
                0x0c0866d4                PY_mb_shi
                0x0c087458                PY_mb_ya
                0x0c085d38                PY_mb_pen
                0x0c086d2c                PY_mb_tuo
                0x0c087d6c                PY_mb_zheng
                0x0c08425c                PY_mb_ga
                0x0c085f30                PY_mb_pou
                0x0c0847fc                PY_mb_hua
                0x0c0836dc                PY_mb_cen
                0x0c08857c                PY_index_j
                0x0c08810c                PY_mb_zuan
                0x0c083400                PY_mb_beng
                0x0c088138                PY_mb_zun
                0x0c087fac                PY_mb_zhuang
                0x0c085ab8                PY_mb_ni
                0x0c0837a4                PY_mb_chang
                0x0c085460                PY_mb_lin
                0x0c0887e4                PY_index_n
                0x0c088444                PY_index_g
                0x0c085c08                PY_mb_o
                0x0c0867ac                PY_mb_shu
                0x0c0856b4                PY_mb_m
                0x0c084fc4                PY_mb_kao
                0x0c08325c                PY_mb_ao
                0x0c087ccc                PY_mb_zhe
                0x0c083878                PY_mb_cheng
                0x0c0873dc                PY_mb_xue
                0x0c087a8c                PY_mb_yun
                0x0c085930                PY_mb_mo
                0x0c087400                PY_mb_xun
                0x0c0863ec                PY_mb_ri
                0x0c083628                PY_mb_bu
                0x0c085524                PY_mb_lo
                0x0c087c64                PY_mb_zhang
                0x0c085064                PY_mb_keop
                0x0c0833e8                PY_mb_ben
                0x0c08645c                PY_mb_ruan
                0x0c0871a0                PY_mb_xiao
                0x0c085c00                PY_mb_nve
                0x0c083f3c                PY_mb_dun
                0x0c0836f4                PY_mb_ceok
                0x0c08685c                PY_mb_shuang
                0x0c085aec                PY_mb_nian
                0x0c0883dc                PY_index_e
                0x0c08684c                PY_mb_shuan
                0x0c088b3c                PY_index_t
                0x0c087158                PY_mb_xiang
                0x0c086a50                PY_mb_tai
                0x0c0852c4                PY_mb_len
                0x0c086204                PY_mb_qing
                0x0c0863f0                PY_mb_rong