Archive member included because of file (symbol)

E:/WF/ARM7-SDK-2011-07-20/GNU/arm-elf/lib//libc.a(lib_a-memcpy.o)
                              E:/WF/develop_windows/sffhandpos/Release/SF.o (memcpy)
E:/WF/ARM7-SDK-2011-07-20/GNU/arm-elf/lib//libc.a(lib_a-memset.o)
                              E:/WF/develop_windows/sffhandpos/Release/SF.o (memset)
E:/WF/ARM7-SDK-2011-07-20/GNU/arm-elf/lib//libc.a(lib_a-sprintf.o)
                              E:/WF/develop_windows/sffhandpos/Release/DataBase.o (sprintf)
E:/WF/ARM7-SDK-2011-07-20/GNU/arm-elf/lib//libc.a(lib_a-strcat.o)
                              E:/WF/develop_windows/sffhandpos/Release/DataBase.o (strcat)
E:/WF/ARM7-SDK-2011-07-20/GNU/arm-elf/lib//libc.a(lib_a-strcmp.o)
                              E:/WF/develop_windows/sffhandpos/Release/DataBase.o (strcmp)
E:/WF/ARM7-SDK-2011-07-20/GNU/arm-elf/lib//libc.a(lib_a-strcpy.o)
                              E:/WF/develop_windows/sffhandpos/Release/SF.o (strcpy)
E:/WF/ARM7-SDK-2011-07-20/GNU/arm-elf/lib//libc.a(lib_a-strlen.o)
                              E:/WF/develop_windows/sffhandpos/Release/SF.o (strlen)
E:/WF/ARM7-SDK-2011-07-20/GNU/arm-elf/lib//libc.a(lib_a-strncpy.o)
                              E:/WF/develop_windows/sffhandpos/Release/DataBase.o (strncpy)
E:/WF/ARM7-SDK-2011-07-20/GNU/arm-elf/lib//libc.a(lib_a-strtok.o)
                              E:/WF/develop_windows/sffhandpos/Release/DataBase.o (strtok)
E:/WF/ARM7-SDK-2011-07-20/GNU/arm-elf/lib//libc.a(lib_a-strtok_r.o)
                              E:/WF/ARM7-SDK-2011-07-20/GNU/arm-elf/lib//libc.a(lib_a-strtok.o) (__strtok_r)
E:/WF/ARM7-SDK-2011-07-20/GNU/arm-elf/lib//libc.a(lib_a-vfprintf.o)
                              E:/WF/ARM7-SDK-2011-07-20/GNU/arm-elf/lib//libc.a(lib_a-sprintf.o) (_vfprintf_r)
E:/WF/ARM7-SDK-2011-07-20/GNU/arm-elf/lib//libc.a(lib_a-wcrtomb.o)
                              E:/WF/ARM7-SDK-2011-07-20/GNU/arm-elf/lib//libc.a(lib_a-vfprintf.o) (_wcrtomb_r)
E:/WF/ARM7-SDK-2011-07-20/GNU/arm-elf/lib//libc.a(lib_a-wcsrtombs.o)
                              E:/WF/ARM7-SDK-2011-07-20/GNU/arm-elf/lib//libc.a(lib_a-vfprintf.o) (_wcsrtombs_r)
E:/WF/ARM7-SDK-2011-07-20/GNU/arm-elf/lib//libc.a(lib_a-wctomb_r.o)
                              E:/WF/ARM7-SDK-2011-07-20/GNU/arm-elf/lib//libc.a(lib_a-wcrtomb.o) (_wctomb_r)
E:/WF/ARM7-SDK-2011-07-20/GNU/arm-elf/lib//libc.a(lib_a-wsetup.o)
                              E:/WF/ARM7-SDK-2011-07-20/GNU/arm-elf/lib//libc.a(lib_a-vfprintf.o) (__swsetup)
E:/WF/ARM7-SDK-2011-07-20/GNU/arm-elf/lib//libc.a(lib_a-dtoa.o)
                              E:/WF/ARM7-SDK-2011-07-20/GNU/arm-elf/lib//libc.a(lib_a-vfprintf.o) (_dtoa_r)
E:/WF/ARM7-SDK-2011-07-20/GNU/arm-elf/lib//libc.a(lib_a-fflush.o)
                              E:/WF/ARM7-SDK-2011-07-20/GNU/arm-elf/lib//libc.a(lib_a-vfprintf.o) (fflush)
E:/WF/ARM7-SDK-2011-07-20/GNU/arm-elf/lib//libc.a(lib_a-findfp.o)
                              E:/WF/ARM7-SDK-2011-07-20/GNU/arm-elf/lib//libc.a(lib_a-vfprintf.o) (__sinit)
E:/WF/ARM7-SDK-2011-07-20/GNU/arm-elf/lib//libc.a(lib_a-freer.o)
                              E:/WF/ARM7-SDK-2011-07-20/GNU/arm-elf/lib//libc.a(lib_a-vfprintf.o) (_free_r)
E:/WF/ARM7-SDK-2011-07-20/GNU/arm-elf/lib//libc.a(lib_a-fvwrite.o)
                              E:/WF/ARM7-SDK-2011-07-20/GNU/arm-elf/lib//libc.a(lib_a-vfprintf.o) (__sfvwrite_r)
E:/WF/ARM7-SDK-2011-07-20/GNU/arm-elf/lib//libc.a(lib_a-fwalk.o)
                              E:/WF/ARM7-SDK-2011-07-20/GNU/arm-elf/lib//libc.a(lib_a-fflush.o) (_fwalk)
E:/WF/ARM7-SDK-2011-07-20/GNU/arm-elf/lib//libc.a(lib_a-impure.o)
                              E:/WF/ARM7-SDK-2011-07-20/GNU/arm-elf/lib//libc.a(lib_a-sprintf.o) (_impure_ptr)
E:/WF/ARM7-SDK-2011-07-20/GNU/arm-elf/lib//libc.a(lib_a-locale.o)
                              E:/WF/ARM7-SDK-2011-07-20/GNU/arm-elf/lib//libc.a(lib_a-vfprintf.o) (localeconv)
E:/WF/ARM7-SDK-2011-07-20/GNU/arm-elf/lib//libc.a(lib_a-makebuf.o)
                              E:/WF/ARM7-SDK-2011-07-20/GNU/arm-elf/lib//libc.a(lib_a-wsetup.o) (__smakebuf)
E:/WF/ARM7-SDK-2011-07-20/GNU/arm-elf/lib//libc.a(lib_a-mallocr.o)
                              E:/WF/ARM7-SDK-2011-07-20/GNU/arm-elf/lib//libc.a(lib_a-vfprintf.o) (_malloc_r)
E:/WF/ARM7-SDK-2011-07-20/GNU/arm-elf/lib//libc.a(lib_a-memchr.o)
                              E:/WF/ARM7-SDK-2011-07-20/GNU/arm-elf/lib//libc.a(lib_a-vfprintf.o) (memchr)
E:/WF/ARM7-SDK-2011-07-20/GNU/arm-elf/lib//libc.a(lib_a-memmove.o)
                              E:/WF/ARM7-SDK-2011-07-20/GNU/arm-elf/lib//libc.a(lib_a-fvwrite.o) (memmove)
E:/WF/ARM7-SDK-2011-07-20/GNU/arm-elf/lib//libc.a(lib_a-mlock.o)
                              E:/WF/ARM7-SDK-2011-07-20/GNU/arm-elf/lib//libc.a(lib_a-freer.o) (__malloc_lock)
E:/WF/ARM7-SDK-2011-07-20/GNU/arm-elf/lib//libc.a(lib_a-mprec.o)
                              E:/WF/ARM7-SDK-2011-07-20/GNU/arm-elf/lib//libc.a(lib_a-dtoa.o) (_Bfree)
[...]
Memory Configuration

Name             Origin             Length             Attributes
ram              0x0c060000         0x007a0000
*default*        0x00000000         0xffffffff

Linker script and memory map

LOAD E:/WF/develop_windows/sffhandpos/Release/crt0.o
LOAD E:/WF/develop_windows/sffhandpos/Release/SF.o
LOAD E:/WF/develop_windows/sffhandpos/Release/Card.o
LOAD E:/WF/develop_windows/sffhandpos/Release/DataBase.o
LOAD E:/WF/develop_windows/sffhandpos/Release/Common.o
LOAD E:/WF/develop_windows/sffhandpos/Release/Gprs.o
START GROUP
LOAD E:/WF/ARM7-SDK-2011-07-20/GNU/arm-elf/lib//libgcc.a
LOAD E:/WF/ARM7-SDK-2011-07-20/GNU/arm-elf/lib//libc.a
LOAD E:/WF/ARM7-SDK-2011-07-20/GNU/arm-elf/lib//libg.a
LOAD E:/WF/ARM7-SDK-2011-07-20/GNU/arm-elf/lib//libm.a
LOAD E:/WF/ARM7-SDK-2011-07-20/HHFiles/lib//libARMPos.a
LOAD E:/WF/ARM7-SDK-2011-07-20/HHFiles/lib//libext.a
LOAD E:/WF/ARM7-SDK-2011-07-20/HHFiles/lib//libcard.a
LOAD E:/WF/ARM7-SDK-2011-07-20/HHFiles/lib//libcontactless.a
LOAD E:/WF/ARM7-SDK-2011-07-20/HHFiles/lib//libmagcard.a
LOAD E:/WF/ARM7-SDK-2011-07-20/HHFiles/lib//libsound.a
LOAD E:/WF/ARM7-SDK-2011-07-20/HHFiles/lib//libdb.a
LOAD E:/WF/ARM7-SDK-2011-07-20/HHFiles/lib//libfinger.a
LOAD E:/WF/ARM7-SDK-2011-07-20/HHFiles/lib//libjpg.a
LOAD E:/WF/ARM7-SDK-2011-07-20/HHFiles/lib//libsim.a
LOAD E:/WF/ARM7-SDK-2011-07-20/HHFiles/lib//libusb.a
LOAD E:/WF/ARM7-SDK-2011-07-20/HHFiles/lib//libupdown.a
LOAD E:/WF/ARM7-SDK-2011-07-20/HHFiles/lib//libprinter.a
LOAD E:/WF/ARM7-SDK-2011-07-20/HHFiles/lib//libtcpip.a
LOAD E:/WF/ARM7-SDK-2011-07-20/HHFiles/lib//librf433.a
END GROUP

.text           0x0c060000    0x22c78
                0x0c060000                _stext = .
 *(.text)
 .text          0x0c060000      0x324 E:/WF/develop_windows/sffhandpos/Release/crt0.o
                0x0c060168                _lseek_r
                0x0c060254                _stat_r
                0x0c0602dc                GetBaseOfRO
                0x0c060264                times
                0x0c0600e8                _fstat_r
                0x0c060090                execve
                0x0c060108                getpid
                0x0c0600c0                _fork_r
                0x0c060188                _open64_r
                0x0c060110                isatty
                0x0c0601f4                _sbrk_r
                0x0c060198                _read_r
                0x0c06030c                GetBaseOfZI
                0x0c060300                GetEndOfRW
                0x0c060160                lseek
                0x0c0602e8                GetEndOfRO
                0x0c060318                GetEndOfZI
                0x0c060284                _unlink_r
                0x0c0602cc                write
                0x0c0600d8                fstat
                0x0c060118                kill
                0x0c06029c                wait
                0x0c060000                _start
                0x0c060190                read
                0x0c060180                _open_r
                0x0c0602f4                GetBaseOfRW
                0x0c06026c                unlink
                0x0c060088                _close_r
                0x0c0602b4                _wait_r
                0x0c0600a8                fork
                0x0c0601a0                sbrk
                0x0c060148                _link_r
                0x0c0602d4                _write_r
                0x0c060170                _lseek64_r
                0x0c060244                stat
                0x0c060130                link
                0x0c0600f8                _fstat64_r
                0x0c060178                open
                0x0c060080                close
 .text          0x0c060324     0x10a4 E:/WF/develop_windows/sffhandpos/Release/SF.o
                0x0c06074c                OpenGPRS
                0x0c061268                MainMenu
                0x0c060e44                SubmitData
                0x0c06079c                Query
                0x0c06043c                Alert
                0x0c0613ac                main
                0x0c060360                GetInfo
                0x0c060b2c                InitSystem
                0x0c060604                SysSetMenu
                0x0c060bb8                browse_info
                0x0c0604dc                FormatDatabase
                0x0c060324                PackUpMenuData
                0x0c060dc0                Display
 .text          0x0c0613c8      0x7d4 E:/WF/develop_windows/sffhandpos/Release/Card.o
                0x0c061b4c                LoginByCard
                0x0c061afc                LoginToSubmit
                0x0c061550                ultralight_local_read_card
                0x0c0614f4                ultralight_read_card
                0x0c0614f0                ultralight_close
                0x0c0613c8                ultralight_find_card
                0x0c0617c4                ReadNameAndPassword
                0x0c061528                ultralight_init
 .text          0x0c061b9c      0xb24 E:/WF/develop_windows/sffhandpos/Release/DataBase.o
                0x0c062514                AddOneRecord
                0x0c0624cc                FindDatabase
                0x0c061fc0                HandleRecvData
                0x0c061b9c                UpdateDatabase
                0x0c062218                EncodeSendData
                0x0c0621d0                CheckDB
                0x0c0625c4                CreateDatabase
 .text          0x0c0626c0      0x668 E:/WF/develop_windows/sffhandpos/Release/Common.o
                0x0c062c0c                GetSysTime
                0x0c062c64                WarningBeep
                0x0c06295c                Modify_Date
                0x0c062780                Modify_Time
                0x0c0626c0                input_date_time
 .text          0x0c062d28      0x394 E:/WF/develop_windows/sffhandpos/Release/Gprs.o
                0x0c062edc                sim300_close
                0x0c062f54                sim300_init
                0x0c062f08                DisConnectServer
                0x0c062d28                GetRecvData
                0x0c062d9c                SendData
                0x0c062dec                ConnectServer
 .text          0x0c0630bc       0xa8 E:/WF/ARM7-SDK-2011-07-20/GNU/arm-elf/lib//libc.a(lib_a-memcpy.o)
                0x0c0630bc                memcpy
 .text          0x0c063164       0x98 E:/WF/ARM7-SDK-2011-07-20/GNU/arm-elf/lib//libc.a(lib_a-memset.o)
                0x0c063164                memset
 .text          0x0c0631fc       0xdc E:/WF/ARM7-SDK-2011-07-20/GNU/arm-elf/lib//libc.a(lib_a-sprintf.o)
                0x0c063270                _sprintf_r
                0x0c0631fc                sprintf
 .text          0x0c0632d8       0xa4 E:/WF/ARM7-SDK-2011-07-20/GNU/arm-elf/lib//libc.a(lib_a-strcat.o)
                0x0c0632d8                strcat
 .text          0x0c06337c       0xe8 E:/WF/ARM7-SDK-2011-07-20/GNU/arm-elf/lib//libc.a(lib_a-strcmp.o)
                0x0c06337c                strcmp
 .text          0x0c063464       0x9c E:/WF/ARM7-SDK-2011-07-20/GNU/arm-elf/lib//libc.a(lib_a-strcpy.o)
                0x0c063464                strcpy
 .text          0x0c063500       0x68 E:/WF/ARM7-SDK-2011-07-20/GNU/arm-elf/lib//libc.a(lib_a-strlen.o)
                0x0c063500                strlen
 .text          0x0c063568      0x104 E:/WF/ARM7-SDK-2011-07-20/GNU/arm-elf/lib//libc.a(lib_a-strncpy.o)
                0x0c063568                strncpy
 .text          0x0c06366c       0x18 E:/WF/ARM7-SDK-2011-07-20/GNU/arm-elf/lib//libc.a(lib_a-strtok.o)
                0x0c06366c                strtok
 .text          0x0c063684       0xc4 E:/WF/ARM7-SDK-2011-07-20/GNU/arm-elf/lib//libc.a(lib_a-strtok_r.o)
                0x0c063740                strtok_r
                0x0c063684                __strtok_r
 .text          0x0c063748     0x2080 E:/WF/ARM7-SDK-2011-07-20/GNU/arm-elf/lib//libc.a(lib_a-vfprintf.o)
                0x0c063778                _vfprintf_r
                0x0c06579c                vfprintf
 .text          0x0c0657c8       0x74 E:/WF/ARM7-SDK-2011-07-20/GNU/arm-elf/lib//libc.a(lib_a-wcrtomb.o)
                0x0c0657c8                _wcrtomb_r
                0x0c065810                wcrtomb
 .text          0x0c06583c      0x180 E:/WF/ARM7-SDK-2011-07-20/GNU/arm-elf/lib//libc.a(lib_a-wcsrtombs.o)
                0x0c06583c                _wcsrtombs_r
                0x0c06597c                wcsrtombs
 .text          0x0c0659bc      0x420 E:/WF/ARM7-SDK-2011-07-20/GNU/arm-elf/lib//libc.a(lib_a-wctomb_r.o)
                0x0c0659bc                _wctomb_r
 .text          0x0c065ddc      0x110 E:/WF/ARM7-SDK-2011-07-20/GNU/arm-elf/lib//libc.a(lib_a-wsetup.o)
                0x0c065ddc                __swsetup
 .text          0x0c065eec     0x16f4 E:/WF/ARM7-SDK-2011-07-20/GNU/arm-elf/lib//libc.a(lib_a-dtoa.o)
                0x0c066114                _dtoa_r
 .text          0x0c0675e0      0x1ac E:/WF/ARM7-SDK-2011-07-20/GNU/arm-elf/lib//libc.a(lib_a-fflush.o)
                0x0c0675e0                fflush
 .text          0x0c06778c      0x26c E:/WF/ARM7-SDK-2011-07-20/GNU/arm-elf/lib//libc.a(lib_a-findfp.o)
                0x0c0677f8                __sinit
                0x0c0678d0                __sfmoreglue
                0x0c0678c0                _cleanup
                0x0c0678b4                _cleanup_r
                0x0c06789c                __fp_lock_all
                0x0c0677e8                __sfp_lock_acquire
                0x0c067920                __sfp
                0x0c0677f4                __sinit_lock_release
                0x0c067884                __fp_unlock_all
                0x0c0677ec                __sfp_lock_release
                0x0c0677f0                __sinit_lock_acquire
 .text          0x0c0679f8      0x3a4 E:/WF/ARM7-SDK-2011-07-20/GNU/arm-elf/lib//libc.a(lib_a-freer.o)
                0x0c067af0                _free_r
                0x0c0679f8                _malloc_trim_r
 .text          0x0c067d9c      0x44c E:/WF/ARM7-SDK-2011-07-20/GNU/arm-elf/lib//libc.a(lib_a-fvwrite.o)
                0x0c067d9c                __sfvwrite_r
 .text          0x0c0681e8      0x10c E:/WF/ARM7-SDK-2011-07-20/GNU/arm-elf/lib//libc.a(lib_a-fwalk.o)
                0x0c068270                _fwalk
                0x0c0681e8                _fwalk_reent
 .text          0x0c0682f4        0x0 E:/WF/ARM7-SDK-2011-07-20/GNU/arm-elf/lib//libc.a(lib_a-impure.o)
 .text          0x0c0682f4       0xa8 E:/WF/ARM7-SDK-2011-07-20/GNU/arm-elf/lib//libc.a(lib_a-locale.o)
                0x0c068320                _setlocale_r
                0x0c0682f4                __locale_charset
                0x0c068304                _localeconv_r
                0x0c068380                setlocale
                0x0c068310                localeconv
 .text          0x0c06839c      0x178 E:/WF/ARM7-SDK-2011-07-20/GNU/arm-elf/lib//libc.a(lib_a-makebuf.o)
                0x0c06839c                __smakebuf
 .text          0x0c068514      0x798 E:/WF/ARM7-SDK-2011-07-20/GNU/arm-elf/lib//libc.a(lib_a-mallocr.o)
                0x0c068514                _malloc_r
 .text          0x0c068cac      0x10c E:/WF/ARM7-SDK-2011-07-20/GNU/arm-elf/lib//libc.a(lib_a-memchr.o)
                0x0c068cac                memchr
 .text          0x0c068db8       0xf4 E:/WF/ARM7-SDK-2011-07-20/GNU/arm-elf/lib//libc.a(lib_a-memmove.o)
                0x0c068db8                memmove
 .text          0x0c068eac        0x8 E:/WF/ARM7-SDK-2011-07-20/GNU/arm-elf/lib//libc.a(lib_a-mlock.o)
                0x0c068eb0                __malloc_unlock
                0x0c068eac                __malloc_lock
 .text          0x0c068eb4      0xcf4 E:/WF/ARM7-SDK-2011-07-20/GNU/arm-elf/lib//libc.a(lib_a-mprec.o)
                0x0c0691bc                _mprec_log10
                0x0c069268                __any_on
                0x0c069304                _Balloc
                0x0c06913c                __ratio
                0x0c0698e0                __i2b
                0x0c06907c                __b2d
                0x0c069ac8                __s2b
                0x0c068fbc                __mcmp
                0x0c068ed0                __hi0bits
                0x0c0699d4                __pow5mult
                0x0c069604                __lshift
                0x0c06970c                __multiply
                0x0c069394                __d2b
                0x0c06920c                __copybits
                0x0c06901c                __ulp
                0x0c0694c0                __mdiff
                0x0c068f28                __lo0bits
                0x0c069900                __multadd
                0x0c068eb4                _Bfree
 .text          0x0c069ba8      0x500 E:/WF/ARM7-SDK-2011-07-20/GNU/arm-elf/lib//libc.a(lib_a-reallocr.o)
                0x0c069ba8                _realloc_r
 .text          0x0c06a0a8       0x3c E:/WF/ARM7-SDK-2011-07-20/GNU/arm-elf/lib//libc.a(lib_a-s_isinfd.o)
                0x0c06a0a8                __isinfd
 .text          0x0c06a0e4       0x30 E:/WF/ARM7-SDK-2011-07-20/GNU/arm-elf/lib//libc.a(lib_a-s_isnand.o)
                0x0c06a0e4                __isnand
 .text          0x0c06a114      0x100 E:/WF/ARM7-SDK-2011-07-20/GNU/arm-elf/lib//libc.a(lib_a-stdio.o)
                0x0c06a128                __sseek
                0x0c06a1d0                __sread
                0x0c06a114                __sclose
                0x0c06a170                __swrite
 .text          0x0c06a214       0xa0 E:/WF/ARM7-SDK-2011-07-20/GNU/arm-elf/lib//libc.a(lib_a-callocr.o)
                0x0c06a214                _calloc_r
 .text          0x0c06a2b4      0x10c E:/WF/ARM7-SDK-2011-07-20/GNU/arm-elf/lib//libc.a(lib_a-fclose.o)
                0x0c06a2b4                _fclose_r
                0x0c06a3ac                fclose
 .text          0x0c06a3c0       0xa0 E:/WF/ARM7-SDK-2011-07-20/HHFiles/lib//libARMPos.a(libARMPos.o)
                0x0c06a41c                Sys_Delay_MS
                0x0c06a40c                Sys_Delay_US
                0x0c06a3e4                Sys_Delay_NS
                0x0c06a3c0                SYS_Restart_Code
                0x0c06a448                Sys_Delay_Sec
 .text          0x0c06a460     0x14a0 E:/WF/ARM7-SDK-2011-07-20/HHFiles/lib//libARMPos.a(call_api.o)
                0x0c06aa48                UART_Modem_Ctrl
                0x0c06a970                UART_Stat
                0x0c06a5c8                KEY_Beep_Mask_Read
                0x0c06a7a8                Disp_Get_Pixel
                0x0c06ab80                RTC_Alarm_Control
                0x0c06a6d0                Disp_Init
                0x0c06a9e8                UART2_Flush_FIFO
                0x0c06b270                Sys_Get_SDRAM_Size
                0x0c06a730                Disp_Goto_XY
                0x0c06ace8                EEPROM_Write_Byte
                0x0c06b3a8                SYS_NO_OP35
                0x0c06b120                Disp_Get_Color_Setting
                0x0c06a4c0                Sys_Int_Disable
                0x0c06a6b8                Disp_Get_Select_Color
                0x0c06afa0                Sys_Init_EXINT
                0x0c06b000                Nand_Correct_Data
                0x0c06b198                SYS_NO_OP16
                0x0c06aa78                Sys_Timer_Read
                0x0c06a628                Is_EL_On
                0x0c06a8b0                Disp_Get_Contrast
                0x0c06abc8                SIO_Exchange
                0x0c06abb0                SIO_Init
                0x0c06adc0                Nand_Is_Bad_Block
                0x0c06ab98                RTC_Alarm_Status
                0x0c06aac0                RTC_Set_Date
                0x0c06aca0                I2C_ACK_Control
                0x0c06b2b8                Disp_Put_Bmp_New
                0x0c06a718                Disp_Set_Font_Attrib
                0x0c06af10                Sys_BC_Init
                0x0c06b228                KEY_Set_CallBack
                0x0c06b2a0                EEPROM_Set_Type
                0x0c06b090                SYS_AUX_Sock_Select
                0x0c06b0f0                Sys_AUX_IO_Control
                0x0c06af28                Sys_BC_Laser_Enable
                0x0c06a8f8                UART_Init
                0x0c06a958                UART_Flush_FIFO
                0x0c06ad30                Sys_Delay_Sec1
                0x0c06a940                UART_Send_Str
                0x0c06a460                Sys_Power_Sleep
                0x0c06a790                Disp_Clr_Win
                0x0c06b168                User_Timer_End
                0x0c06ae50                SYS_Read_Vol_ADC
                0x0c06ad48                Flash_Get_Size
                0x0c06a598                KEY_EL_Mask_Set
                0x0c06a550                KEY_Read_Up
                0x0c06b210                User_Param_Read
                0x0c06afb8                Sys_EXINT_Output
                0x0c06b1f8                User_Param_Write
                0x0c06aef8                Sys_Motor_Enable
                0x0c06b1b0                SYS_NO_OP17
                0x0c06b240                Sys_Network_Power_Control
                0x0c06b108                Sys_Card_INT_Control
                0x0c06afe8                Nand_Calculate_ECC
                0x0c06a9d0                UART2_Send_Str
                0x0c06a910                UART_Rev_Char
                0x0c06a8e0                Disp_Dec_Contrast
                0x0c06b2e8                EEPROM_Read_Con
                0x0c06aa60                Sys_Timer_Start
                0x0c06a658                EL_Get_Timeout
                0x0c06b0d8                Sys_Gprs_Power_Control
                0x0c06a988                UART2_Init
                0x0c06b390                SYS_NO_OP34
                0x0c06a5e0                KEY_EL_Mask_Read
                0x0c06b078                SYS_LED_Control
                0x0c06a6e8                Disp_Write_Char
                0x0c06ae80                SYS_Read_Current
                0x0c06a820                Disp_Put_Bmp_Raw
                0x0c06ac88                I2C_Send_Char
                0x0c06ad78                FLASH_Erase_One_Block
                0x0c06ac10                I2C_Init
                0x0c06a7c0                Disp_Put_Pixel
                0x0c06aaa8                WatchDog_Set
                0x0c06a490                Sys_Auto_Poweroff_Read
                0x0c06b018                Disp_Write_16x16_Chr
                0x0c06a928                UART_Send_Char
                0x0c06ac70                I2C_Recv_Char
                0x0c06b0a8                Sys_Get_POS_Type
                0x0c06aeb0                Sys_Read_RARC
                0x0c06a880                Disp_7_SEG_Time
                0x0c06a5b0                KEY_Flush_FIFO
                0x0c06a748                Disp_Write_Str
                0x0c06b360                Sys_U2P2_Power_Control
                0x0c06ab50                RTC_Set_Alarm
                0x0c06a520                KEY_Init
                0x0c06abe0                SIO_Aux_Pin_Control
                0x0c06a5f8                KEY_Get_Status
                0x0c06ab38                RTC_Get_DateTime
                0x0c06ad90                FLASH_Write_Record
                0x0c06a808                Disp_Put_Bmp
                0x0c06a4f0                SYS_Msg_Wait
                0x0c06a4a8                BATT_Check_Level
                0x0c06b0c0                Sys_AUX_OUT_Set
                0x0c06b348                Sys_U2P1_Power_Control
                0x0c06af40                Sys_Get_Lib_Version
                0x0c06a838                Disp_Icon_Set
                0x0c06ae08                Nand_Write_OnePage
                0x0c06b330                Disp_Get_Magnification
                0x0c06b048                SYS_Msg_Wait_Ext
                0x0c06ae98                Sys_Read_RAAC
                0x0c06aa00                UART2_Stat
                0x0c06ac40                I2C_Start_Recv
                0x0c06afd0                Sys_EXINT_Read
                0x0c06b288                Sys_Get_Version
                0x0c06ad18                Sys_Delay_MS1
                0x0c06a568                KEY_Read_Down
                0x0c06acb8                EEPROM_Init
                0x0c06ae68                SYS_Read_Vol_IC
                0x0c06b2d0                Sys_Magcard_Power_Control
                0x0c06adf0                Nand_Read_Random
                0x0c06a8c8                Disp_Inc_Contrast
                0x0c06a6a0                Disp_Set_Color
                0x0c06aad8                RTC_Set_Time
                0x0c06ab08                RTC_Get_Date
                0x0c06a478                Sys_Auto_Poweroff_Set
                0x0c06b3c0                SYS_NO_OP36
                0x0c06b300                EEPROM_Write_Page
                0x0c06a778                Disp_Clear
                0x0c06abf8                SIO_Aux_Power_Control
                0x0c06b378                SYS_NO_OP33
                0x0c06ae20                Nand_Erase_OneBlock
                0x0c06a508                SYS_Msg_Mask_Set
                0x0c06acd0                EEPROM_Read_Byte
                0x0c06ad00                Sys_Delay_US1
                0x0c06ada8                Nand_Read_ID
                0x0c06ae38                SYS_Read_Vol
                0x0c06af70                Dis_Key_Int
                0x0c06a898                Disp_Set_Contrast
                0x0c06ab68                RTC_Get_Alarm
                0x0c06a7d8                Disp_Put_Pixel_Col
                0x0c06a610                EL_Set
                0x0c06a688                Is_Charger_On
                0x0c06a580                KEY_Beep_Mask_Set
                0x0c06a7f0                Disp_Set_Bmp_Mode
                0x0c06b138                User_Timer_Get
                0x0c06b1e0                SYS_NO_OP19
                0x0c06a700                Disp_Write_Char_Col
                0x0c06aec8                Sys_Power_5V_Enable
                0x0c06a850                Disp_Icon_Battery_Time_Set
                0x0c06b1c8                SYS_NO_OP18
                0x0c06a868                Disp_Icon_Battery_Time_Refresh
                0x0c06af88                En_Key_Int
                0x0c06b318                Disp_Set_Magnification
                0x0c06ac28                I2C_Start_Send
                0x0c06ac58                I2C_Stop
                0x0c06aaf0                RTC_Set_DateTime
                0x0c06a9b8                UART2_Send_Char
                0x0c06aa30                UART_Printf
                0x0c06a538                KEY_Read
                0x0c06b060                Sys_BC_Init_EXT
                0x0c06b030                FLASH_Get_Sec_ID
                0x0c06aee0                Sys_Power_3V_Enable
                0x0c06add8                Nand_Read_Pages
                0x0c06aa18                UART_Send_Term
                0x0c06a640                EL_Set_Timeout
                0x0c06ab20                RTC_Get_Time
                0x0c06b258                Sys_Audio_Power_Control
                0x0c06aa90                Sys_Timer_CallBack
                0x0c06af58                SYS_Query
                0x0c06b150                User_Timer_Start
                0x0c06a9a0                UART2_Rev_Char
                0x0c06a760                Disp_Write_Str_Col
                0x0c06a4d8                Sys_Int_Enable
                0x0c06ad60                FLASH_Erase_One_Sector
                0x0c06a670                Beep_Sound
                0x0c06b180                User_Timer_Read
 .text          0x0c06b900     0x5744 E:/WF/ARM7-SDK-2011-07-20/HHFiles/lib//libext.a(exlib.o)
                0x0c06bcc0                RTC_read_date
                0x0c06c330                DispChar_E
                0x0c06dd1c                DispStr_E
                0x0c06c3c8                GetStr_E
                0x0c06dd24                EXT_Display_Multi_Lines
                0x0c06bc84                RTC_read_time
                0x0c071040                GetStr_CE
                0x0c06dd20                DispStr_C
                0x0c06e03c                EXT_Brow_Select
                0x0c06bf10                get_flash_size
                0x0c06e604                EXT_Select_In_Line
                0x0c06bf44                delay_and_wait_key
                0x0c06f260                GetStr_CEX
                0x0c06ecd4                EXT_Brow_Info
                0x0c06cfdc                DispStr_CE
                0x0c06ba78                RTC_get_week
                0x0c06bd3c                RTC_set_date
                0x0c06bcfc                RTC_set_time
                0x0c06c2d8                EXT_ClearLine
 .text          0x0c071044      0x114 E:/WF/ARM7-SDK-2011-07-20/HHFiles/lib//libext.a(exlib_pinyin.o)
                0x0c071044                py_ime
 .text          0x0c071158     0x1424 E:/WF/ARM7-SDK-2011-07-20/HHFiles/lib//libcard.a(libcard.o)
                0x0c0713f8                IC_CARD_GET_URR
                0x0c0713cc                IC_CARD_GET_MSR
                0x0c0716fc                set_C4
                0x0c071cf0                Receive_I2C_Data
                0x0c071348                IC_CARD_GET_UCR1
                0x0c0716ec                reset_CLK
                0x0c071550                card_stop_level_low
                0x0c072224                is_card_exist
                0x0c071450                IC_CARD_GET_HSR
                0x0c071174                IC_card_set_C6
                0x0c071864                get_IO
                0x0c071930                ICC_access_CLK
                0x0c0718f8                set_IO
                0x0c0718d8                reset_IO
                0x0c0714b0                set_PSC_32
                0x0c0712c4                IC_CARD_GET_PDR
                0x0c071804                get_C8
                0x0c071424                IC_CARD_GET_USR
                0x0c0720f8                ICC_memcard_atr
                0x0c0713a0                IC_CARD_GET_TOC
                0x0c07126c                IC_CARD_GET_CSR
                0x0c0719f4                close_8007_interrupt
                0x0c0719fc                open_8007_interrupt
                0x0c0711a8                IC_Card_Clk_Open
                0x0c0719a8                ICC_card_activity
                0x0c071158                ICC_Enalble_C6
                0x0c071730                reset_C4
                0x0c0716ac                reset_RST
                0x0c0719dc                Parse_Addr
                0x0c071e28                Start_I2C_IO
                0x0c071b54                Send_I2C_Data
                0x0c072308                ICC_select_sock
                0x0c071584                stop_card_clk
                0x0c071bd4                Send_I2C_NOACK
                0x0c071ff4                ACK_Polling_I2C
                0x0c07131c                IC_CARD_GET_GTR
                0x0c071990                ICC_get_curr_sock
                0x0c071918                ICC_memcard_pin_session
                0x0c071374                IC_CARD_GET_PCR
                0x0c0712f0                IC_CARD_GET_UCR2
                0x0c071298                IC_CARD_GET_CCR
                0x0c0715bc                start_card_clk
                0x0c071834                set_recv_mode
                0x0c071e7c                ICC_memcard_IIC_session
                0x0c071958                ICC_CPU_access_speed
                0x0c0720c0                start_card
                0x0c071c1c                Send_I2C_ACK
                0x0c071ad0                Send_I2C_Data_LSB
                0x0c0718a4                set_send_mode
                0x0c071798                reset_C6
                0x0c071a5c                ICC_sock_check
                0x0c071258                IC_Card_Clk_Check
                0x0c071d84                Receive_I2C_ACK
                0x0c0715f0                set_card_vcc
                0x0c071dd4                Stop_I2C_IO
                0x0c071c60                Receive_I2C_Data_LSB
                0x0c07208c                stop_card
                0x0c0717d4                reset_C8
                0x0c071760                get_C4
                0x0c071678                set_RST
                0x0c071a04                clear_8007_interrupt
                0x0c07147c                set_PSC_31
                0x0c071518                card_stop_level_high
                0x0c0717a0                set_C8
                0x0c0723cc                ICC_interface_power
                0x0c0714e8                check_8007_type
                0x0c071790                set_C6
                0x0c0722e0                ICC_deactivate_current_sock
                0x0c0716dc                set_CLK
                0x0c07120c                IC_Card_Clk_Close
 .text          0x0c07257c     0x42ac E:/WF/ARM7-SDK-2011-07-20/HHFiles/lib//libcard.a(cpucard.o)
                0x0c073884                ICC_T0_TPDU
                0x0c072de0                PBOC_atr_check
                0x0c072e04                wait_for_CLKSW_reset
                0x0c074440                ICC_T1_frame
                0x0c0727d8                PBOC_EMV_atr_check
                0x0c074d78                ICC_T1_APDU_Exchange
                0x0c072e54                wait_for_CLKSW_set
                0x0c07275c                ICC_cpucard_set_param
                0x0c074c7c                ICC_T1_Set_IFSD
                0x0c072754                EMV_ISO_atr_check
                0x0c0756bc                ICC_cpucard_ATR
                0x0c0727b0                ICC_cpucard_get_param
                0x0c072f0c                ICC_cpucard_PTS
                0x0c072ea4                wait_for_CRED
 .text          0x0c076828     0x28e8 E:/WF/ARM7-SDK-2011-07-20/HHFiles/lib//libcontactless.a(iso14443.o)
                0x0c078540                ISO14443_Request_TypeB
                0x0c07760c                ISO14443_Slot_Marker_TypeB
                0x0c0776d4                CardTypeBSlotMarker
                0x0c077120                CardTypeBExchangeBlock
                0x0c078330                CardTypeAExchangeBlock
                0x0c0787dc                ISO14443_RATS_TypeA_Ex
                0x0c076c68                ISO14443_Check_Mode
                0x0c0775c8                CardTypeBAttrib
                0x0c0771b8                ISO14443_Deselect_TypeB
                0x0c076a9c                ISO14443_Param_Set_Rate
                0x0c0790c8                CardTypeAAnticoll
                0x0c078a50                CardTypeARATS
                0x0c0786d4                ISO14443_PPS_TypeA
                0x0c078c20                ISO14443_Request_TypeA
                0x0c077478                CardTypeBAttrib_Ex
                0x0c078e4c                ISO14443_AntiCollision_TypeA_Basic
                0x0c077bb8                ISO14443_LinkLayer_Exchange
                0x0c0768e0                ISO14443_Param_Analyse_TypeA
                0x0c078b84                CardTypeASelect
                0x0c076aa4                CardGetParam
                0x0c078db0                ISO14443_Halt_TypeA
                0x0c077294                ISO14443_Halt_TypeB
                0x0c078e2c                CardTypeAHalt
                0x0c078d64                CardTypeARequest
                0x0c076c98                RCX_TransCeive_14443B
                0x0c0784b0                ISO14443_Deselect
                0x0c0789f4                CardTypeARATS_Ex
                0x0c077718                RCX_TransCeive_14443A
                0x0c076834                ISO14443_Param_Init_TypeA
                0x0c078ab0                ISO14443_Select_TypeA_Basic
                0x0c078508                CardTypeADeselect
                0x0c076828                ISO14443_ParamGet
                0x0c078668                CardTypeBRequest
                0x0c07732c                CardTypeBHalt
                0x0c078a7c                ISO14443_RATS_TypeA
                0x0c076ae0                ISO14443_Param_Analyse_TypeB
                0x0c078400                ISO14443_Deselect_TypeA
                0x0c0787b0                CardTypeAPPS
                0x0c078104                ISO14443_APDU_Exchange_Ex
                0x0c078250                ISO14443_APDU_Exchange
                0x0c0774f0                ISO14443_Attrib_TypeB
                0x0c077354                ISO14443_Attrib_TypeB_Ex
                0x0c07725c                CardTypeBDeselect
 .text          0x0c079110     0x10fc E:/WF/ARM7-SDK-2011-07-20/HHFiles/lib//libcontactless.a(mifare.o)
                0x0c079c50                CardAccessMultiBlocks
                0x0c079880                FM11RF_Read4Bytes
                0x0c07a090                Mf500KeyWriteToEeprom
                0x0c079140                CardMFCValueDebit
                0x0c079a74                CardMFCAuthKeyE2
                0x0c079980                CardMFCRead16Bytes
                0x0c07a1d8                CardKX12AuthKey
                0x0c079f4c                CardAccess
                0x0c079e4c                CardValue
                0x0c0792c0                CardMFCValueWithTransfer
                0x0c079668                CardMFCWrite4Bytes
                0x0c079b04                CardTrailerWrite
                0x0c079730                CardMFCWrite16Bytes
                0x0c0794d8                FM11RF_Write4Bytes
                0x0c07a13c                CardMFCAuthKey
 .text          0x0c07a20c      0x368 E:/WF/ARM7-SDK-2011-07-20/HHFiles/lib//libcontactless.a(port.o)
                0x0c07a3ec                RCX_Power_Off
                0x0c07a34c                RCX_ReadReg_Same
                0x0c07a47c                RCX_Reset
                0x0c07a210                RCX_Enable_Int
                0x0c07a2e8                RCX_ReadReg
                0x0c07a214                RCX_WriteFIFO
                0x0c07a20c                RCX_Disable_Int
                0x0c07a354                RCX_ReadFIFO
                0x0c07a2dc                RCX_WriteReg_Same
                0x0c07a29c                RCX_WriteReg
                0x0c07a430                RCX_Power_On
 .text          0x0c07a574     0x12b8 E:/WF/ARM7-SDK-2011-07-20/HHFiles/lib//libcontactless.a(rcxcomm.o)
                0x0c07aecc                RCX_Reg_Init_ICODE1STD
                0x0c07ac94                RCX_ReadE2
                0x0c07a5c4                RCX_Adjust_RxGain
                0x0c07b104                RCX_Reg_Init_15693STD
                0x0c07b354                RCX_Reg_Init_14443B_MOT
                0x0c07b7f8                RCX_Read_Product_Serial
                0x0c07aff4                RCX_Reg_Init_15693Fast
                0x0c07a8c8                RCX_CalcCRC
                0x0c07b220                RCX_Reg_Init_14443B_ASK
                0x0c07ac5c                RCX_Adjust_14443A
                0x0c07a574                RCX_Key_Transform
                0x0c07aa94                RCX_WriteE2
                0x0c07a630                RCX_Authent2
                0x0c07a6b8                RCX_Authent1
                0x0c07ada4                RCX_Reg_Init_ICODE1Fast
                0x0c07b5bc                RCX_Reg_Init_14443A
                0x0c07ad70                RCX_Read_Product_Type
                0x0c07a81c                RCX_LoadKeyE2
                0x0c07a610                RCX_Close
                0x0c07b6e4                RCX_Init
                0x0c07b488                RCX_Reg_Init_14443B_STD
                0x0c07a784                RCX_LoadKey
 .text          0x0c07b82c      0x524 E:/WF/ARM7-SDK-2011-07-20/HHFiles/lib//libcontactless.a(rcxreg.o)
                0x0c07baa0                RCX_RF_Close
                0x0c07b884                RCX_Get_RxLastBit
                0x0c07bc60                RCX_PowerDown
                0x0c07bc28                RCX_Clear_Crypto1
                0x0c07bbb0                RCX_Stop_Timer
                0x0c07b858                RCX_Check_WriteE2
                0x0c07b988                RCX_Set_TSPMSB
                0x0c07b918                RCX_Check_IRQ
                0x0c07bb20                RCX_Set_TxLastBits
                0x0c07bce8                RCX_RF_Reset
                0x0c07b82c                RCX_Check_CRCReady
                0x0c07bbec                RCX_Start_Timer
                0x0c07ba68                RCX_SendOnePulse_Enable
                0x0c07b9c0                RCX_Clear_100ASK
                0x0c07ba30                RCX_SendOnePulse_Disable
                0x0c07b9f8                RCX_Set_100ASK
                0x0c07b8b4                RCX_Check_ErrorFlag
                0x0c07b950                RCX_Clear_TSPMSB
                0x0c07bb64                RCX_Set_RX_AutoPD
                0x0c07b8ec                RCX_Check_Crypto1
                0x0c07bc98                RCX_FlushFIFO
                0x0c07bad8                RCX_Set_RxAlign
 .text          0x0c07bd50      0xeb0 E:/WF/ARM7-SDK-2011-07-20/HHFiles/lib//libdb.a(database.o)
                0x0c07c290                DB_init_sys_param
                0x0c07c194                DB_check_format
                0x0c07bf8c                DB_jump_to_record
                0x0c07bfdc                db_find_match
                0x0c07cb94                DB_erase_db_sys
                0x0c07c4b0                DB_format_db
                0x0c07be34                DB_count_records
                0x0c07c0d4                DB_check_record
                0x0c07c454                DB_delete_record
                0x0c07c6ec                DB_add_recordx
                0x0c07c87c                DB_add_record
                0x0c07cad0                DB_erase_filesys
                0x0c07bdcc                DB_capacity
 .text          0x0c07cc00     0x1c20 E:/WF/ARM7-SDK-2011-07-20/HHFiles/lib//libsim.a(sim.o)
                0x0c07d6e4                sms_get_center
                0x0c07d860                sim_get_imsi
                0x0c07e408                sim_module_init
                0x0c07e0ac                sim_wake_up
                0x0c07e19c                sim_module_close
                0x0c07d310                tcp_send_data
                0x0c07cfc0                tcp_shut_link
                0x0c07d038                tcp_close_link
                0x0c07d1c8                sms_set_center
                0x0c07ce20                tcp_recv_data
                0x0c07d7f8                sim_get_version
                0x0c07dfd8                sim_detect_net
                0x0c07d780                sim_get_battery
                0x0c07d908                sms_send_msg
                0x0c07cdb8                call_hang_up
                0x0c07d0b0                tcp_check_link
                0x0c07d128                call_dial_num
                0x0c07df74                sim_signal_report
                0x0c07e124                sim_power_saving
                0x0c07d580                tcp_set_param
                0x0c07d26c                sms_del_msg
                0x0c07d474                tcp_create_link
                0x0c07dc9c                sms_read_msg
                0x0c07d66c                sim_verify_pin
                0x0c07ccf4                sim_getversion
                0x0c07d8b4                sim_get_imei
                0x0c07cef8                call_pick_up
 .text          0x0c07e820      0x224 E:/WF/ARM7-SDK-2011-07-20/HHFiles/lib//libsim.a(trans.o)
                0x0c07e978                GB_To_UCS2_Str
                0x0c07e830                UCS2GB_Code_Comp
                0x0c07e840                UCS2_To_GB_Word
                0x0c07e920                GB_To_UCS2_Word
                0x0c07e898                UCS2_To_GB_Str
                0x0c07e820                GBUCS2_Code_Comp
 .text          0x0c07ea44      0x110 E:/WF/ARM7-SDK-2011-07-20/GNU/arm-elf/lib//libgcc.a(_udivsi3.o)
                0x0c07ea44                __udivsi3
                0x0c07ea44                __aeabi_uidiv
                0x0c07eb3c                __aeabi_uidivmod
 .text          0x0c07eb54      0x140 E:/WF/ARM7-SDK-2011-07-20/GNU/arm-elf/lib//libgcc.a(_divsi3.o)
                0x0c07eb54                __aeabi_idiv
                0x0c07eb54                __divsi3
                0x0c07ec7c                __aeabi_idivmod
 .text          0x0c07ec94       0xcc E:/WF/ARM7-SDK-2011-07-20/GNU/arm-elf/lib//libgcc.a(_umodsi3.o)
                0x0c07ec94                __umodsi3
 .text          0x0c07ed60       0xe4 E:/WF/ARM7-SDK-2011-07-20/GNU/arm-elf/lib//libgcc.a(_modsi3.o)
                0x0c07ed60                __modsi3
 .text          0x0c07ee44        0x4 E:/WF/ARM7-SDK-2011-07-20/GNU/arm-elf/lib//libgcc.a(_dvmd_tls.o)
                0x0c07ee44                __aeabi_ldiv0
                0x0c07ee44                __div0
                0x0c07ee44                __aeabi_idiv0
 .text          0x0c07ee48      0x400 E:/WF/ARM7-SDK-2011-07-20/GNU/arm-elf/lib//libgcc.a(_addsubdf3.o)
                0x0c07f1dc                __floatdidf
                0x0c07f15c                __floatsidf
                0x0c07f134                __aeabi_ui2d
                0x0c07ee48                __aeabi_drsub
                0x0c07f188                __extendsfdf2
                0x0c07ee54                __adddf3
                0x0c07f134                __floatunsidf
                0x0c07ee54                __aeabi_dadd
                0x0c07f1c8                __aeabi_ul2d
                0x0c07ee50                __aeabi_dsub
                0x0c07f1c8                __floatundidf
                0x0c07f15c                __aeabi_i2d
                0x0c07f1dc                __aeabi_l2d
                0x0c07f188                __aeabi_f2d
                0x0c07ee50                __subdf3
 .text          0x0c07f248      0x470 E:/WF/ARM7-SDK-2011-07-20/GNU/arm-elf/lib//libgcc.a(_muldivdf3.o)
                0x0c07f4b4                __aeabi_ddiv
                0x0c07f248                __aeabi_dmul
                0x0c07f4b4                __divdf3
                0x0c07f248                __muldf3
 .text          0x0c07f6b8      0x128 E:/WF/ARM7-SDK-2011-07-20/GNU/arm-elf/lib//libgcc.a(_cmpdf2.o)
                0x0c07f7a4                __aeabi_dcmple
                0x0c07f6c8                __cmpdf2
                0x0c07f6c8                __eqdf2
                0x0c07f6b8                __gtdf2
                0x0c07f768                __aeabi_cdcmple
                0x0c07f74c                __aeabi_cdrcmple
                0x0c07f6c0                __ltdf2
                0x0c07f790                __aeabi_dcmplt
                0x0c07f6c0                __ledf2
                0x0c07f7cc                __aeabi_dcmpgt
                0x0c07f7b8                __aeabi_dcmpge
                0x0c07f6c8                __nedf2
                0x0c07f77c                __aeabi_dcmpeq
                0x0c07f768                __aeabi_cdcmpeq
                0x0c07f6b8                __gedf2
 .text          0x0c07f7e0       0x5c E:/WF/ARM7-SDK-2011-07-20/GNU/arm-elf/lib//libgcc.a(_fixdfsi.o)
                0x0c07f7e0                __fixdfsi
                0x0c07f7e0                __aeabi_d2iz
 .text          0x0c07f83c       0x54 E:/WF/ARM7-SDK-2011-07-20/GNU/arm-elf/lib//libgcc.a(_fixunsdfsi.o)
                0x0c07f83c                __fixunsdfsi
                0x0c07f83c                __aeabi_d2uiz
 .text          0x0c07f890       0x18 E:/WF/ARM7-SDK-2011-07-20/GNU/arm-elf/lib//libc.a(lib_a-atoi.o)
                0x0c07f890                _atoi_r
                0x0c07f89c                atoi
 .text          0x0c07f8a8       0x18 E:/WF/ARM7-SDK-2011-07-20/GNU/arm-elf/lib//libc.a(lib_a-atol.o)
                0x0c07f8a8                _atol_r
                0x0c07f8b4                atol
 .text          0x0c07f8c0       0x80 E:/WF/ARM7-SDK-2011-07-20/GNU/arm-elf/lib//libc.a(lib_a-bsearch.o)
                0x0c07f8c0                bsearch
 .text          0x0c07f940        0x0 E:/WF/ARM7-SDK-2011-07-20/GNU/arm-elf/lib//libc.a(lib_a-ctype_.o)
 .text          0x0c07f940       0x94 E:/WF/ARM7-SDK-2011-07-20/GNU/arm-elf/lib//libc.a(lib_a-memcmp.o)
                0x0c07f940                memcmp
 .text          0x0c07f9d4       0x50 E:/WF/ARM7-SDK-2011-07-20/GNU/arm-elf/lib//libc.a(lib_a-strstr.o)
                0x0c07f9d4                strstr
 .text          0x0c07fa24      0x1f0 E:/WF/ARM7-SDK-2011-07-20/GNU/arm-elf/lib//libc.a(lib_a-strtol.o)
                0x0c07fbe8                strtol
                0x0c07fa24                _strtol_r
 .text          0x0c07fc14       0x40 E:/WF/ARM7-SDK-2011-07-20/GNU/arm-elf/lib//libc.a(lib_a-strupr.o)
                0x0c07fc14                strupr
 .text          0x0c07fc54      0x4bc E:/WF/ARM7-SDK-2011-07-20/GNU/arm-elf/lib//libm.a(lib_a-w_pow.o)
                0x0c07fc54                pow
 .text          0x0c080110     0x1110 E:/WF/ARM7-SDK-2011-07-20/GNU/arm-elf/lib//libm.a(lib_a-e_pow.o)
                0x0c080110                __ieee754_pow
 .text          0x0c081220      0x288 E:/WF/ARM7-SDK-2011-07-20/GNU/arm-elf/lib//libm.a(lib_a-e_sqrt.o)
                0x0c081220                __ieee754_sqrt
 .text          0x0c0814a8       0x20 E:/WF/ARM7-SDK-2011-07-20/GNU/arm-elf/lib//libm.a(lib_a-s_fabs.o)
                0x0c0814a8                fabs
 .text          0x0c0814c8       0x18 E:/WF/ARM7-SDK-2011-07-20/GNU/arm-elf/lib//libm.a(lib_a-s_finite.o)
                0x0c0814c8                finite
 .text          0x0c0814e0        0x0 E:/WF/ARM7-SDK-2011-07-20/GNU/arm-elf/lib//libm.a(lib_a-s_lib_ver.o)
 .text          0x0c0814e0        0x8 E:/WF/ARM7-SDK-2011-07-20/GNU/arm-elf/lib//libm.a(lib_a-s_matherr.o)
                0x0c0814e0                matherr
 .text          0x0c0814e8      0x1c8 E:/WF/ARM7-SDK-2011-07-20/GNU/arm-elf/lib//libm.a(lib_a-s_rint.o)
                0x0c0814e8                rint
 .text          0x0c0816b0      0x1d4 E:/WF/ARM7-SDK-2011-07-20/GNU/arm-elf/lib//libm.a(lib_a-s_scalbn.o)
                0x0c0816b0                scalbn
 .text          0x0c081884       0x24 E:/WF/ARM7-SDK-2011-07-20/GNU/arm-elf/lib//libm.a(lib_a-s_copysign.o)
                0x0c081884                copysign
 .text          0x0c0818a8       0x10 E:/WF/ARM7-SDK-2011-07-20/GNU/arm-elf/lib//libc.a(lib_a-errno.o)
                0x0c0818a8                __errno
                0x0c0818b8                . = ALIGN (0x4)
                0x0c0818b8                __CTOR_LIST__ = .
                0x0c0818b8        0x4 LONG 0x0 (((__CTOR_END__ - __CTOR_LIST__) / 0x4) - 0x2)
 *(.ctors)
                0x0c0818bc        0x4 LONG 0x0
                0x0c0818c0                __CTOR_END__ = .
                0x0c0818c0                __DTOR_LIST__ = .
                0x0c0818c0        0x4 LONG 0x0 (((__DTOR_END__ - __DTOR_LIST__) / 0x4) - 0x2)
 *(.dtors)
                0x0c0818c4        0x4 LONG 0x0
                0x0c0818c8                __DTOR_END__ = .
 *(.rodata)
 .rodata        0x0c0818c8       0x20 E:/WF/ARM7-SDK-2011-07-20/GNU/arm-elf/lib//libc.a(lib_a-vfprintf.o)
 .rodata        0x0c0818e8        0x4 E:/WF/ARM7-SDK-2011-07-20/GNU/arm-elf/lib//libc.a(lib_a-impure.o)
                0x0c0818e8                _global_impure_ptr
 .rodata        0x0c0818ec       0x34 E:/WF/ARM7-SDK-2011-07-20/GNU/arm-elf/lib//libc.a(lib_a-locale.o)
 .rodata        0x0c081920      0x124 E:/WF/ARM7-SDK-2011-07-20/GNU/arm-elf/lib//libc.a(lib_a-mprec.o)
                0x0c081a10                __mprec_tinytens
                0x0c081920                __mprec_tens
                0x0c0819e8                __mprec_bigtens
 .rodata        0x0c081a44      0x2f0 E:/WF/ARM7-SDK-2011-07-20/HHFiles/lib//libext.a(exlib.o)
 .rodata        0x0c081d34       0x50 E:/WF/ARM7-SDK-2011-07-20/HHFiles/lib//libcard.a(cpucard.o)
                0x0c081d64                DI_D_table
                0x0c081d34                FI_PDR_table
                0x0c081d44                FI_F_table
 *fill*         0x0c081d84        0x4 00
 .rodata        0x0c081d88       0x28 E:/WF/ARM7-SDK-2011-07-20/HHFiles/lib//libcontactless.a(iso14443.o)
 .rodata        0x0c081db0      0x200 E:/WF/ARM7-SDK-2011-07-20/HHFiles/lib//libdb.a(database.o)
 .rodata        0x0c081fb0      0x101 E:/WF/ARM7-SDK-2011-07-20/GNU/arm-elf/lib//libc.a(lib_a-ctype_.o)
                0x0c081fb0                _ctype_
 *fill*         0x0c0820b1        0x3 00
 .rodata        0x0c0820b4       0x30 E:/WF/ARM7-SDK-2011-07-20/GNU/arm-elf/lib//libm.a(lib_a-e_pow.o)
 .rodata        0x0c0820e4       0x10 E:/WF/ARM7-SDK-2011-07-20/GNU/arm-elf/lib//libm.a(lib_a-s_rint.o)
 *(.rodata*)
 .rodata.str1.4
                0x0c0820f4      0x412 E:/WF/develop_windows/sffhandpos/Release/SF.o
                                0x414 (size before relaxing)
 *fill*         0x0c082506        0x2 00
 .rodata.str1.4
                0x0c082508       0xad E:/WF/develop_windows/sffhandpos/Release/Card.o
                                 0xbc (size before relaxing)
 *fill*         0x0c0825b5        0x3 00
 .rodata.str1.4
                0x0c0825b8      0x10e E:/WF/develop_windows/sffhandpos/Release/DataBase.o
                                0x154 (size before relaxing)
 *fill*         0x0c0826c6        0x2 00
 .rodata.str1.4
                0x0c0826c8       0x4a E:/WF/develop_windows/sffhandpos/Release/Common.o
                                 0x50 (size before relaxing)
 *fill*         0x0c082712        0x2 00
 .rodata.str1.4
                0x0c082714      0x139 E:/WF/develop_windows/sffhandpos/Release/Gprs.o
                                0x13c (size before relaxing)
 *fill*         0x0c08284d        0x3 00
 .rodata.str1.4
                0x0c082850       0x5f E:/WF/ARM7-SDK-2011-07-20/GNU/arm-elf/lib//libc.a(lib_a-vfprintf.o)
                                 0x64 (size before relaxing)
 *fill*         0x0c0828af        0x1 00
 .rodata.str1.4
                0x0c0828b0       0x1e E:/WF/ARM7-SDK-2011-07-20/GNU/arm-elf/lib//libc.a(lib_a-wctomb_r.o)
                                 0x20 (size before relaxing)
 *fill*         0x0c0828ce        0x2 00
 .rodata.str1.4
                0x0c0828d0       0x10 E:/WF/ARM7-SDK-2011-07-20/GNU/arm-elf/lib//libc.a(lib_a-dtoa.o)
                                 0x14 (size before relaxing)
 .rodata.str1.4
                0x0c0828e0        0x2 E:/WF/ARM7-SDK-2011-07-20/GNU/arm-elf/lib//libc.a(lib_a-impure.o)
                                  0x4 (size before relaxing)
 *fill*         0x0c0828e2        0x2 00
 .rodata.str1.4
                0x0c0828e4        0xb E:/WF/ARM7-SDK-2011-07-20/GNU/arm-elf/lib//libc.a(lib_a-locale.o)
                                 0x18 (size before relaxing)
 *fill*         0x0c0828ef        0x1 00
 .rodata.str1.4
                0x0c0828f0       0x76 E:/WF/ARM7-SDK-2011-07-20/HHFiles/lib//libext.a(exlib.o)
                                 0x88 (size before relaxing)
 *fill*         0x0c082966        0x2 00
 .rodata.str1.4
                0x0c082968      0x100 E:/WF/ARM7-SDK-2011-07-20/HHFiles/lib//libext.a(exlib_pinyin.o)
                                0x10c (size before relaxing)
 .rodata.str1.4
                0x0c082a68      0x20c E:/WF/ARM7-SDK-2011-07-20/HHFiles/lib//libsim.a(sim.o)
                                0x220 (size before relaxing)
 .rodata.str1.4
                0x0c082c74        0x4 E:/WF/ARM7-SDK-2011-07-20/GNU/arm-elf/lib//libm.a(lib_a-w_pow.o)
 *(.glue_7t)
 .glue_7t       0x0c082c78        0x0 E:/WF/develop_windows/sffhandpos/Release/crt0.o
 .glue_7t       0x0c082c78        0x0 E:/WF/develop_windows/sffhandpos/Release/SF.o
 .glue_7t       0x0c082c78        0x0 E:/WF/develop_windows/sffhandpos/Release/Card.o
 .glue_7t       0x0c082c78        0x0 E:/WF/develop_windows/sffhandpos/Release/DataBase.o
 .glue_7t       0x0c082c78        0x0 E:/WF/develop_windows/sffhandpos/Release/Common.o
 .glue_7t       0x0c082c78        0x0 E:/WF/develop_windows/sffhandpos/Release/Gprs.o
 .glue_7t       0x0c082c78        0x0 E:/WF/ARM7-SDK-2011-07-20/GNU/arm-elf/lib//libc.a(lib_a-memcpy.o)
 .glue_7t       0x0c082c78        0x0 E:/WF/ARM7-SDK-2011-07-20/GNU/arm-elf/lib//libc.a(lib_a-memset.o)
 .glue_7t       0x0c082c78        0x0 E:/WF/ARM7-SDK-2011-07-20/GNU/arm-elf/lib//libc.a(lib_a-sprintf.o)
 .glue_7t       0x0c082c78        0x0 E:/WF/ARM7-SDK-2011-07-20/GNU/arm-elf/lib//libc.a(lib_a-strcat.o)
 .glue_7t       0x0c082c78        0x0 E:/WF/ARM7-SDK-2011-07-20/GNU/arm-elf/lib//libc.a(lib_a-strcmp.o)
 .glue_7t       0x0c082c78        0x0 E:/WF/ARM7-SDK-2011-07-20/GNU/arm-elf/lib//libc.a(lib_a-strcpy.o)
 .glue_7t       0x0c082c78        0x0 E:/WF/ARM7-SDK-2011-07-20/GNU/arm-elf/lib//libc.a(lib_a-strlen.o)
 .glue_7t       0x0c082c78        0x0 E:/WF/ARM7-SDK-2011-07-20/GNU/arm-elf/lib//libc.a(lib_a-strncpy.o)
 .glue_7t       0x0c082c78        0x0 E:/WF/ARM7-SDK-2011-07-20/GNU/arm-elf/lib//libc.a(lib_a-strtok.o)
 .glue_7t       0x0c082c78        0x0 E:/WF/ARM7-SDK-2011-07-20/GNU/arm-elf/lib//libc.a(lib_a-strtok_r.o)
 .glue_7t       0x0c082c78        0x0 E:/WF/ARM7-SDK-2011-07-20/GNU/arm-elf/lib//libc.a(lib_a-vfprintf.o)
 .glue_7t       0x0c082c78        0x0 E:/WF/ARM7-SDK-2011-07-20/GNU/arm-elf/lib//libc.a(lib_a-wcrtomb.o)
 .glue_7t       0x0c082c78        0x0 E:/WF/ARM7-SDK-2011-07-20/GNU/arm-elf/lib//libc.a(lib_a-wcsrtombs.o)
 .glue_7t       0x0c082c78        0x0 E:/WF/ARM7-SDK-2011-07-20/GNU/arm-elf/lib//libc.a(lib_a-wctomb_r.o)
 .glue_7t       0x0c082c78        0x0 E:/WF/ARM7-SDK-2011-07-20/GNU/arm-elf/lib//libc.a(lib_a-wsetup.o)
 .glue_7t       0x0c082c78        0x0 E:/WF/ARM7-SDK-2011-07-20/GNU/arm-elf/lib//libc.a(lib_a-dtoa.o)
 .glue_7t       0x0c082c78        0x0 E:/WF/ARM7-SDK-2011-07-20/GNU/arm-elf/lib//libc.a(lib_a-fflush.o)
 .glue_7t       0x0c082c78        0x0 E:/WF/ARM7-SDK-2011-07-20/GNU/arm-elf/lib//libc.a(lib_a-findfp.o)
 .glue_7t       0x0c082c78        0x0 E:/WF/ARM7-SDK-2011-07-20/GNU/arm-elf/lib//libc.a(lib_a-freer.o)
 .glue_7t       0x0c082c78        0x0 E:/WF/ARM7-SDK-2011-07-20/GNU/arm-elf/lib//libc.a(lib_a-fvwrite.o)
 .glue_7t       0x0c082c78        0x0 E:/WF/ARM7-SDK-2011-07-20/GNU/arm-elf/lib//libc.a(lib_a-fwalk.o)
 .glue_7t       0x0c082c78        0x0 E:/WF/ARM7-SDK-2011-07-20/GNU/arm-elf/lib//libc.a(lib_a-impure.o)
 .glue_7t       0x0c082c78        0x0 E:/WF/ARM7-SDK-2011-07-20/GNU/arm-elf/lib//libc.a(lib_a-locale.o)
 .glue_7t       0x0c082c78        0x0 E:/WF/ARM7-SDK-2011-07-20/GNU/arm-elf/lib//libc.a(lib_a-makebuf.o)
 .glue_7t       0x0c082c78        0x0 E:/WF/ARM7-SDK-2011-07-20/GNU/arm-elf/lib//libc.a(lib_a-mallocr.o)
 .glue_7t       0x0c082c78        0x0 E:/WF/ARM7-SDK-2011-07-20/GNU/arm-elf/lib//libc.a(lib_a-memchr.o)
 .glue_7t       0x0c082c78        0x0 E:/WF/ARM7-SDK-2011-07-20/GNU/arm-elf/lib//libc.a(lib_a-memmove.o)
 .glue_7t       0x0c082c78        0x0 E:/WF/ARM7-SDK-2011-07-20/GNU/arm-elf/lib//libc.a(lib_a-mlock.o)
 .glue_7t       0x0c082c78        0x0 E:/WF/ARM7-SDK-2011-07-20/GNU/arm-elf/lib//libc.a(lib_a-mprec.o)
 .glue_7t       0x0c082c78        0x0 E:/WF/ARM7-SDK-2011-07-20/GNU/arm-elf/lib//libc.a(lib_a-reallocr.o)
 .glue_7t       0x0c082c78        0x0 E:/WF/ARM7-SDK-2011-07-20/GNU/arm-elf/lib//libc.a(lib_a-s_isinfd.o)
 .glue_7t       0x0c082c78        0x0 E:/WF/ARM7-SDK-2011-07-20/GNU/arm-elf/lib//libc.a(lib_a-s_isnand.o)
 .glue_7t       0x0c082c78        0x0 E:/WF/ARM7-SDK-2011-07-20/GNU/arm-elf/lib//libc.a(lib_a-stdio.o)
 .glue_7t       0x0c082c78        0x0 E:/WF/ARM7-SDK-2011-07-20/GNU/arm-elf/lib//libc.a(lib_a-callocr.o)
 .glue_7t       0x0c082c78        0x0 E:/WF/ARM7-SDK-2011-07-20/GNU/arm-elf/lib//libc.a(lib_a-fclose.o)
 .glue_7t       0x0c082c78        0x0 E:/WF/ARM7-SDK-2011-07-20/HHFiles/lib//libARMPos.a(libARMPos.o)
 .glue_7t       0x0c082c78        0x0 E:/WF/ARM7-SDK-2011-07-20/HHFiles/lib//libARMPos.a(call_api.o)
 .glue_7t       0x0c082c78        0x0 E:/WF/ARM7-SDK-2011-07-20/HHFiles/lib//libext.a(exlib.o)
 .glue_7t       0x0c082c78        0x0 E:/WF/ARM7-SDK-2011-07-20/HHFiles/lib//libext.a(exlib_pinyin.o)
 .glue_7t       0x0c082c78        0x0 E:/WF/ARM7-SDK-2011-07-20/HHFiles/lib//libcard.a(libcard.o)
 .glue_7t       0x0c082c78        0x0 E:/WF/ARM7-SDK-2011-07-20/HHFiles/lib//libcard.a(cpucard.o)
 .glue_7t       0x0c082c78        0x0 E:/WF/ARM7-SDK-2011-07-20/HHFiles/lib//libcontactless.a(iso14443.o)
 .glue_7t       0x0c082c78        0x0 E:/WF/ARM7-SDK-2011-07-20/HHFiles/lib//libcontactless.a(mifare.o)
 .glue_7t       0x0c082c78        0x0 E:/WF/ARM7-SDK-2011-07-20/HHFiles/lib//libcontactless.a(port.o)
 .glue_7t       0x0c082c78        0x0 E:/WF/ARM7-SDK-2011-07-20/HHFiles/lib//libcontactless.a(rcxcomm.o)
 .glue_7t       0x0c082c78        0x0 E:/WF/ARM7-SDK-2011-07-20/HHFiles/lib//libcontactless.a(rcxreg.o)
 .glue_7t       0x0c082c78        0x0 E:/WF/ARM7-SDK-2011-07-20/HHFiles/lib//libdb.a(database.o)
 .glue_7t       0x0c082c78        0x0 E:/WF/ARM7-SDK-2011-07-20/HHFiles/lib//libsim.a(sim.o)
 .glue_7t       0x0c082c78        0x0 E:/WF/ARM7-SDK-2011-07-20/HHFiles/lib//libsim.a(trans.o)
 .glue_7t       0x0c082c78        0x0 E:/WF/ARM7-SDK-2011-07-20/GNU/arm-elf/lib//libgcc.a(_udivsi3.o)
 .glue_7t       0x0c082c78        0x0 E:/WF/ARM7-SDK-2011-07-20/GNU/arm-elf/lib//libgcc.a(_divsi3.o)
 .glue_7t       0x0c082c78        0x0 E:/WF/ARM7-SDK-2011-07-20/GNU/arm-elf/lib//libgcc.a(_umodsi3.o)
 .glue_7t       0x0c082c78        0x0 E:/WF/ARM7-SDK-2011-07-20/GNU/arm-elf/lib//libgcc.a(_modsi3.o)
 .glue_7t       0x0c082c78        0x0 E:/WF/ARM7-SDK-2011-07-20/GNU/arm-elf/lib//libgcc.a(_dvmd_tls.o)
 .glue_7t       0x0c082c78        0x0 E:/WF/ARM7-SDK-2011-07-20/GNU/arm-elf/lib//libgcc.a(_addsubdf3.o)
 .glue_7t       0x0c082c78        0x0 E:/WF/ARM7-SDK-2011-07-20/GNU/arm-elf/lib//libgcc.a(_muldivdf3.o)
 .glue_7t       0x0c082c78        0x0 E:/WF/ARM7-SDK-2011-07-20/GNU/arm-elf/lib//libgcc.a(_cmpdf2.o)
 .glue_7t       0x0c082c78        0x0 E:/WF/ARM7-SDK-2011-07-20/GNU/arm-elf/lib//libgcc.a(_fixdfsi.o)
 .glue_7t       0x0c082c78        0x0 E:/WF/ARM7-SDK-2011-07-20/GNU/arm-elf/lib//libgcc.a(_fixunsdfsi.o)
 .glue_7t       0x0c082c78        0x0 E:/WF/ARM7-SDK-2011-07-20/GNU/arm-elf/lib//libc.a(lib_a-atoi.o)
 .glue_7t       0x0c082c78        0x0 E:/WF/ARM7-SDK-2011-07-20/GNU/arm-elf/lib//libc.a(lib_a-atol.o)
 .glue_7t       0x0c082c78        0x0 E:/WF/ARM7-SDK-2011-07-20/GNU/arm-elf/lib//libc.a(lib_a-bsearch.o)
 .glue_7t       0x0c082c78        0x0 E:/WF/ARM7-SDK-2011-07-20/GNU/arm-elf/lib//libc.a(lib_a-ctype_.o)
 .glue_7t       0x0c082c78        0x0 E:/WF/ARM7-SDK-2011-07-20/GNU/arm-elf/lib//libc.a(lib_a-memcmp.o)
 .glue_7t       0x0c082c78        0x0 E:/WF/ARM7-SDK-2011-07-20/GNU/arm-elf/lib//libc.a(lib_a-strstr.o)
 .glue_7t       0x0c082c78        0x0 E:/WF/ARM7-SDK-2011-07-20/GNU/arm-elf/lib//libc.a(lib_a-strtol.o)
 .glue_7t       0x0c082c78        0x0 E:/WF/ARM7-SDK-2011-07-20/GNU/arm-elf/lib//libc.a(lib_a-strupr.o)
 .glue_7t       0x0c082c78        0x0 E:/WF/ARM7-SDK-2011-07-20/GNU/arm-elf/lib//libm.a(lib_a-w_pow.o)
 .glue_7t       0x0c082c78        0x0 E:/WF/ARM7-SDK-2011-07-20/GNU/arm-elf/lib//libm.a(lib_a-e_pow.o)
 .glue_7t       0x0c082c78        0x0 E:/WF/ARM7-SDK-2011-07-20/GNU/arm-elf/lib//libm.a(lib_a-e_sqrt.o)
 .glue_7t       0x0c082c78        0x0 E:/WF/ARM7-SDK-2011-07-20/GNU/arm-elf/lib//libm.a(lib_a-s_fabs.o)
 .glue_7t       0x0c082c78        0x0 E:/WF/ARM7-SDK-2011-07-20/GNU/arm-elf/lib//libm.a(lib_a-s_finite.o)
 .glue_7t       0x0c082c78        0x0 E:/WF/ARM7-SDK-2011-07-20/GNU/arm-elf/lib//libm.a(lib_a-s_lib_ver.o)
 .glue_7t       0x0c082c78        0x0 E:/WF/ARM7-SDK-2011-07-20/GNU/arm-elf/lib//libm.a(lib_a-s_matherr.o)
 .glue_7t       0x0c082c78        0x0 E:/WF/ARM7-SDK-2011-07-20/GNU/arm-elf/lib//libm.a(lib_a-s_rint.o)
 .glue_7t       0x0c082c78        0x0 E:/WF/ARM7-SDK-2011-07-20/GNU/arm-elf/lib//libm.a(lib_a-s_scalbn.o)
 .glue_7t       0x0c082c78        0x0 E:/WF/ARM7-SDK-2011-07-20/GNU/arm-elf/lib//libm.a(lib_a-s_copysign.o)
 .glue_7t       0x0c082c78        0x0 E:/WF/ARM7-SDK-2011-07-20/GNU/arm-elf/lib//libc.a(lib_a-errno.o)
 *(.glue_7)
 .glue_7        0x0c082c78        0x0 E:/WF/develop_windows/sffhandpos/Release/crt0.o
 .glue_7        0x0c082c78        0x0 E:/WF/develop_windows/sffhandpos/Release/SF.o
 .glue_7        0x0c082c78        0x0 E:/WF/develop_windows/sffhandpos/Release/Card.o
 .glue_7        0x0c082c78        0x0 E:/WF/develop_windows/sffhandpos/Release/DataBase.o
 .glue_7        0x0c082c78        0x0 E:/WF/develop_windows/sffhandpos/Release/Common.o
 .glue_7        0x0c082c78        0x0 E:/WF/develop_windows/sffhandpos/Release/Gprs.o
 .glue_7        0x0c082c78        0x0 E:/WF/ARM7-SDK-2011-07-20/GNU/arm-elf/lib//libc.a(lib_a-memcpy.o)
 .glue_7        0x0c082c78        0x0 E:/WF/ARM7-SDK-2011-07-20/GNU/arm-elf/lib//libc.a(lib_a-memset.o)
 .glue_7        0x0c082c78        0x0 E:/WF/ARM7-SDK-2011-07-20/GNU/arm-elf/lib//libc.a(lib_a-sprintf.o)
 .glue_7        0x0c082c78        0x0 E:/WF/ARM7-SDK-2011-07-20/GNU/arm-elf/lib//libc.a(lib_a-strcat.o)
 .glue_7        0x0c082c78        0x0 E:/WF/ARM7-SDK-2011-07-20/GNU/arm-elf/lib//libc.a(lib_a-strcmp.o)
 .glue_7        0x0c082c78        0x0 E:/WF/ARM7-SDK-2011-07-20/GNU/arm-elf/lib//libc.a(lib_a-strcpy.o)
 .glue_7        0x0c082c78        0x0 E:/WF/ARM7-SDK-2011-07-20/GNU/arm-elf/lib//libc.a(lib_a-strlen.o)
 .glue_7        0x0c082c78        0x0 E:/WF/ARM7-SDK-2011-07-20/GNU/arm-elf/lib//libc.a(lib_a-strncpy.o)
 .glue_7        0x0c082c78        0x0 E:/WF/ARM7-SDK-2011-07-20/GNU/arm-elf/lib//libc.a(lib_a-strtok.o)
 .glue_7        0x0c082c78        0x0 E:/WF/ARM7-SDK-2011-07-20/GNU/arm-elf/lib//libc.a(lib_a-strtok_r.o)
 .glue_7        0x0c082c78        0x0 E:/WF/ARM7-SDK-2011-07-20/GNU/arm-elf/lib//libc.a(lib_a-vfprintf.o)
 .glue_7        0x0c082c78        0x0 E:/WF/ARM7-SDK-2011-07-20/GNU/arm-elf/lib//libc.a(lib_a-wcrtomb.o)
 .glue_7        0x0c082c78        0x0 E:/WF/ARM7-SDK-2011-07-20/GNU/arm-elf/lib//libc.a(lib_a-wcsrtombs.o)
 .glue_7        0x0c082c78        0x0 E:/WF/ARM7-SDK-2011-07-20/GNU/arm-elf/lib//libc.a(lib_a-wctomb_r.o)
 .glue_7        0x0c082c78        0x0 E:/WF/ARM7-SDK-2011-07-20/GNU/arm-elf/lib//libc.a(lib_a-wsetup.o)
 .glue_7        0x0c082c78        0x0 E:/WF/ARM7-SDK-2011-07-20/GNU/arm-elf/lib//libc.a(lib_a-dtoa.o)
 .glue_7        0x0c082c78        0x0 E:/WF/ARM7-SDK-2011-07-20/GNU/arm-elf/lib//libc.a(lib_a-fflush.o)
 .glue_7        0x0c082c78        0x0 E:/WF/ARM7-SDK-2011-07-20/GNU/arm-elf/lib//libc.a(lib_a-findfp.o)
 .glue_7        0x0c082c78        0x0 E:/WF/ARM7-SDK-2011-07-20/GNU/arm-elf/lib//libc.a(lib_a-freer.o)
 .glue_7        0x0c082c78        0x0 E:/WF/ARM7-SDK-2011-07-20/GNU/arm-elf/lib//libc.a(lib_a-fvwrite.o)
 .glue_7        0x0c082c78        0x0 E:/WF/ARM7-SDK-2011-07-20/GNU/arm-elf/lib//libc.a(lib_a-fwalk.o)
 .glue_7        0x0c082c78        0x0 E:/WF/ARM7-SDK-2011-07-20/GNU/arm-elf/lib//libc.a(lib_a-impure.o)
 .glue_7        0x0c082c78        0x0 E:/WF/ARM7-SDK-2011-07-20/GNU/arm-elf/lib//libc.a(lib_a-locale.o)
 .glue_7        0x0c082c78        0x0 E:/WF/ARM7-SDK-2011-07-20/GNU/arm-elf/lib//libc.a(lib_a-makebuf.o)
 .glue_7        0x0c082c78        0x0 E:/WF/ARM7-SDK-2011-07-20/GNU/arm-elf/lib//libc.a(lib_a-mallocr.o)
 .glue_7        0x0c082c78        0x0 E:/WF/ARM7-SDK-2011-07-20/GNU/arm-elf/lib//libc.a(lib_a-memchr.o)
 .glue_7        0x0c082c78        0x0 E:/WF/ARM7-SDK-2011-07-20/GNU/arm-elf/lib//libc.a(lib_a-memmove.o)
 .glue_7        0x0c082c78        0x0 E:/WF/ARM7-SDK-2011-07-20/GNU/arm-elf/lib//libc.a(lib_a-mlock.o)
 .glue_7        0x0c082c78        0x0 E:/WF/ARM7-SDK-2011-07-20/GNU/arm-elf/lib//libc.a(lib_a-mprec.o)
 .glue_7        0x0c082c78        0x0 E:/WF/ARM7-SDK-2011-07-20/GNU/arm-elf/lib//libc.a(lib_a-reallocr.o)
 .glue_7        0x0c082c78        0x0 E:/WF/ARM7-SDK-2011-07-20/GNU/arm-elf/lib//libc.a(lib_a-s_isinfd.o)
 .glue_7        0x0c082c78        0x0 E:/WF/ARM7-SDK-2011-07-20/GNU/arm-elf/lib//libc.a(lib_a-s_isnand.o)
 .glue_7        0x0c082c78        0x0 E:/WF/ARM7-SDK-2011-07-20/GNU/arm-elf/lib//libc.a(lib_a-stdio.o)
 .glue_7        0x0c082c78        0x0 E:/WF/ARM7-SDK-2011-07-20/GNU/arm-elf/lib//libc.a(lib_a-callocr.o)
 .glue_7        0x0c082c78        0x0 E:/WF/ARM7-SDK-2011-07-20/GNU/arm-elf/lib//libc.a(lib_a-fclose.o)
 .glue_7        0x0c082c78        0x0 E:/WF/ARM7-SDK-2011-07-20/HHFiles/lib//libARMPos.a(libARMPos.o)
 .glue_7        0x0c082c78        0x0 E:/WF/ARM7-SDK-2011-07-20/HHFiles/lib//libARMPos.a(call_api.o)
 .glue_7        0x0c082c78        0x0 E:/WF/ARM7-SDK-2011-07-20/HHFiles/lib//libext.a(exlib.o)
 .glue_7        0x0c082c78        0x0 E:/WF/ARM7-SDK-2011-07-20/HHFiles/lib//libext.a(exlib_pinyin.o)
 .glue_7        0x0c082c78        0x0 E:/WF/ARM7-SDK-2011-07-20/HHFiles/lib//libcard.a(libcard.o)
 .glue_7        0x0c082c78        0x0 E:/WF/ARM7-SDK-2011-07-20/HHFiles/lib//libcard.a(cpucard.o)
 .glue_7        0x0c082c78        0x0 E:/WF/ARM7-SDK-2011-07-20/HHFiles/lib//libcontactless.a(iso14443.o)
 .glue_7        0x0c082c78        0x0 E:/WF/ARM7-SDK-2011-07-20/HHFiles/lib//libcontactless.a(mifare.o)
 .glue_7        0x0c082c78        0x0 E:/WF/ARM7-SDK-2011-07-20/HHFiles/lib//libcontactless.a(port.o)
 .glue_7        0x0c082c78        0x0 E:/WF/ARM7-SDK-2011-07-20/HHFiles/lib//libcontactless.a(rcxcomm.o)
 .glue_7        0x0c082c78        0x0 E:/WF/ARM7-SDK-2011-07-20/HHFiles/lib//libcontactless.a(rcxreg.o)
 .glue_7        0x0c082c78        0x0 E:/WF/ARM7-SDK-2011-07-20/HHFiles/lib//libdb.a(database.o)
 .glue_7        0x0c082c78        0x0 E:/WF/ARM7-SDK-2011-07-20/HHFiles/lib//libsim.a(sim.o)
 .glue_7        0x0c082c78        0x0 E:/WF/ARM7-SDK-2011-07-20/HHFiles/lib//libsim.a(trans.o)
 .glue_7        0x0c082c78        0x0 E:/WF/ARM7-SDK-2011-07-20/GNU/arm-elf/lib//libgcc.a(_udivsi3.o)
 .glue_7        0x0c082c78        0x0 E:/WF/ARM7-SDK-2011-07-20/GNU/arm-elf/lib//libgcc.a(_divsi3.o)
 .glue_7        0x0c082c78        0x0 E:/WF/ARM7-SDK-2011-07-20/GNU/arm-elf/lib//libgcc.a(_umodsi3.o)
 .glue_7        0x0c082c78        0x0 E:/WF/ARM7-SDK-2011-07-20/GNU/arm-elf/lib//libgcc.a(_modsi3.o)
 .glue_7        0x0c082c78        0x0 E:/WF/ARM7-SDK-2011-07-20/GNU/arm-elf/lib//libgcc.a(_dvmd_tls.o)
 .glue_7        0x0c082c78        0x0 E:/WF/ARM7-SDK-2011-07-20/GNU/arm-elf/lib//libgcc.a(_addsubdf3.o)
 .glue_7        0x0c082c78        0x0 E:/WF/ARM7-SDK-2011-07-20/GNU/arm-elf/lib//libgcc.a(_muldivdf3.o)
 .glue_7        0x0c082c78        0x0 E:/WF/ARM7-SDK-2011-07-20/GNU/arm-elf/lib//libgcc.a(_cmpdf2.o)
 .glue_7        0x0c082c78        0x0 E:/WF/ARM7-SDK-2011-07-20/GNU/arm-elf/lib//libgcc.a(_fixdfsi.o)
 .glue_7        0x0c082c78        0x0 E:/WF/ARM7-SDK-2011-07-20/GNU/arm-elf/lib//libgcc.a(_fixunsdfsi.o)
 .glue_7        0x0c082c78        0x0 E:/WF/ARM7-SDK-2011-07-20/GNU/arm-elf/lib//libc.a(lib_a-atoi.o)
 .glue_7        0x0c082c78        0x0 E:/WF/ARM7-SDK-2011-07-20/GNU/arm-elf/lib//libc.a(lib_a-atol.o)
 .glue_7        0x0c082c78        0x0 E:/WF/ARM7-SDK-2011-07-20/GNU/arm-elf/lib//libc.a(lib_a-bsearch.o)
 .glue_7        0x0c082c78        0x0 E:/WF/ARM7-SDK-2011-07-20/GNU/arm-elf/lib//libc.a(lib_a-ctype_.o)
 .glue_7        0x0c082c78        0x0 E:/WF/ARM7-SDK-2011-07-20/GNU/arm-elf/lib//libc.a(lib_a-memcmp.o)
 .glue_7        0x0c082c78        0x0 E:/WF/ARM7-SDK-2011-07-20/GNU/arm-elf/lib//libc.a(lib_a-strstr.o)
 .glue_7        0x0c082c78        0x0 E:/WF/ARM7-SDK-2011-07-20/GNU/arm-elf/lib//libc.a(lib_a-strtol.o)
 .glue_7        0x0c082c78        0x0 E:/WF/ARM7-SDK-2011-07-20/GNU/arm-elf/lib//libc.a(lib_a-strupr.o)
 .glue_7        0x0c082c78        0x0 E:/WF/ARM7-SDK-2011-07-20/GNU/arm-elf/lib//libm.a(lib_a-w_pow.o)
 .glue_7        0x0c082c78        0x0 E:/WF/ARM7-SDK-2011-07-20/GNU/arm-elf/lib//libm.a(lib_a-e_pow.o)
 .glue_7        0x0c082c78        0x0 E:/WF/ARM7-SDK-2011-07-20/GNU/arm-elf/lib//libm.a(lib_a-e_sqrt.o)
 .glue_7        0x0c082c78        0x0 E:/WF/ARM7-SDK-2011-07-20/GNU/arm-elf/lib//libm.a(lib_a-s_fabs.o)
 .glue_7        0x0c082c78        0x0 E:/WF/ARM7-SDK-2011-07-20/GNU/arm-elf/lib//libm.a(lib_a-s_finite.o)
 .glue_7        0x0c082c78        0x0 E:/WF/ARM7-SDK-2011-07-20/GNU/arm-elf/lib//libm.a(lib_a-s_lib_ver.o)
 .glue_7        0x0c082c78        0x0 E:/WF/ARM7-SDK-2011-07-20/GNU/arm-elf/lib//libm.a(lib_a-s_matherr.o)
 .glue_7        0x0c082c78        0x0 E:/WF/ARM7-SDK-2011-07-20/GNU/arm-elf/lib//libm.a(lib_a-s_rint.o)
 .glue_7        0x0c082c78        0x0 E:/WF/ARM7-SDK-2011-07-20/GNU/arm-elf/lib//libm.a(lib_a-s_scalbn.o)
 .glue_7        0x0c082c78        0x0 E:/WF/ARM7-SDK-2011-07-20/GNU/arm-elf/lib//libm.a(lib_a-s_copysign.o)
 .glue_7        0x0c082c78        0x0 E:/WF/ARM7-SDK-2011-07-20/GNU/arm-elf/lib//libc.a(lib_a-errno.o)
                0x0c082c78                . = ALIGN (0x4)
                0x0c082c78                _etext = .

.vfp11_veneer   0x00000000        0x0
 .vfp11_veneer  0x00000000        0x0 E:/WF/develop_windows/sffhandpos/Release/crt0.o
 .vfp11_veneer  0x00000000        0x0 E:/WF/develop_windows/sffhandpos/Release/SF.o
 .vfp11_veneer  0x00000000        0x0 E:/WF/develop_windows/sffhandpos/Release/Card.o
 .vfp11_veneer  0x00000000        0x0 E:/WF/develop_windows/sffhandpos/Release/DataBase.o
 .vfp11_veneer  0x00000000        0x0 E:/WF/develop_windows/sffhandpos/Release/Common.o
 .vfp11_veneer  0x00000000        0x0 E:/WF/develop_windows/sffhandpos/Release/Gprs.o
 .vfp11_veneer  0x00000000        0x0 E:/WF/ARM7-SDK-2011-07-20/GNU/arm-elf/lib//libc.a(lib_a-memcpy.o)
 .vfp11_veneer  0x00000000        0x0 E:/WF/ARM7-SDK-2011-07-20/GNU/arm-elf/lib//libc.a(lib_a-memset.o)
 .vfp11_veneer  0x00000000        0x0 E:/WF/ARM7-SDK-2011-07-20/GNU/arm-elf/lib//libc.a(lib_a-sprintf.o)
 .vfp11_veneer  0x00000000        0x0 E:/WF/ARM7-SDK-2011-07-20/GNU/arm-elf/lib//libc.a(lib_a-strcat.o)
 .vfp11_veneer  0x00000000        0x0 E:/WF/ARM7-SDK-2011-07-20/GNU/arm-elf/lib//libc.a(lib_a-strcmp.o)
 .vfp11_veneer  0x00000000        0x0 E:/WF/ARM7-SDK-2011-07-20/GNU/arm-elf/lib//libc.a(lib_a-strcpy.o)
 .vfp11_veneer  0x00000000        0x0 E:/WF/ARM7-SDK-2011-07-20/GNU/arm-elf/lib//libc.a(lib_a-strlen.o)
 .vfp11_veneer  0x00000000        0x0 E:/WF/ARM7-SDK-2011-07-20/GNU/arm-elf/lib//libc.a(lib_a-strncpy.o)
 .vfp11_veneer  0x00000000        0x0 E:/WF/ARM7-SDK-2011-07-20/GNU/arm-elf/lib//libc.a(lib_a-strtok.o)
 .vfp11_veneer  0x00000000        0x0 E:/WF/ARM7-SDK-2011-07-20/GNU/arm-elf/lib//libc.a(lib_a-strtok_r.o)
 .vfp11_veneer  0x00000000        0x0 E:/WF/ARM7-SDK-2011-07-20/GNU/arm-elf/lib//libc.a(lib_a-vfprintf.o)
 .vfp11_veneer  0x00000000        0x0 E:/WF/ARM7-SDK-2011-07-20/GNU/arm-elf/lib//libc.a(lib_a-wcrtomb.o)
 .vfp11_veneer  0x00000000        0x0 E:/WF/ARM7-SDK-2011-07-20/GNU/arm-elf/lib//libc.a(lib_a-wcsrtombs.o)
 .vfp11_veneer  0x00000000        0x0 E:/WF/ARM7-SDK-2011-07-20/GNU/arm-elf/lib//libc.a(lib_a-wctomb_r.o)
 .vfp11_veneer  0x00000000        0x0 E:/WF/ARM7-SDK-2011-07-20/GNU/arm-elf/lib//libc.a(lib_a-wsetup.o)
 .vfp11_veneer  0x00000000        0x0 E:/WF/ARM7-SDK-2011-07-20/GNU/arm-elf/lib//libc.a(lib_a-dtoa.o)
 .vfp11_veneer  0x00000000        0x0 E:/WF/ARM7-SDK-2011-07-20/GNU/arm-elf/lib//libc.a(lib_a-fflush.o)
 .vfp11_veneer  0x00000000        0x0 E:/WF/ARM7-SDK-2011-07-20/GNU/arm-elf/lib//libc.a(lib_a-findfp.o)
 .vfp11_veneer  0x00000000        0x0 E:/WF/ARM7-SDK-2011-07-20/GNU/arm-elf/lib//libc.a(lib_a-freer.o)
 .vfp11_veneer  0x00000000        0x0 E:/WF/ARM7-SDK-2011-07-20/GNU/arm-elf/lib//libc.a(lib_a-fvwrite.o)
 .vfp11_veneer  0x00000000        0x0 E:/WF/ARM7-SDK-2011-07-20/GNU/arm-elf/lib//libc.a(lib_a-fwalk.o)
 .vfp11_veneer  0x00000000        0x0 E:/WF/ARM7-SDK-2011-07-20/GNU/arm-elf/lib//libc.a(lib_a-impure.o)
 .vfp11_veneer  0x00000000        0x0 E:/WF/ARM7-SDK-2011-07-20/GNU/arm-elf/lib//libc.a(lib_a-locale.o)
 .vfp11_veneer  0x00000000        0x0 E:/WF/ARM7-SDK-2011-07-20/GNU/arm-elf/lib//libc.a(lib_a-makebuf.o)
 .vfp11_veneer  0x00000000        0x0 E:/WF/ARM7-SDK-2011-07-20/GNU/arm-elf/lib//libc.a(lib_a-mallocr.o)
 .vfp11_veneer  0x00000000        0x0 E:/WF/ARM7-SDK-2011-07-20/GNU/arm-elf/lib//libc.a(lib_a-memchr.o)
 .vfp11_veneer  0x00000000        0x0 E:/WF/ARM7-SDK-2011-07-20/GNU/arm-elf/lib//libc.a(lib_a-memmove.o)
 .vfp11_veneer  0x00000000        0x0 E:/WF/ARM7-SDK-2011-07-20/GNU/arm-elf/lib//libc.a(lib_a-mlock.o)
 .vfp11_veneer  0x00000000        0x0 E:/WF/ARM7-SDK-2011-07-20/GNU/arm-elf/lib//libc.a(lib_a-mprec.o)
 .vfp11_veneer  0x00000000        0x0 E:/WF/ARM7-SDK-2011-07-20/GNU/arm-elf/lib//libc.a(lib_a-reallocr.o)
 .vfp11_veneer  0x00000000        0x0 E:/WF/ARM7-SDK-2011-07-20/GNU/arm-elf/lib//libc.a(lib_a-s_isinfd.o)
 .vfp11_veneer  0x00000000        0x0 E:/WF/ARM7-SDK-2011-07-20/GNU/arm-elf/lib//libc.a(lib_a-s_isnand.o)
 .vfp11_veneer  0x00000000        0x0 E:/WF/ARM7-SDK-2011-07-20/GNU/arm-elf/lib//libc.a(lib_a-stdio.o)
 .vfp11_veneer  0x00000000        0x0 E:/WF/ARM7-SDK-2011-07-20/GNU/arm-elf/lib//libc.a(lib_a-callocr.o)
 .vfp11_veneer  0x00000000        0x0 E:/WF/ARM7-SDK-2011-07-20/GNU/arm-elf/lib//libc.a(lib_a-fclose.o)
 .vfp11_veneer  0x00000000        0x0 E:/WF/ARM7-SDK-2011-07-20/HHFiles/lib//libARMPos.a(libARMPos.o)
 .vfp11_veneer  0x00000000        0x0 E:/WF/ARM7-SDK-2011-07-20/HHFiles/lib//libARMPos.a(call_api.o)
 .vfp11_veneer  0x00000000        0x0 E:/WF/ARM7-SDK-2011-07-20/HHFiles/lib//libext.a(exlib.o)
 .vfp11_veneer  0x00000000        0x0 E:/WF/ARM7-SDK-2011-07-20/HHFiles/lib//libext.a(exlib_pinyin.o)
 .vfp11_veneer  0x00000000        0x0 E:/WF/ARM7-SDK-2011-07-20/HHFiles/lib//libcard.a(libcard.o)
 .vfp11_veneer  0x00000000        0x0 E:/WF/ARM7-SDK-2011-07-20/HHFiles/lib//libcard.a(cpucard.o)
 .vfp11_veneer  0x00000000        0x0 E:/WF/ARM7-SDK-2011-07-20/HHFiles/lib//libcontactless.a(iso14443.o)
 .vfp11_veneer  0x00000000        0x0 E:/WF/ARM7-SDK-2011-07-20/HHFiles/lib//libcontactless.a(mifare.o)
 .vfp11_veneer  0x00000000        0x0 E:/WF/ARM7-SDK-2011-07-20/HHFiles/lib//libcontactless.a(port.o)
 .vfp11_veneer  0x00000000        0x0 E:/WF/ARM7-SDK-2011-07-20/HHFiles/lib//libcontactless.a(rcxcomm.o)
 .vfp11_veneer  0x00000000        0x0 E:/WF/ARM7-SDK-2011-07-20/HHFiles/lib//libcontactless.a(rcxreg.o)
 .vfp11_veneer  0x00000000        0x0 E:/WF/ARM7-SDK-2011-07-20/HHFiles/lib//libdb.a(database.o)
 .vfp11_veneer  0x00000000        0x0 E:/WF/ARM7-SDK-2011-07-20/HHFiles/lib//libsim.a(sim.o)
 .vfp11_veneer  0x00000000        0x0 E:/WF/ARM7-SDK-2011-07-20/HHFiles/lib//libsim.a(trans.o)
 .vfp11_veneer  0x00000000        0x0 E:/WF/ARM7-SDK-2011-07-20/GNU/arm-elf/lib//libgcc.a(_udivsi3.o)
 .vfp11_veneer  0x00000000        0x0 E:/WF/ARM7-SDK-2011-07-20/GNU/arm-elf/lib//libgcc.a(_divsi3.o)
 .vfp11_veneer  0x00000000        0x0 E:/WF/ARM7-SDK-2011-07-20/GNU/arm-elf/lib//libgcc.a(_umodsi3.o)
 .vfp11_veneer  0x00000000        0x0 E:/WF/ARM7-SDK-2011-07-20/GNU/arm-elf/lib//libgcc.a(_modsi3.o)
 .vfp11_veneer  0x00000000        0x0 E:/WF/ARM7-SDK-2011-07-20/GNU/arm-elf/lib//libgcc.a(_dvmd_tls.o)
 .vfp11_veneer  0x00000000        0x0 E:/WF/ARM7-SDK-2011-07-20/GNU/arm-elf/lib//libgcc.a(_addsubdf3.o)
 .vfp11_veneer  0x00000000        0x0 E:/WF/ARM7-SDK-2011-07-20/GNU/arm-elf/lib//libgcc.a(_muldivdf3.o)
 .vfp11_veneer  0x00000000        0x0 E:/WF/ARM7-SDK-2011-07-20/GNU/arm-elf/lib//libgcc.a(_cmpdf2.o)
 .vfp11_veneer  0x00000000        0x0 E:/WF/ARM7-SDK-2011-07-20/GNU/arm-elf/lib//libgcc.a(_fixdfsi.o)
 .vfp11_veneer  0x00000000        0x0 E:/WF/ARM7-SDK-2011-07-20/GNU/arm-elf/lib//libgcc.a(_fixunsdfsi.o)
 .vfp11_veneer  0x00000000        0x0 E:/WF/ARM7-SDK-2011-07-20/GNU/arm-elf/lib//libc.a(lib_a-atoi.o)
 .vfp11_veneer  0x00000000        0x0 E:/WF/ARM7-SDK-2011-07-20/GNU/arm-elf/lib//libc.a(lib_a-atol.o)
 .vfp11_veneer  0x00000000        0x0 E:/WF/ARM7-SDK-2011-07-20/GNU/arm-elf/lib//libc.a(lib_a-bsearch.o)
 .vfp11_veneer  0x00000000        0x0 E:/WF/ARM7-SDK-2011-07-20/GNU/arm-elf/lib//libc.a(lib_a-ctype_.o)
 .vfp11_veneer  0x00000000        0x0 E:/WF/ARM7-SDK-2011-07-20/GNU/arm-elf/lib//libc.a(lib_a-memcmp.o)
 .vfp11_veneer  0x00000000        0x0 E:/WF/ARM7-SDK-2011-07-20/GNU/arm-elf/lib//libc.a(lib_a-strstr.o)
 .vfp11_veneer  0x00000000        0x0 E:/WF/ARM7-SDK-2011-07-20/GNU/arm-elf/lib//libc.a(lib_a-strtol.o)
 .vfp11_veneer  0x00000000        0x0 E:/WF/ARM7-SDK-2011-07-20/GNU/arm-elf/lib//libc.a(lib_a-strupr.o)
 .vfp11_veneer  0x00000000        0x0 E:/WF/ARM7-SDK-2011-07-20/GNU/arm-elf/lib//libm.a(lib_a-w_pow.o)
 .vfp11_veneer  0x00000000        0x0 E:/WF/ARM7-SDK-2011-07-20/GNU/arm-elf/lib//libm.a(lib_a-e_pow.o)
 .vfp11_veneer  0x00000000        0x0 E:/WF/ARM7-SDK-2011-07-20/GNU/arm-elf/lib//libm.a(lib_a-e_sqrt.o)
 .vfp11_veneer  0x00000000        0x0 E:/WF/ARM7-SDK-2011-07-20/GNU/arm-elf/lib//libm.a(lib_a-s_fabs.o)
 .vfp11_veneer  0x00000000        0x0 E:/WF/ARM7-SDK-2011-07-20/GNU/arm-elf/lib//libm.a(lib_a-s_finite.o)
 .vfp11_veneer  0x00000000        0x0 E:/WF/ARM7-SDK-2011-07-20/GNU/arm-elf/lib//libm.a(lib_a-s_lib_ver.o)
 .vfp11_veneer  0x00000000        0x0 E:/WF/ARM7-SDK-2011-07-20/GNU/arm-elf/lib//libm.a(lib_a-s_matherr.o)
 .vfp11_veneer  0x00000000        0x0 E:/WF/ARM7-SDK-2011-07-20/GNU/arm-elf/lib//libm.a(lib_a-s_rint.o)
 .vfp11_veneer  0x00000000        0x0 E:/WF/ARM7-SDK-2011-07-20/GNU/arm-elf/lib//libm.a(lib_a-s_scalbn.o)
 .vfp11_veneer  0x00000000        0x0 E:/WF/ARM7-SDK-2011-07-20/GNU/arm-elf/lib//libm.a(lib_a-s_copysign.o)
 .vfp11_veneer  0x00000000        0x0 E:/WF/ARM7-SDK-2011-07-20/GNU/arm-elf/lib//libc.a(lib_a-errno.o)

.data           0x0c082c78    0x1696c
                0x0c082c78                . = ALIGN (0x4)
                0x0c082c78                _data = .
 *(.data)
 .data          0x0c082c78        0xc E:/WF/develop_windows/sffhandpos/Release/crt0.o
                0x0c082c78                environ
                0x0c082c7c                stack_ptr
                0x0c082c80                funcmain
 .data          0x0c082c84        0x0 E:/WF/develop_windows/sffhandpos/Release/SF.o
 .data          0x0c082c84        0x8 E:/WF/develop_windows/sffhandpos/Release/Card.o
                0x0c082c84                dummy_key
 .data          0x0c082c8c        0x0 E:/WF/develop_windows/sffhandpos/Release/DataBase.o
 .data          0x0c082c8c        0x0 E:/WF/develop_windows/sffhandpos/Release/Common.o
 .data          0x0c082c8c        0x0 E:/WF/develop_windows/sffhandpos/Release/Gprs.o
 .data          0x0c082c8c        0x0 E:/WF/ARM7-SDK-2011-07-20/GNU/arm-elf/lib//libc.a(lib_a-memcpy.o)
 .data          0x0c082c8c        0x0 E:/WF/ARM7-SDK-2011-07-20/GNU/arm-elf/lib//libc.a(lib_a-memset.o)
 .data          0x0c082c8c        0x0 E:/WF/ARM7-SDK-2011-07-20/GNU/arm-elf/lib//libc.a(lib_a-sprintf.o)
 .data          0x0c082c8c        0x0 E:/WF/ARM7-SDK-2011-07-20/GNU/arm-elf/lib//libc.a(lib_a-strcat.o)
 .data          0x0c082c8c        0x0 E:/WF/ARM7-SDK-2011-07-20/GNU/arm-elf/lib//libc.a(lib_a-strcmp.o)
 .data          0x0c082c8c        0x0 E:/WF/ARM7-SDK-2011-07-20/GNU/arm-elf/lib//libc.a(lib_a-strcpy.o)
 .data          0x0c082c8c        0x0 E:/WF/ARM7-SDK-2011-07-20/GNU/arm-elf/lib//libc.a(lib_a-strlen.o)
 .data          0x0c082c8c        0x0 E:/WF/ARM7-SDK-2011-07-20/GNU/arm-elf/lib//libc.a(lib_a-strncpy.o)
 .data          0x0c082c8c        0x0 E:/WF/ARM7-SDK-2011-07-20/GNU/arm-elf/lib//libc.a(lib_a-strtok.o)
 .data          0x0c082c8c        0x0 E:/WF/ARM7-SDK-2011-07-20/GNU/arm-elf/lib//libc.a(lib_a-strtok_r.o)
 .data          0x0c082c8c        0x0 E:/WF/ARM7-SDK-2011-07-20/GNU/arm-elf/lib//libc.a(lib_a-vfprintf.o)
 .data          0x0c082c8c        0x0 E:/WF/ARM7-SDK-2011-07-20/GNU/arm-elf/lib//libc.a(lib_a-wcrtomb.o)
 .data          0x0c082c8c        0x0 E:/WF/ARM7-SDK-2011-07-20/GNU/arm-elf/lib//libc.a(lib_a-wcsrtombs.o)
 .data          0x0c082c8c        0x0 E:/WF/ARM7-SDK-2011-07-20/GNU/arm-elf/lib//libc.a(lib_a-wctomb_r.o)
 .data          0x0c082c8c        0x0 E:/WF/ARM7-SDK-2011-07-20/GNU/arm-elf/lib//libc.a(lib_a-wsetup.o)
 .data          0x0c082c8c        0x0 E:/WF/ARM7-SDK-2011-07-20/GNU/arm-elf/lib//libc.a(lib_a-dtoa.o)
 .data          0x0c082c8c        0x0 E:/WF/ARM7-SDK-2011-07-20/GNU/arm-elf/lib//libc.a(lib_a-fflush.o)
 .data          0x0c082c8c        0x0 E:/WF/ARM7-SDK-2011-07-20/GNU/arm-elf/lib//libc.a(lib_a-findfp.o)
 .data          0x0c082c8c        0x0 E:/WF/ARM7-SDK-2011-07-20/GNU/arm-elf/lib//libc.a(lib_a-freer.o)
 .data          0x0c082c8c        0x0 E:/WF/ARM7-SDK-2011-07-20/GNU/arm-elf/lib//libc.a(lib_a-fvwrite.o)
 .data          0x0c082c8c        0x0 E:/WF/ARM7-SDK-2011-07-20/GNU/arm-elf/lib//libc.a(lib_a-fwalk.o)
 .data          0x0c082c8c      0x404 E:/WF/ARM7-SDK-2011-07-20/GNU/arm-elf/lib//libc.a(lib_a-impure.o)
                0x0c082c8c                _impure_ptr
 .data          0x0c083090       0x10 E:/WF/ARM7-SDK-2011-07-20/GNU/arm-elf/lib//libc.a(lib_a-locale.o)
                0x0c083090                __mb_cur_max
                0x0c083094                __lc_ctype
 .data          0x0c0830a0        0x0 E:/WF/ARM7-SDK-2011-07-20/GNU/arm-elf/lib//libc.a(lib_a-makebuf.o)
 .data          0x0c0830a0      0x410 E:/WF/ARM7-SDK-2011-07-20/GNU/arm-elf/lib//libc.a(lib_a-mallocr.o)
                0x0c0834ac                __malloc_sbrk_base
                0x0c0830a0                __malloc_av_
                0x0c0834a8                __malloc_trim_threshold
 .data          0x0c0834b0        0x0 E:/WF/ARM7-SDK-2011-07-20/GNU/arm-elf/lib//libc.a(lib_a-memchr.o)
 .data          0x0c0834b0        0x0 E:/WF/ARM7-SDK-2011-07-20/GNU/arm-elf/lib//libc.a(lib_a-memmove.o)
 .data          0x0c0834b0        0x0 E:/WF/ARM7-SDK-2011-07-20/GNU/arm-elf/lib//libc.a(lib_a-mlock.o)
 .data          0x0c0834b0        0x0 E:/WF/ARM7-SDK-2011-07-20/GNU/arm-elf/lib//libc.a(lib_a-mprec.o)
 .data          0x0c0834b0        0x0 E:/WF/ARM7-SDK-2011-07-20/GNU/arm-elf/lib//libc.a(lib_a-reallocr.o)
 .data          0x0c0834b0        0x0 E:/WF/ARM7-SDK-2011-07-20/GNU/arm-elf/lib//libc.a(lib_a-s_isinfd.o)
 .data          0x0c0834b0        0x0 E:/WF/ARM7-SDK-2011-07-20/GNU/arm-elf/lib//libc.a(lib_a-s_isnand.o)
 .data          0x0c0834b0        0x0 E:/WF/ARM7-SDK-2011-07-20/GNU/arm-elf/lib//libc.a(lib_a-stdio.o)
 .data          0x0c0834b0        0x0 E:/WF/ARM7-SDK-2011-07-20/GNU/arm-elf/lib//libc.a(lib_a-callocr.o)
 .data          0x0c0834b0        0x0 E:/WF/ARM7-SDK-2011-07-20/GNU/arm-elf/lib//libc.a(lib_a-fclose.o)
 .data          0x0c0834b0        0x0 E:/WF/ARM7-SDK-2011-07-20/HHFiles/lib//libARMPos.a(libARMPos.o)
 .data          0x0c0834b0        0x0 E:/WF/ARM7-SDK-2011-07-20/HHFiles/lib//libARMPos.a(call_api.o)
 .data          0x0c0834b0        0x0 E:/WF/ARM7-SDK-2011-07-20/HHFiles/lib//libext.a(exlib.o)
 .data          0x0c0834b0     0x5ce8 E:/WF/ARM7-SDK-2011-07-20/HHFiles/lib//libext.a(exlib_pinyin.o)
                0x0c086f90                PY_mb_tu
                0x0c085220                PY_mb_ka
                0x0c083d30                PY_mb_chui
                0x0c0867a8                PY_mb_san
                0x0c084a44                PY_mb_hou
                0x0c08398c                PY_mb_cao
                0x0c0840e0                PY_mb_die
                0x0c087360                PY_mb_xia
                0x0c088428                PY_mb_zuo
                0x0c086f34                PY_mb_tong
                0x0c0855a8                PY_mb_leng
                0x0c084780                PY_mb_gua
                0x0c087e6c                PY_mb_zei
                0x0c083d18                PY_mb_chuang
                0x0c0839a8                PY_mb_ce
                0x0c0867cc                PY_mb_sao
                0x0c087ff4                PY_mb_zhen
                0x0c087ee0                PY_mb_zhai
                0x0c086228                PY_mb_pu
                0x0c087cd8                PY_mb_yuan
                0x0c086bf4                PY_mb_song
                0x0c0849ec                PY_mb_hei
                0x0c083ea8                PY_mb_da
                0x0c085a10                PY_mb_mang
                0x0c0888cc                PY_index_k
                0x0c085eb0                PY_mb_nuo
                0x0c084d7c                PY_mb_jia
                0x0c085d90                PY_mb_ng
                0x0c08431c                PY_mb_fa
                0x0c088154                PY_mb_zhong
                0x0c0883c0                PY_mb_zu
                0x0c08707c                PY_mb_wai
                0x0c085e40                PY_mb_ning
                0x0c088c24                PY_index_q
                0x0c087934                PY_mb_yen
                0x0c0875dc                PY_mb_xiu
                0x0c086fcc                PY_mb_tui
                0x0c085074                PY_mb_jiong
                0x0c086340                PY_mb_qia
                0x0c0881d8                PY_mb_zhu
                0x0c0883a8                PY_mb_zou
                0x0c086ef8                PY_mb_tie
                0x0c083ac4                PY_mb_chao
                0x0c0859e4                PY_mb_man
                0x0c0856c0                PY_mb_liang
                0x0c084de4                PY_mb_jian
                0x0c088b84                PY_index_o
                0x0c083fc0                PY_mb_de
                0x0c08540c                PY_mb_kui
                0x0c084f34                PY_mb_jie
                0x0c086618                PY_mb_que
                0x0c084580                PY_mb_gan
                0x0c0854cc                PY_mb_lan
                0x0c084fbc                PY_mb_jin
                0x0c085cd4                PY_mb_na
                0x0c085378                PY_mb_ku
                0x0c086e40                PY_mb_ti
                0x0c0841a4                PY_mb_du
                0x0c085834                PY_mb_lou
                0x0c0858c4                PY_mb_luan
                0x0c087568                PY_mb_xin
                0x0c0847fc                PY_mb_gui
                0x0c086c80                PY_mb_sui
                0x0c08808c                PY_mb_zhi
                0x0c088400                PY_mb_zui
                0x0c088390                PY_mb_zong
                0x0c0867a4                PY_mb_sal
                0x0c087d30                PY_mb_yue
                0x0c084064                PY_mb_dian
                0x0c0847a0                PY_mb_guai
                0x0c0837ec                PY_mb_biao
                0x0c083d64                PY_mb_chuo
                0x0c086ec8                PY_mb_tiao
                0x0c0834b0                PY_mb_a
                0x0c084428                PY_mb_feng
                0x0c0861b8                PY_mb_ping
                0x0c0887bc                PY_index_h
                0x0c085998                PY_mb_ma
                0x0c084558                PY_mb_gai
                0x0c083c90                PY_mb_chu
                0x0c087058                PY_mb_uu
                0x0c085df0                PY_mb_niang
                0x0c085478                PY_mb_kuo
                0x0c086270                PY_mb_q
                0x0c085574                PY_mb_lei
                0x0c08525c                PY_mb_kan
                0x0c086164                PY_mb_piao
                0x0c0842ec                PY_mb_ei
                0x0c088f14                PY_index_x
                0x0c084468                PY_mb_fou
                0x0c085ed0                PY_mb_nv
                0x0c087e90                PY_mb_zha
                0x0c084144                PY_mb_diu
                0x0c085a2c                PY_mb_mao
                0x0c083ce0                PY_mb_chua
                0x0c087f08                PY_mb_zhan
                0x0c087de4                PY_mb_zan
                0x0c08677c                PY_mb_sa
                0x0c087608                PY_mb_xu
                0x0c086274                PY_mb_qi
                0x0c087a78                PY_mb_yin
                0x0c088a2c                PY_index_m
                0x0c086198                PY_mb_pin
                0x0c085fe4                PY_mb_pei
                0x0c085d8c                PY_mb_neus
                0x0c084ec0                PY_mb_jiao
                0x0c0870fc                PY_mb_wei
                0x0c084a1c                PY_mb_hong
                0x0c0857c0                PY_mb_liu
                0x0c0870d4                PY_mb_wang
                0x0c0848ac                PY_mb_ha
                0x0c0882ac                PY_mb_zhui
                0x0c086410                PY_mb_qiao
                0x0c085f38                PY_mb_pai
                0x0c08414c                PY_mb_dong
                0x0c0855b4                PY_mb_li
                0x0c084244                PY_mb_duo
                0x0c085f54                PY_mb_pan
                0x0c08845c                PY_index_a
                0x0c087ad8                PY_mb_ying
                0x0c085808                PY_mb_long
                0x0c084714                PY_mb_gu
                0x0c086b70                PY_mb_shuo
                0x0c0849f4                PY_mb_hen
                0x0c085b08                PY_mb_mi
                0x0c085314                PY_mb_kei
                0x0c08705c                PY_mb_wa
                0x0c085858                PY_mb_lu
                0x0c0840a4                PY_mb_diao
                0x0c085df8                PY_mb_niao
                0x0c087210                PY_mb_wu
                0x0c0871e0                PY_mb_wo
                0x0c085674                PY_mb_lian
                0x0c085490                PY_mb_la
                0x0c0842fc                PY_mb_er
                0x0c084460                PY_mb_fiao
                0x0c086764                PY_mb_run
                0x0c0868b0                PY_mb_shang
                0x0c083f84                PY_mb_dao
                0x0c085164                PY_mb_juan
                0x0c087e40                PY_mb_ze
                0x0c08552c                PY_mb_lao
                0x0c087938                PY_mb_yi
                0x0c084b0c                PY_mb_huai
                0x0c086940                PY_mb_shen
                0x0c085d7c                PY_mb_nen
                0x0c0845e4                PY_mb_gao
                0x0c084c68                PY_mb_ji
                0x0c0868d0                PY_mb_shao
                0x0c083610                PY_mb_bang
                0x0c088ecc                PY_index_w
                0x0c0839d8                PY_mb_cha
                0x0c086b94                PY_mb_si
                0x0c083e0c                PY_mb_cu
                0x0c086110                PY_mb_pianpang
                0x0c0858e8                PY_mb_lun
                0x0c087db4                PY_mb_za
                0x0c0874ec                PY_mb_xie
                0x0c088268                PY_mb_zhuai
                0x0c086cb0                PY_mb_sun
                0x0c085284                PY_mb_kang
                0x0c0835b4                PY_mb_bai
                0x0c08665c                PY_mb_rang
                0x0c086cfc                PY_mb_ta
                0x0c083a18                PY_mb_chai
                0x0c0848dc                PY_mb_han
                0x0c088504                PY_index_c
                0x0c0869b4                PY_mb_shi
                0x0c087738                PY_mb_ya
                0x0c086018                PY_mb_pen
                0x0c08700c                PY_mb_tuo
                0x0c08804c                PY_mb_zheng
                0x0c08453c                PY_mb_ga
                0x0c086210                PY_mb_pou
                0x0c084adc                PY_mb_hua
                0x0c0839bc                PY_mb_cen
                0x0c08885c                PY_index_j
                0x0c0883ec                PY_mb_zuan
                0x0c0836e0                PY_mb_beng
                0x0c088418                PY_mb_zun
                0x0c08828c                PY_mb_zhuang
                0x0c085d98                PY_mb_ni
                0x0c083a84                PY_mb_chang
                0x0c085740                PY_mb_lin
                0x0c088ac4                PY_index_n
                0x0c088724                PY_index_g
                0x0c085ee8                PY_mb_o
                0x0c086a8c                PY_mb_shu
                0x0c085994                PY_mb_m
                0x0c0852a4                PY_mb_kao
                0x0c08353c                PY_mb_ao
                0x0c087fac                PY_mb_zhe
                0x0c083b58                PY_mb_cheng
                0x0c0876bc                PY_mb_xue
                0x0c087d6c                PY_mb_yun
                0x0c085c10                PY_mb_mo
                0x0c0876e0                PY_mb_xun
                0x0c0866cc                PY_mb_ri
                0x0c083908                PY_mb_bu
                0x0c085804                PY_mb_lo
                0x0c087f44                PY_mb_zhang
                0x0c085344                PY_mb_keop
                0x0c0836c8                PY_mb_ben
                0x0c08673c                PY_mb_ruan
                0x0c087480                PY_mb_xiao
                0x0c085ee0                PY_mb_nve
                0x0c08421c                PY_mb_dun
                0x0c0839d4                PY_mb_ceok
                0x0c086b3c                PY_mb_shuang
                0x0c085dcc                PY_mb_nian
                0x0c0886bc                PY_index_e
                0x0c086b2c                PY_mb_shuan
                0x0c088e1c                PY_index_t
                0x0c087438                PY_mb_xiang
                0x0c086d30                PY_mb_tai
                0x0c0855a4                PY_mb_len
                0x0c0864e4                PY_mb_qing
                0x0c0866d0                PY_mb_rong