Archive member included because of file (symbol)

E:/WF/ARM7-SDK-2011-07-20/GNU/arm-elf/lib//libc.a(lib_a-memcpy.o)
                              E:/WF/develop_windows/sffhandpos/Release/SF.o (memcpy)
E:/WF/ARM7-SDK-2011-07-20/GNU/arm-elf/lib//libc.a(lib_a-memset.o)
                              E:/WF/develop_windows/sffhandpos/Release/SF.o (memset)
E:/WF/ARM7-SDK-2011-07-20/GNU/arm-elf/lib//libc.a(lib_a-sprintf.o)
                              E:/WF/develop_windows/sffhandpos/Release/DataBase.o (sprintf)
E:/WF/ARM7-SDK-2011-07-20/GNU/arm-elf/lib//libc.a(lib_a-strcat.o)
                              E:/WF/develop_windows/sffhandpos/Release/DataBase.o (strcat)
E:/WF/ARM7-SDK-2011-07-20/GNU/arm-elf/lib//libc.a(lib_a-strcmp.o)
                              E:/WF/develop_windows/sffhandpos/Release/DataBase.o (strcmp)
E:/WF/ARM7-SDK-2011-07-20/GNU/arm-elf/lib//libc.a(lib_a-strcpy.o)
                              E:/WF/develop_windows/sffhandpos/Release/SF.o (strcpy)
E:/WF/ARM7-SDK-2011-07-20/GNU/arm-elf/lib//libc.a(lib_a-strlen.o)
                              E:/WF/develop_windows/sffhandpos/Release/SF.o (strlen)
E:/WF/ARM7-SDK-2011-07-20/GNU/arm-elf/lib//libc.a(lib_a-strncpy.o)
                              E:/WF/develop_windows/sffhandpos/Release/DataBase.o (strncpy)
E:/WF/ARM7-SDK-2011-07-20/GNU/arm-elf/lib//libc.a(lib_a-strtok.o)
                              E:/WF/develop_windows/sffhandpos/Release/DataBase.o (strtok)
E:/WF/ARM7-SDK-2011-07-20/GNU/arm-elf/lib//libc.a(lib_a-strtok_r.o)
                              E:/WF/ARM7-SDK-2011-07-20/GNU/arm-elf/lib//libc.a(lib_a-strtok.o) (__strtok_r)
E:/WF/ARM7-SDK-2011-07-20/GNU/arm-elf/lib//libc.a(lib_a-vfprintf.o)
                              E:/WF/ARM7-SDK-2011-07-20/GNU/arm-elf/lib//libc.a(lib_a-sprintf.o) (_vfprintf_r)
E:/WF/ARM7-SDK-2011-07-20/GNU/arm-elf/lib//libc.a(lib_a-wcrtomb.o)
                              E:/WF/ARM7-SDK-2011-07-20/GNU/arm-elf/lib//libc.a(lib_a-vfprintf.o) (_wcrtomb_r)
E:/WF/ARM7-SDK-2011-07-20/GNU/arm-elf/lib//libc.a(lib_a-wcsrtombs.o)
                              E:/WF/ARM7-SDK-2011-07-20/GNU/arm-elf/lib//libc.a(lib_a-vfprintf.o) (_wcsrtombs_r)
E:/WF/ARM7-SDK-2011-07-20/GNU/arm-elf/lib//libc.a(lib_a-wctomb_r.o)
                              E:/WF/ARM7-SDK-2011-07-20/GNU/arm-elf/lib//libc.a(lib_a-wcrtomb.o) (_wctomb_r)
E:/WF/ARM7-SDK-2011-07-20/GNU/arm-elf/lib//libc.a(lib_a-wsetup.o)
                              E:/WF/ARM7-SDK-2011-07-20/GNU/arm-elf/lib//libc.a(lib_a-vfprintf.o) (__swsetup)
E:/WF/ARM7-SDK-2011-07-20/GNU/arm-elf/lib//libc.a(lib_a-dtoa.o)
                              E:/WF/ARM7-SDK-2011-07-20/GNU/arm-elf/lib//libc.a(lib_a-vfprintf.o) (_dtoa_r)
E:/WF/ARM7-SDK-2011-07-20/GNU/arm-elf/lib//libc.a(lib_a-fflush.o)
                              E:/WF/ARM7-SDK-2011-07-20/GNU/arm-elf/lib//libc.a(lib_a-vfprintf.o) (fflush)
E:/WF/ARM7-SDK-2011-07-20/GNU/arm-elf/lib//libc.a(lib_a-findfp.o)
                              E:/WF/ARM7-SDK-2011-07-20/GNU/arm-elf/lib//libc.a(lib_a-vfprintf.o) (__sinit)
E:/WF/ARM7-SDK-2011-07-20/GNU/arm-elf/lib//libc.a(lib_a-freer.o)
                              E:/WF/ARM7-SDK-2011-07-20/GNU/arm-elf/lib//libc.a(lib_a-vfprintf.o) (_free_r)
E:/WF/ARM7-SDK-2011-07-20/GNU/arm-elf/lib//libc.a(lib_a-fvwrite.o)
                              E:/WF/ARM7-SDK-2011-07-20/GNU/arm-elf/lib//libc.a(lib_a-vfprintf.o) (__sfvwrite_r)
E:/WF/ARM7-SDK-2011-07-20/GNU/arm-elf/lib//libc.a(lib_a-fwalk.o)
                              E:/WF/ARM7-SDK-2011-07-20/GNU/arm-elf/lib//libc.a(lib_a-fflush.o) (_fwalk)
E:/WF/ARM7-SDK-2011-07-20/GNU/arm-elf/lib//libc.a(lib_a-impure.o)
                              E:/WF/ARM7-SDK-2011-07-20/GNU/arm-elf/lib//libc.a(lib_a-sprintf.o) (_impure_ptr)
E:/WF/ARM7-SDK-2011-07-20/GNU/arm-elf/lib//libc.a(lib_a-locale.o)
                              E:/WF/ARM7-SDK-2011-07-20/GNU/arm-elf/lib//libc.a(lib_a-vfprintf.o) (localeconv)
E:/WF/ARM7-SDK-2011-07-20/GNU/arm-elf/lib//libc.a(lib_a-makebuf.o)
                              E:/WF/ARM7-SDK-2011-07-20/GNU/arm-elf/lib//libc.a(lib_a-wsetup.o) (__smakebuf)
E:/WF/ARM7-SDK-2011-07-20/GNU/arm-elf/lib//libc.a(lib_a-mallocr.o)
                              E:/WF/ARM7-SDK-2011-07-20/GNU/arm-elf/lib//libc.a(lib_a-vfprintf.o) (_malloc_r)
E:/WF/ARM7-SDK-2011-07-20/GNU/arm-elf/lib//libc.a(lib_a-memchr.o)
                              E:/WF/ARM7-SDK-2011-07-20/GNU/arm-elf/lib//libc.a(lib_a-vfprintf.o) (memchr)
E:/WF/ARM7-SDK-2011-07-20/GNU/arm-elf/lib//libc.a(lib_a-memmove.o)
                              E:/WF/ARM7-SDK-2011-07-20/GNU/arm-elf/lib//libc.a(lib_a-fvwrite.o) (memmove)
E:/WF/ARM7-SDK-2011-07-20/GNU/arm-elf/lib//libc.a(lib_a-mlock.o)
                              E:/WF/ARM7-SDK-2011-07-20/GNU/arm-elf/lib//libc.a(lib_a-freer.o) (__malloc_lock)
E:/WF/ARM7-SDK-2011-07-20/GNU/arm-elf/lib//libc.a(lib_a-mprec.o)
                              E:/WF/ARM7-SDK-2011-07-20/GNU/arm-elf/lib//libc.a(lib_a-dtoa.o) (_Bfree)
[...]
Memory Configuration

Name             Origin             Length             Attributes
ram              0x0c060000         0x007a0000
*default*        0x00000000         0xffffffff

Linker script and memory map

LOAD E:/WF/develop_windows/sffhandpos/Release/crt0.o
LOAD E:/WF/develop_windows/sffhandpos/Release/SF.o
LOAD E:/WF/develop_windows/sffhandpos/Release/Card.o
LOAD E:/WF/develop_windows/sffhandpos/Release/DataBase.o
LOAD E:/WF/develop_windows/sffhandpos/Release/Common.o
LOAD E:/WF/develop_windows/sffhandpos/Release/Gprs.o
START GROUP
LOAD E:/WF/ARM7-SDK-2011-07-20/GNU/arm-elf/lib//libgcc.a
LOAD E:/WF/ARM7-SDK-2011-07-20/GNU/arm-elf/lib//libc.a
LOAD E:/WF/ARM7-SDK-2011-07-20/GNU/arm-elf/lib//libg.a
LOAD E:/WF/ARM7-SDK-2011-07-20/GNU/arm-elf/lib//libm.a
LOAD E:/WF/ARM7-SDK-2011-07-20/HHFiles/lib//libARMPos.a
LOAD E:/WF/ARM7-SDK-2011-07-20/HHFiles/lib//libext.a
LOAD E:/WF/ARM7-SDK-2011-07-20/HHFiles/lib//libcard.a
LOAD E:/WF/ARM7-SDK-2011-07-20/HHFiles/lib//libcontactless.a
LOAD E:/WF/ARM7-SDK-2011-07-20/HHFiles/lib//libmagcard.a
LOAD E:/WF/ARM7-SDK-2011-07-20/HHFiles/lib//libsound.a
LOAD E:/WF/ARM7-SDK-2011-07-20/HHFiles/lib//libdb.a
LOAD E:/WF/ARM7-SDK-2011-07-20/HHFiles/lib//libfinger.a
LOAD E:/WF/ARM7-SDK-2011-07-20/HHFiles/lib//libjpg.a
LOAD E:/WF/ARM7-SDK-2011-07-20/HHFiles/lib//libsim.a
LOAD E:/WF/ARM7-SDK-2011-07-20/HHFiles/lib//libusb.a
LOAD E:/WF/ARM7-SDK-2011-07-20/HHFiles/lib//libupdown.a
LOAD E:/WF/ARM7-SDK-2011-07-20/HHFiles/lib//libprinter.a
LOAD E:/WF/ARM7-SDK-2011-07-20/HHFiles/lib//libtcpip.a
LOAD E:/WF/ARM7-SDK-2011-07-20/HHFiles/lib//librf433.a
END GROUP

.text           0x0c060000    0x22c54
                0x0c060000                _stext = .
 *(.text)
 .text          0x0c060000      0x324 E:/WF/develop_windows/sffhandpos/Release/crt0.o
                0x0c060168                _lseek_r
                0x0c060254                _stat_r
                0x0c0602dc                GetBaseOfRO
                0x0c060264                times
                0x0c0600e8                _fstat_r
                0x0c060090                execve
                0x0c060108                getpid
                0x0c0600c0                _fork_r
                0x0c060188                _open64_r
                0x0c060110                isatty
                0x0c0601f4                _sbrk_r
                0x0c060198                _read_r
                0x0c06030c                GetBaseOfZI
                0x0c060300                GetEndOfRW
                0x0c060160                lseek
                0x0c0602e8                GetEndOfRO
                0x0c060318                GetEndOfZI
                0x0c060284                _unlink_r
                0x0c0602cc                write
                0x0c0600d8                fstat
                0x0c060118                kill
                0x0c06029c                wait
                0x0c060000                _start
                0x0c060190                read
                0x0c060180                _open_r
                0x0c0602f4                GetBaseOfRW
                0x0c06026c                unlink
                0x0c060088                _close_r
                0x0c0602b4                _wait_r
                0x0c0600a8                fork
                0x0c0601a0                sbrk
                0x0c060148                _link_r
                0x0c0602d4                _write_r
                0x0c060170                _lseek64_r
                0x0c060244                stat
                0x0c060130                link
                0x0c0600f8                _fstat64_r
                0x0c060178                open
                0x0c060080                close
 .text          0x0c060324     0x1098 E:/WF/develop_windows/sffhandpos/Release/SF.o
                0x0c06074c                OpenGPRS
                0x0c06125c                MainMenu
                0x0c060e44                SubmitData
                0x0c06079c                Query
                0x0c06043c                Alert
                0x0c0613a0                main
                0x0c060360                GetInfo
                0x0c060b2c                InitSystem
                0x0c060604                SysSetMenu
                0x0c060bb8                browse_info
                0x0c0604dc                FormatDatabase
                0x0c060324                PackUpMenuData
                0x0c060dc0                Display
 .text          0x0c0613bc      0x7d4 E:/WF/develop_windows/sffhandpos/Release/Card.o
                0x0c061b40                LoginByCard
                0x0c061af0                LoginToSubmit
                0x0c061544                ultralight_local_read_card
                0x0c0614e8                ultralight_read_card
                0x0c0614e4                ultralight_close
                0x0c0613bc                ultralight_find_card
                0x0c0617b8                ReadNameAndPassword
                0x0c06151c                ultralight_init
 .text          0x0c061b90      0xb24 E:/WF/develop_windows/sffhandpos/Release/DataBase.o
                0x0c062508                AddOneRecord
                0x0c0624c0                FindDatabase
                0x0c061fb4                HandleRecvData
                0x0c061b90                UpdateDatabase
                0x0c06220c                EncodeSendData
                0x0c0621c4                CheckDB
                0x0c0625b8                CreateDatabase
 .text          0x0c0626b4      0x668 E:/WF/develop_windows/sffhandpos/Release/Common.o
                0x0c062c00                GetSysTime
                0x0c062c58                WarningBeep
                0x0c062950                Modify_Date
                0x0c062774                Modify_Time
                0x0c0626b4                input_date_time
 .text          0x0c062d1c      0x394 E:/WF/develop_windows/sffhandpos/Release/Gprs.o
                0x0c062ed0                sim300_close
                0x0c062f48                sim300_init
                0x0c062efc                DisConnectServer
                0x0c062d1c                GetRecvData
                0x0c062d90                SendData
                0x0c062de0                ConnectServer
 .text          0x0c0630b0       0xa8 E:/WF/ARM7-SDK-2011-07-20/GNU/arm-elf/lib//libc.a(lib_a-memcpy.o)
                0x0c0630b0                memcpy
 .text          0x0c063158       0x98 E:/WF/ARM7-SDK-2011-07-20/GNU/arm-elf/lib//libc.a(lib_a-memset.o)
                0x0c063158                memset
 .text          0x0c0631f0       0xdc E:/WF/ARM7-SDK-2011-07-20/GNU/arm-elf/lib//libc.a(lib_a-sprintf.o)
                0x0c063264                _sprintf_r
                0x0c0631f0                sprintf
 .text          0x0c0632cc       0xa4 E:/WF/ARM7-SDK-2011-07-20/GNU/arm-elf/lib//libc.a(lib_a-strcat.o)
                0x0c0632cc                strcat
 .text          0x0c063370       0xe8 E:/WF/ARM7-SDK-2011-07-20/GNU/arm-elf/lib//libc.a(lib_a-strcmp.o)
                0x0c063370                strcmp
 .text          0x0c063458       0x9c E:/WF/ARM7-SDK-2011-07-20/GNU/arm-elf/lib//libc.a(lib_a-strcpy.o)
                0x0c063458                strcpy
 .text          0x0c0634f4       0x68 E:/WF/ARM7-SDK-2011-07-20/GNU/arm-elf/lib//libc.a(lib_a-strlen.o)
                0x0c0634f4                strlen
 .text          0x0c06355c      0x104 E:/WF/ARM7-SDK-2011-07-20/GNU/arm-elf/lib//libc.a(lib_a-strncpy.o)
                0x0c06355c                strncpy
 .text          0x0c063660       0x18 E:/WF/ARM7-SDK-2011-07-20/GNU/arm-elf/lib//libc.a(lib_a-strtok.o)
                0x0c063660                strtok
 .text          0x0c063678       0xc4 E:/WF/ARM7-SDK-2011-07-20/GNU/arm-elf/lib//libc.a(lib_a-strtok_r.o)
                0x0c063734                strtok_r
                0x0c063678                __strtok_r
 .text          0x0c06373c     0x2080 E:/WF/ARM7-SDK-2011-07-20/GNU/arm-elf/lib//libc.a(lib_a-vfprintf.o)
                0x0c06376c                _vfprintf_r
                0x0c065790                vfprintf
 .text          0x0c0657bc       0x74 E:/WF/ARM7-SDK-2011-07-20/GNU/arm-elf/lib//libc.a(lib_a-wcrtomb.o)
                0x0c0657bc                _wcrtomb_r
                0x0c065804                wcrtomb
 .text          0x0c065830      0x180 E:/WF/ARM7-SDK-2011-07-20/GNU/arm-elf/lib//libc.a(lib_a-wcsrtombs.o)
                0x0c065830                _wcsrtombs_r
                0x0c065970                wcsrtombs
 .text          0x0c0659b0      0x420 E:/WF/ARM7-SDK-2011-07-20/GNU/arm-elf/lib//libc.a(lib_a-wctomb_r.o)
                0x0c0659b0                _wctomb_r
 .text          0x0c065dd0      0x110 E:/WF/ARM7-SDK-2011-07-20/GNU/arm-elf/lib//libc.a(lib_a-wsetup.o)
                0x0c065dd0                __swsetup
 .text          0x0c065ee0     0x16f4 E:/WF/ARM7-SDK-2011-07-20/GNU/arm-elf/lib//libc.a(lib_a-dtoa.o)
                0x0c066108                _dtoa_r
 .text          0x0c0675d4      0x1ac E:/WF/ARM7-SDK-2011-07-20/GNU/arm-elf/lib//libc.a(lib_a-fflush.o)
                0x0c0675d4                fflush
 .text          0x0c067780      0x26c E:/WF/ARM7-SDK-2011-07-20/GNU/arm-elf/lib//libc.a(lib_a-findfp.o)
                0x0c0677ec                __sinit
                0x0c0678c4                __sfmoreglue
                0x0c0678b4                _cleanup
                0x0c0678a8                _cleanup_r
                0x0c067890                __fp_lock_all
                0x0c0677dc                __sfp_lock_acquire
                0x0c067914                __sfp
                0x0c0677e8                __sinit_lock_release
                0x0c067878                __fp_unlock_all
                0x0c0677e0                __sfp_lock_release
                0x0c0677e4                __sinit_lock_acquire
 .text          0x0c0679ec      0x3a4 E:/WF/ARM7-SDK-2011-07-20/GNU/arm-elf/lib//libc.a(lib_a-freer.o)
                0x0c067ae4                _free_r
                0x0c0679ec                _malloc_trim_r
 .text          0x0c067d90      0x44c E:/WF/ARM7-SDK-2011-07-20/GNU/arm-elf/lib//libc.a(lib_a-fvwrite.o)
                0x0c067d90                __sfvwrite_r
 .text          0x0c0681dc      0x10c E:/WF/ARM7-SDK-2011-07-20/GNU/arm-elf/lib//libc.a(lib_a-fwalk.o)
                0x0c068264                _fwalk
                0x0c0681dc                _fwalk_reent
 .text          0x0c0682e8        0x0 E:/WF/ARM7-SDK-2011-07-20/GNU/arm-elf/lib//libc.a(lib_a-impure.o)
 .text          0x0c0682e8       0xa8 E:/WF/ARM7-SDK-2011-07-20/GNU/arm-elf/lib//libc.a(lib_a-locale.o)
                0x0c068314                _setlocale_r
                0x0c0682e8                __locale_charset
                0x0c0682f8                _localeconv_r
                0x0c068374                setlocale
                0x0c068304                localeconv
 .text          0x0c068390      0x178 E:/WF/ARM7-SDK-2011-07-20/GNU/arm-elf/lib//libc.a(lib_a-makebuf.o)
                0x0c068390                __smakebuf
 .text          0x0c068508      0x798 E:/WF/ARM7-SDK-2011-07-20/GNU/arm-elf/lib//libc.a(lib_a-mallocr.o)
                0x0c068508                _malloc_r
 .text          0x0c068ca0      0x10c E:/WF/ARM7-SDK-2011-07-20/GNU/arm-elf/lib//libc.a(lib_a-memchr.o)
                0x0c068ca0                memchr
 .text          0x0c068dac       0xf4 E:/WF/ARM7-SDK-2011-07-20/GNU/arm-elf/lib//libc.a(lib_a-memmove.o)
                0x0c068dac                memmove
 .text          0x0c068ea0        0x8 E:/WF/ARM7-SDK-2011-07-20/GNU/arm-elf/lib//libc.a(lib_a-mlock.o)
                0x0c068ea4                __malloc_unlock
                0x0c068ea0                __malloc_lock
 .text          0x0c068ea8      0xcf4 E:/WF/ARM7-SDK-2011-07-20/GNU/arm-elf/lib//libc.a(lib_a-mprec.o)
                0x0c0691b0                _mprec_log10
                0x0c06925c                __any_on
                0x0c0692f8                _Balloc
                0x0c069130                __ratio
                0x0c0698d4                __i2b
                0x0c069070                __b2d
                0x0c069abc                __s2b
                0x0c068fb0                __mcmp
                0x0c068ec4                __hi0bits
                0x0c0699c8                __pow5mult
                0x0c0695f8                __lshift
                0x0c069700                __multiply
                0x0c069388                __d2b
                0x0c069200                __copybits
                0x0c069010                __ulp
                0x0c0694b4                __mdiff
                0x0c068f1c                __lo0bits
                0x0c0698f4                __multadd
                0x0c068ea8                _Bfree
 .text          0x0c069b9c      0x500 E:/WF/ARM7-SDK-2011-07-20/GNU/arm-elf/lib//libc.a(lib_a-reallocr.o)
                0x0c069b9c                _realloc_r
 .text          0x0c06a09c       0x3c E:/WF/ARM7-SDK-2011-07-20/GNU/arm-elf/lib//libc.a(lib_a-s_isinfd.o)
                0x0c06a09c                __isinfd
 .text          0x0c06a0d8       0x30 E:/WF/ARM7-SDK-2011-07-20/GNU/arm-elf/lib//libc.a(lib_a-s_isnand.o)
                0x0c06a0d8                __isnand
 .text          0x0c06a108      0x100 E:/WF/ARM7-SDK-2011-07-20/GNU/arm-elf/lib//libc.a(lib_a-stdio.o)
                0x0c06a11c                __sseek
                0x0c06a1c4                __sread
                0x0c06a108                __sclose
                0x0c06a164                __swrite
 .text          0x0c06a208       0xa0 E:/WF/ARM7-SDK-2011-07-20/GNU/arm-elf/lib//libc.a(lib_a-callocr.o)
                0x0c06a208                _calloc_r
 .text          0x0c06a2a8      0x10c E:/WF/ARM7-SDK-2011-07-20/GNU/arm-elf/lib//libc.a(lib_a-fclose.o)
                0x0c06a2a8                _fclose_r
                0x0c06a3a0                fclose
 .text          0x0c06a3b4       0xa0 E:/WF/ARM7-SDK-2011-07-20/HHFiles/lib//libARMPos.a(libARMPos.o)
                0x0c06a410                Sys_Delay_MS
                0x0c06a400                Sys_Delay_US
                0x0c06a3d8                Sys_Delay_NS
                0x0c06a3b4                SYS_Restart_Code
                0x0c06a43c                Sys_Delay_Sec
 .text          0x0c06a454     0x14a0 E:/WF/ARM7-SDK-2011-07-20/HHFiles/lib//libARMPos.a(call_api.o)
                0x0c06aa3c                UART_Modem_Ctrl
                0x0c06a964                UART_Stat
                0x0c06a5bc                KEY_Beep_Mask_Read
                0x0c06a79c                Disp_Get_Pixel
                0x0c06ab74                RTC_Alarm_Control
                0x0c06a6c4                Disp_Init
                0x0c06a9dc                UART2_Flush_FIFO
                0x0c06b264                Sys_Get_SDRAM_Size
                0x0c06a724                Disp_Goto_XY
                0x0c06acdc                EEPROM_Write_Byte
                0x0c06b39c                SYS_NO_OP35
                0x0c06b114                Disp_Get_Color_Setting
                0x0c06a4b4                Sys_Int_Disable
                0x0c06a6ac                Disp_Get_Select_Color
                0x0c06af94                Sys_Init_EXINT
                0x0c06aff4                Nand_Correct_Data
                0x0c06b18c                SYS_NO_OP16
                0x0c06aa6c                Sys_Timer_Read
                0x0c06a61c                Is_EL_On
                0x0c06a8a4                Disp_Get_Contrast
                0x0c06abbc                SIO_Exchange
                0x0c06aba4                SIO_Init
                0x0c06adb4                Nand_Is_Bad_Block
                0x0c06ab8c                RTC_Alarm_Status
                0x0c06aab4                RTC_Set_Date
                0x0c06ac94                I2C_ACK_Control
                0x0c06b2ac                Disp_Put_Bmp_New
                0x0c06a70c                Disp_Set_Font_Attrib
                0x0c06af04                Sys_BC_Init
                0x0c06b21c                KEY_Set_CallBack
                0x0c06b294                EEPROM_Set_Type
                0x0c06b084                SYS_AUX_Sock_Select
                0x0c06b0e4                Sys_AUX_IO_Control
                0x0c06af1c                Sys_BC_Laser_Enable
                0x0c06a8ec                UART_Init
                0x0c06a94c                UART_Flush_FIFO
                0x0c06ad24                Sys_Delay_Sec1
                0x0c06a934                UART_Send_Str
                0x0c06a454                Sys_Power_Sleep
                0x0c06a784                Disp_Clr_Win
                0x0c06b15c                User_Timer_End
                0x0c06ae44                SYS_Read_Vol_ADC
                0x0c06ad3c                Flash_Get_Size
                0x0c06a58c                KEY_EL_Mask_Set
                0x0c06a544                KEY_Read_Up
                0x0c06b204                User_Param_Read
                0x0c06afac                Sys_EXINT_Output
                0x0c06b1ec                User_Param_Write
                0x0c06aeec                Sys_Motor_Enable
                0x0c06b1a4                SYS_NO_OP17
                0x0c06b234                Sys_Network_Power_Control
                0x0c06b0fc                Sys_Card_INT_Control
                0x0c06afdc                Nand_Calculate_ECC
                0x0c06a9c4                UART2_Send_Str
                0x0c06a904                UART_Rev_Char
                0x0c06a8d4                Disp_Dec_Contrast
                0x0c06b2dc                EEPROM_Read_Con
                0x0c06aa54                Sys_Timer_Start
                0x0c06a64c                EL_Get_Timeout
                0x0c06b0cc                Sys_Gprs_Power_Control
                0x0c06a97c                UART2_Init
                0x0c06b384                SYS_NO_OP34
                0x0c06a5d4                KEY_EL_Mask_Read
                0x0c06b06c                SYS_LED_Control
                0x0c06a6dc                Disp_Write_Char
                0x0c06ae74                SYS_Read_Current
                0x0c06a814                Disp_Put_Bmp_Raw
                0x0c06ac7c                I2C_Send_Char
                0x0c06ad6c                FLASH_Erase_One_Block
                0x0c06ac04                I2C_Init
                0x0c06a7b4                Disp_Put_Pixel
                0x0c06aa9c                WatchDog_Set
                0x0c06a484                Sys_Auto_Poweroff_Read
                0x0c06b00c                Disp_Write_16x16_Chr
                0x0c06a91c                UART_Send_Char
                0x0c06ac64                I2C_Recv_Char
                0x0c06b09c                Sys_Get_POS_Type
                0x0c06aea4                Sys_Read_RARC
                0x0c06a874                Disp_7_SEG_Time
                0x0c06a5a4                KEY_Flush_FIFO
                0x0c06a73c                Disp_Write_Str
                0x0c06b354                Sys_U2P2_Power_Control
                0x0c06ab44                RTC_Set_Alarm
                0x0c06a514                KEY_Init
                0x0c06abd4                SIO_Aux_Pin_Control
                0x0c06a5ec                KEY_Get_Status
                0x0c06ab2c                RTC_Get_DateTime
                0x0c06ad84                FLASH_Write_Record
                0x0c06a7fc                Disp_Put_Bmp
                0x0c06a4e4                SYS_Msg_Wait
                0x0c06a49c                BATT_Check_Level
                0x0c06b0b4                Sys_AUX_OUT_Set
                0x0c06b33c                Sys_U2P1_Power_Control
                0x0c06af34                Sys_Get_Lib_Version
                0x0c06a82c                Disp_Icon_Set
                0x0c06adfc                Nand_Write_OnePage
                0x0c06b324                Disp_Get_Magnification
                0x0c06b03c                SYS_Msg_Wait_Ext
                0x0c06ae8c                Sys_Read_RAAC
                0x0c06a9f4                UART2_Stat
                0x0c06ac34                I2C_Start_Recv
                0x0c06afc4                Sys_EXINT_Read
                0x0c06b27c                Sys_Get_Version
                0x0c06ad0c                Sys_Delay_MS1
                0x0c06a55c                KEY_Read_Down
                0x0c06acac                EEPROM_Init
                0x0c06ae5c                SYS_Read_Vol_IC
                0x0c06b2c4                Sys_Magcard_Power_Control
                0x0c06ade4                Nand_Read_Random
                0x0c06a8bc                Disp_Inc_Contrast
                0x0c06a694                Disp_Set_Color
                0x0c06aacc                RTC_Set_Time
                0x0c06aafc                RTC_Get_Date
                0x0c06a46c                Sys_Auto_Poweroff_Set
                0x0c06b3b4                SYS_NO_OP36
                0x0c06b2f4                EEPROM_Write_Page
                0x0c06a76c                Disp_Clear
                0x0c06abec                SIO_Aux_Power_Control
                0x0c06b36c                SYS_NO_OP33
                0x0c06ae14                Nand_Erase_OneBlock
                0x0c06a4fc                SYS_Msg_Mask_Set
                0x0c06acc4                EEPROM_Read_Byte
                0x0c06acf4                Sys_Delay_US1
                0x0c06ad9c                Nand_Read_ID
                0x0c06ae2c                SYS_Read_Vol
                0x0c06af64                Dis_Key_Int
                0x0c06a88c                Disp_Set_Contrast
                0x0c06ab5c                RTC_Get_Alarm
                0x0c06a7cc                Disp_Put_Pixel_Col
                0x0c06a604                EL_Set
                0x0c06a67c                Is_Charger_On
                0x0c06a574                KEY_Beep_Mask_Set
                0x0c06a7e4                Disp_Set_Bmp_Mode
                0x0c06b12c                User_Timer_Get
                0x0c06b1d4                SYS_NO_OP19
                0x0c06a6f4                Disp_Write_Char_Col
                0x0c06aebc                Sys_Power_5V_Enable
                0x0c06a844                Disp_Icon_Battery_Time_Set
                0x0c06b1bc                SYS_NO_OP18
                0x0c06a85c                Disp_Icon_Battery_Time_Refresh
                0x0c06af7c                En_Key_Int
                0x0c06b30c                Disp_Set_Magnification
                0x0c06ac1c                I2C_Start_Send
                0x0c06ac4c                I2C_Stop
                0x0c06aae4                RTC_Set_DateTime
                0x0c06a9ac                UART2_Send_Char
                0x0c06aa24                UART_Printf
                0x0c06a52c                KEY_Read
                0x0c06b054                Sys_BC_Init_EXT
                0x0c06b024                FLASH_Get_Sec_ID
                0x0c06aed4                Sys_Power_3V_Enable
                0x0c06adcc                Nand_Read_Pages
                0x0c06aa0c                UART_Send_Term
                0x0c06a634                EL_Set_Timeout
                0x0c06ab14                RTC_Get_Time
                0x0c06b24c                Sys_Audio_Power_Control
                0x0c06aa84                Sys_Timer_CallBack
                0x0c06af4c                SYS_Query
                0x0c06b144                User_Timer_Start
                0x0c06a994                UART2_Rev_Char
                0x0c06a754                Disp_Write_Str_Col
                0x0c06a4cc                Sys_Int_Enable
                0x0c06ad54                FLASH_Erase_One_Sector
                0x0c06a664                Beep_Sound
                0x0c06b174                User_Timer_Read
 .text          0x0c06b8f4     0x5744 E:/WF/ARM7-SDK-2011-07-20/HHFiles/lib//libext.a(exlib.o)
                0x0c06bcb4                RTC_read_date
                0x0c06c324                DispChar_E
                0x0c06dd10                DispStr_E
                0x0c06c3bc                GetStr_E
                0x0c06dd18                EXT_Display_Multi_Lines
                0x0c06bc78                RTC_read_time
                0x0c071034                GetStr_CE
                0x0c06dd14                DispStr_C
                0x0c06e030                EXT_Brow_Select
                0x0c06bf04                get_flash_size
                0x0c06e5f8                EXT_Select_In_Line
                0x0c06bf38                delay_and_wait_key
                0x0c06f254                GetStr_CEX
                0x0c06ecc8                EXT_Brow_Info
                0x0c06cfd0                DispStr_CE
                0x0c06ba6c                RTC_get_week
                0x0c06bd30                RTC_set_date
                0x0c06bcf0                RTC_set_time
                0x0c06c2cc                EXT_ClearLine
 .text          0x0c071038      0x114 E:/WF/ARM7-SDK-2011-07-20/HHFiles/lib//libext.a(exlib_pinyin.o)
                0x0c071038                py_ime
 .text          0x0c07114c     0x1424 E:/WF/ARM7-SDK-2011-07-20/HHFiles/lib//libcard.a(libcard.o)
                0x0c0713ec                IC_CARD_GET_URR
                0x0c0713c0                IC_CARD_GET_MSR
                0x0c0716f0                set_C4
                0x0c071ce4                Receive_I2C_Data
                0x0c07133c                IC_CARD_GET_UCR1
                0x0c0716e0                reset_CLK
                0x0c071544                card_stop_level_low
                0x0c072218                is_card_exist
                0x0c071444                IC_CARD_GET_HSR
                0x0c071168                IC_card_set_C6
                0x0c071858                get_IO
                0x0c071924                ICC_access_CLK
                0x0c0718ec                set_IO
                0x0c0718cc                reset_IO
                0x0c0714a4                set_PSC_32
                0x0c0712b8                IC_CARD_GET_PDR
                0x0c0717f8                get_C8
                0x0c071418                IC_CARD_GET_USR
                0x0c0720ec                ICC_memcard_atr
                0x0c071394                IC_CARD_GET_TOC
                0x0c071260                IC_CARD_GET_CSR
                0x0c0719e8                close_8007_interrupt
                0x0c0719f0                open_8007_interrupt
                0x0c07119c                IC_Card_Clk_Open
                0x0c07199c                ICC_card_activity
                0x0c07114c                ICC_Enalble_C6
                0x0c071724                reset_C4
                0x0c0716a0                reset_RST
                0x0c0719d0                Parse_Addr
                0x0c071e1c                Start_I2C_IO
                0x0c071b48                Send_I2C_Data
                0x0c0722fc                ICC_select_sock
                0x0c071578                stop_card_clk
                0x0c071bc8                Send_I2C_NOACK
                0x0c071fe8                ACK_Polling_I2C
                0x0c071310                IC_CARD_GET_GTR
                0x0c071984                ICC_get_curr_sock
                0x0c07190c                ICC_memcard_pin_session
                0x0c071368                IC_CARD_GET_PCR
                0x0c0712e4                IC_CARD_GET_UCR2
                0x0c07128c                IC_CARD_GET_CCR
                0x0c0715b0                start_card_clk
                0x0c071828                set_recv_mode
                0x0c071e70                ICC_memcard_IIC_session
                0x0c07194c                ICC_CPU_access_speed
                0x0c0720b4                start_card
                0x0c071c10                Send_I2C_ACK
                0x0c071ac4                Send_I2C_Data_LSB
                0x0c071898                set_send_mode
                0x0c07178c                reset_C6
                0x0c071a50                ICC_sock_check
                0x0c07124c                IC_Card_Clk_Check
                0x0c071d78                Receive_I2C_ACK
                0x0c0715e4                set_card_vcc
                0x0c071dc8                Stop_I2C_IO
                0x0c071c54                Receive_I2C_Data_LSB
                0x0c072080                stop_card
                0x0c0717c8                reset_C8
                0x0c071754                get_C4
                0x0c07166c                set_RST
                0x0c0719f8                clear_8007_interrupt
                0x0c071470                set_PSC_31
                0x0c07150c                card_stop_level_high
                0x0c071794                set_C8
                0x0c0723c0                ICC_interface_power
                0x0c0714dc                check_8007_type
                0x0c071784                set_C6
                0x0c0722d4                ICC_deactivate_current_sock
                0x0c0716d0                set_CLK
                0x0c071200                IC_Card_Clk_Close
 .text          0x0c072570     0x42ac E:/WF/ARM7-SDK-2011-07-20/HHFiles/lib//libcard.a(cpucard.o)
                0x0c073878                ICC_T0_TPDU
                0x0c072dd4                PBOC_atr_check
                0x0c072df8                wait_for_CLKSW_reset
                0x0c074434                ICC_T1_frame
                0x0c0727cc                PBOC_EMV_atr_check
                0x0c074d6c                ICC_T1_APDU_Exchange
                0x0c072e48                wait_for_CLKSW_set
                0x0c072750                ICC_cpucard_set_param
                0x0c074c70                ICC_T1_Set_IFSD
                0x0c072748                EMV_ISO_atr_check
                0x0c0756b0                ICC_cpucard_ATR
                0x0c0727a4                ICC_cpucard_get_param
                0x0c072f00                ICC_cpucard_PTS
                0x0c072e98                wait_for_CRED
 .text          0x0c07681c     0x28e8 E:/WF/ARM7-SDK-2011-07-20/HHFiles/lib//libcontactless.a(iso14443.o)
                0x0c078534                ISO14443_Request_TypeB
                0x0c077600                ISO14443_Slot_Marker_TypeB
                0x0c0776c8                CardTypeBSlotMarker
                0x0c077114                CardTypeBExchangeBlock
                0x0c078324                CardTypeAExchangeBlock
                0x0c0787d0                ISO14443_RATS_TypeA_Ex
                0x0c076c5c                ISO14443_Check_Mode
                0x0c0775bc                CardTypeBAttrib
                0x0c0771ac                ISO14443_Deselect_TypeB
                0x0c076a90                ISO14443_Param_Set_Rate
                0x0c0790bc                CardTypeAAnticoll
                0x0c078a44                CardTypeARATS
                0x0c0786c8                ISO14443_PPS_TypeA
                0x0c078c14                ISO14443_Request_TypeA
                0x0c07746c                CardTypeBAttrib_Ex
                0x0c078e40                ISO14443_AntiCollision_TypeA_Basic
                0x0c077bac                ISO14443_LinkLayer_Exchange
                0x0c0768d4                ISO14443_Param_Analyse_TypeA
                0x0c078b78                CardTypeASelect
                0x0c076a98                CardGetParam
                0x0c078da4                ISO14443_Halt_TypeA
                0x0c077288                ISO14443_Halt_TypeB
                0x0c078e20                CardTypeAHalt
                0x0c078d58                CardTypeARequest
                0x0c076c8c                RCX_TransCeive_14443B
                0x0c0784a4                ISO14443_Deselect
                0x0c0789e8                CardTypeARATS_Ex
                0x0c07770c                RCX_TransCeive_14443A
                0x0c076828                ISO14443_Param_Init_TypeA
                0x0c078aa4                ISO14443_Select_TypeA_Basic
                0x0c0784fc                CardTypeADeselect
                0x0c07681c                ISO14443_ParamGet
                0x0c07865c                CardTypeBRequest
                0x0c077320                CardTypeBHalt
                0x0c078a70                ISO14443_RATS_TypeA
                0x0c076ad4                ISO14443_Param_Analyse_TypeB
                0x0c0783f4                ISO14443_Deselect_TypeA
                0x0c0787a4                CardTypeAPPS
                0x0c0780f8                ISO14443_APDU_Exchange_Ex
                0x0c078244                ISO14443_APDU_Exchange
                0x0c0774e4                ISO14443_Attrib_TypeB
                0x0c077348                ISO14443_Attrib_TypeB_Ex
                0x0c077250                CardTypeBDeselect
 .text          0x0c079104     0x10fc E:/WF/ARM7-SDK-2011-07-20/HHFiles/lib//libcontactless.a(mifare.o)
                0x0c079c44                CardAccessMultiBlocks
                0x0c079874                FM11RF_Read4Bytes
                0x0c07a084                Mf500KeyWriteToEeprom
                0x0c079134                CardMFCValueDebit
                0x0c079a68                CardMFCAuthKeyE2
                0x0c079974                CardMFCRead16Bytes
                0x0c07a1cc                CardKX12AuthKey
                0x0c079f40                CardAccess
                0x0c079e40                CardValue
                0x0c0792b4                CardMFCValueWithTransfer
                0x0c07965c                CardMFCWrite4Bytes
                0x0c079af8                CardTrailerWrite
                0x0c079724                CardMFCWrite16Bytes
                0x0c0794cc                FM11RF_Write4Bytes
                0x0c07a130                CardMFCAuthKey
 .text          0x0c07a200      0x368 E:/WF/ARM7-SDK-2011-07-20/HHFiles/lib//libcontactless.a(port.o)
                0x0c07a3e0                RCX_Power_Off
                0x0c07a340                RCX_ReadReg_Same
                0x0c07a470                RCX_Reset
                0x0c07a204                RCX_Enable_Int
                0x0c07a2dc                RCX_ReadReg
                0x0c07a208                RCX_WriteFIFO
                0x0c07a200                RCX_Disable_Int
                0x0c07a348                RCX_ReadFIFO
                0x0c07a2d0                RCX_WriteReg_Same
                0x0c07a290                RCX_WriteReg
                0x0c07a424                RCX_Power_On
 .text          0x0c07a568     0x12b8 E:/WF/ARM7-SDK-2011-07-20/HHFiles/lib//libcontactless.a(rcxcomm.o)
                0x0c07aec0                RCX_Reg_Init_ICODE1STD
                0x0c07ac88                RCX_ReadE2
                0x0c07a5b8                RCX_Adjust_RxGain
                0x0c07b0f8                RCX_Reg_Init_15693STD
                0x0c07b348                RCX_Reg_Init_14443B_MOT
                0x0c07b7ec                RCX_Read_Product_Serial
                0x0c07afe8                RCX_Reg_Init_15693Fast
                0x0c07a8bc                RCX_CalcCRC
                0x0c07b214                RCX_Reg_Init_14443B_ASK
                0x0c07ac50                RCX_Adjust_14443A
                0x0c07a568                RCX_Key_Transform
                0x0c07aa88                RCX_WriteE2
                0x0c07a624                RCX_Authent2
                0x0c07a6ac                RCX_Authent1
                0x0c07ad98                RCX_Reg_Init_ICODE1Fast
                0x0c07b5b0                RCX_Reg_Init_14443A
                0x0c07ad64                RCX_Read_Product_Type
                0x0c07a810                RCX_LoadKeyE2
                0x0c07a604                RCX_Close
                0x0c07b6d8                RCX_Init
                0x0c07b47c                RCX_Reg_Init_14443B_STD
                0x0c07a778                RCX_LoadKey
 .text          0x0c07b820      0x524 E:/WF/ARM7-SDK-2011-07-20/HHFiles/lib//libcontactless.a(rcxreg.o)
                0x0c07ba94                RCX_RF_Close
                0x0c07b878                RCX_Get_RxLastBit
                0x0c07bc54                RCX_PowerDown
                0x0c07bc1c                RCX_Clear_Crypto1
                0x0c07bba4                RCX_Stop_Timer
                0x0c07b84c                RCX_Check_WriteE2
                0x0c07b97c                RCX_Set_TSPMSB
                0x0c07b90c                RCX_Check_IRQ
                0x0c07bb14                RCX_Set_TxLastBits
                0x0c07bcdc                RCX_RF_Reset
                0x0c07b820                RCX_Check_CRCReady
                0x0c07bbe0                RCX_Start_Timer
                0x0c07ba5c                RCX_SendOnePulse_Enable
                0x0c07b9b4                RCX_Clear_100ASK
                0x0c07ba24                RCX_SendOnePulse_Disable
                0x0c07b9ec                RCX_Set_100ASK
                0x0c07b8a8                RCX_Check_ErrorFlag
                0x0c07b944                RCX_Clear_TSPMSB
                0x0c07bb58                RCX_Set_RX_AutoPD
                0x0c07b8e0                RCX_Check_Crypto1
                0x0c07bc8c                RCX_FlushFIFO
                0x0c07bacc                RCX_Set_RxAlign
 .text          0x0c07bd44      0xeb0 E:/WF/ARM7-SDK-2011-07-20/HHFiles/lib//libdb.a(database.o)
                0x0c07c284                DB_init_sys_param
                0x0c07c188                DB_check_format
                0x0c07bf80                DB_jump_to_record
                0x0c07bfd0                db_find_match
                0x0c07cb88                DB_erase_db_sys
                0x0c07c4a4                DB_format_db
                0x0c07be28                DB_count_records
                0x0c07c0c8                DB_check_record
                0x0c07c448                DB_delete_record
                0x0c07c6e0                DB_add_recordx
                0x0c07c870                DB_add_record
                0x0c07cac4                DB_erase_filesys
                0x0c07bdc0                DB_capacity
 .text          0x0c07cbf4     0x1c20 E:/WF/ARM7-SDK-2011-07-20/HHFiles/lib//libsim.a(sim.o)
                0x0c07d6d8                sms_get_center
                0x0c07d854                sim_get_imsi
                0x0c07e3fc                sim_module_init
                0x0c07e0a0                sim_wake_up
                0x0c07e190                sim_module_close
                0x0c07d304                tcp_send_data
                0x0c07cfb4                tcp_shut_link
                0x0c07d02c                tcp_close_link
                0x0c07d1bc                sms_set_center
                0x0c07ce14                tcp_recv_data
                0x0c07d7ec                sim_get_version
                0x0c07dfcc                sim_detect_net
                0x0c07d774                sim_get_battery
                0x0c07d8fc                sms_send_msg
                0x0c07cdac                call_hang_up
                0x0c07d0a4                tcp_check_link
                0x0c07d11c                call_dial_num
                0x0c07df68                sim_signal_report
                0x0c07e118                sim_power_saving
                0x0c07d574                tcp_set_param
                0x0c07d260                sms_del_msg
                0x0c07d468                tcp_create_link
                0x0c07dc90                sms_read_msg
                0x0c07d660                sim_verify_pin
                0x0c07cce8                sim_getversion
                0x0c07d8a8                sim_get_imei
                0x0c07ceec                call_pick_up
 .text          0x0c07e814      0x224 E:/WF/ARM7-SDK-2011-07-20/HHFiles/lib//libsim.a(trans.o)
                0x0c07e96c                GB_To_UCS2_Str
                0x0c07e824                UCS2GB_Code_Comp
                0x0c07e834                UCS2_To_GB_Word
                0x0c07e914                GB_To_UCS2_Word
                0x0c07e88c                UCS2_To_GB_Str
                0x0c07e814                GBUCS2_Code_Comp
 .text          0x0c07ea38      0x110 E:/WF/ARM7-SDK-2011-07-20/GNU/arm-elf/lib//libgcc.a(_udivsi3.o)
                0x0c07ea38                __udivsi3
                0x0c07ea38                __aeabi_uidiv
                0x0c07eb30                __aeabi_uidivmod
 .text          0x0c07eb48      0x140 E:/WF/ARM7-SDK-2011-07-20/GNU/arm-elf/lib//libgcc.a(_divsi3.o)
                0x0c07eb48                __aeabi_idiv
                0x0c07eb48                __divsi3
                0x0c07ec70                __aeabi_idivmod
 .text          0x0c07ec88       0xcc E:/WF/ARM7-SDK-2011-07-20/GNU/arm-elf/lib//libgcc.a(_umodsi3.o)
                0x0c07ec88                __umodsi3
 .text          0x0c07ed54       0xe4 E:/WF/ARM7-SDK-2011-07-20/GNU/arm-elf/lib//libgcc.a(_modsi3.o)
                0x0c07ed54                __modsi3
 .text          0x0c07ee38        0x4 E:/WF/ARM7-SDK-2011-07-20/GNU/arm-elf/lib//libgcc.a(_dvmd_tls.o)
                0x0c07ee38                __aeabi_ldiv0
                0x0c07ee38                __div0
                0x0c07ee38                __aeabi_idiv0
 .text          0x0c07ee3c      0x400 E:/WF/ARM7-SDK-2011-07-20/GNU/arm-elf/lib//libgcc.a(_addsubdf3.o)
                0x0c07f1d0                __floatdidf
                0x0c07f150                __floatsidf
                0x0c07f128                __aeabi_ui2d
                0x0c07ee3c                __aeabi_drsub
                0x0c07f17c                __extendsfdf2
                0x0c07ee48                __adddf3
                0x0c07f128                __floatunsidf
                0x0c07ee48                __aeabi_dadd
                0x0c07f1bc                __aeabi_ul2d
                0x0c07ee44                __aeabi_dsub
                0x0c07f1bc                __floatundidf
                0x0c07f150                __aeabi_i2d
                0x0c07f1d0                __aeabi_l2d
                0x0c07f17c                __aeabi_f2d
                0x0c07ee44                __subdf3
 .text          0x0c07f23c      0x470 E:/WF/ARM7-SDK-2011-07-20/GNU/arm-elf/lib//libgcc.a(_muldivdf3.o)
                0x0c07f4a8                __aeabi_ddiv
                0x0c07f23c                __aeabi_dmul
                0x0c07f4a8                __divdf3
                0x0c07f23c                __muldf3
 .text          0x0c07f6ac      0x128 E:/WF/ARM7-SDK-2011-07-20/GNU/arm-elf/lib//libgcc.a(_cmpdf2.o)
                0x0c07f798                __aeabi_dcmple
                0x0c07f6bc                __cmpdf2
                0x0c07f6bc                __eqdf2
                0x0c07f6ac                __gtdf2
                0x0c07f75c                __aeabi_cdcmple
                0x0c07f740                __aeabi_cdrcmple
                0x0c07f6b4                __ltdf2
                0x0c07f784                __aeabi_dcmplt
                0x0c07f6b4                __ledf2
                0x0c07f7c0                __aeabi_dcmpgt
                0x0c07f7ac                __aeabi_dcmpge
                0x0c07f6bc                __nedf2
                0x0c07f770                __aeabi_dcmpeq
                0x0c07f75c                __aeabi_cdcmpeq
                0x0c07f6ac                __gedf2
 .text          0x0c07f7d4       0x5c E:/WF/ARM7-SDK-2011-07-20/GNU/arm-elf/lib//libgcc.a(_fixdfsi.o)
                0x0c07f7d4                __fixdfsi
                0x0c07f7d4                __aeabi_d2iz
 .text          0x0c07f830       0x54 E:/WF/ARM7-SDK-2011-07-20/GNU/arm-elf/lib//libgcc.a(_fixunsdfsi.o)
                0x0c07f830                __fixunsdfsi
                0x0c07f830                __aeabi_d2uiz
 .text          0x0c07f884       0x18 E:/WF/ARM7-SDK-2011-07-20/GNU/arm-elf/lib//libc.a(lib_a-atoi.o)
                0x0c07f884                _atoi_r
                0x0c07f890                atoi
 .text          0x0c07f89c       0x18 E:/WF/ARM7-SDK-2011-07-20/GNU/arm-elf/lib//libc.a(lib_a-atol.o)
                0x0c07f89c                _atol_r
                0x0c07f8a8                atol
 .text          0x0c07f8b4       0x80 E:/WF/ARM7-SDK-2011-07-20/GNU/arm-elf/lib//libc.a(lib_a-bsearch.o)
                0x0c07f8b4                bsearch
 .text          0x0c07f934        0x0 E:/WF/ARM7-SDK-2011-07-20/GNU/arm-elf/lib//libc.a(lib_a-ctype_.o)
 .text          0x0c07f934       0x94 E:/WF/ARM7-SDK-2011-07-20/GNU/arm-elf/lib//libc.a(lib_a-memcmp.o)
                0x0c07f934                memcmp
 .text          0x0c07f9c8       0x50 E:/WF/ARM7-SDK-2011-07-20/GNU/arm-elf/lib//libc.a(lib_a-strstr.o)
                0x0c07f9c8                strstr
 .text          0x0c07fa18      0x1f0 E:/WF/ARM7-SDK-2011-07-20/GNU/arm-elf/lib//libc.a(lib_a-strtol.o)
                0x0c07fbdc                strtol
                0x0c07fa18                _strtol_r
 .text          0x0c07fc08       0x40 E:/WF/ARM7-SDK-2011-07-20/GNU/arm-elf/lib//libc.a(lib_a-strupr.o)
                0x0c07fc08                strupr
 .text          0x0c07fc48      0x4bc E:/WF/ARM7-SDK-2011-07-20/GNU/arm-elf/lib//libm.a(lib_a-w_pow.o)
                0x0c07fc48                pow
 .text          0x0c080104     0x1110 E:/WF/ARM7-SDK-2011-07-20/GNU/arm-elf/lib//libm.a(lib_a-e_pow.o)
                0x0c080104                __ieee754_pow
 .text          0x0c081214      0x288 E:/WF/ARM7-SDK-2011-07-20/GNU/arm-elf/lib//libm.a(lib_a-e_sqrt.o)
                0x0c081214                __ieee754_sqrt
 .text          0x0c08149c       0x20 E:/WF/ARM7-SDK-2011-07-20/GNU/arm-elf/lib//libm.a(lib_a-s_fabs.o)
                0x0c08149c                fabs
 .text          0x0c0814bc       0x18 E:/WF/ARM7-SDK-2011-07-20/GNU/arm-elf/lib//libm.a(lib_a-s_finite.o)
                0x0c0814bc                finite
 .text          0x0c0814d4        0x0 E:/WF/ARM7-SDK-2011-07-20/GNU/arm-elf/lib//libm.a(lib_a-s_lib_ver.o)
 .text          0x0c0814d4        0x8 E:/WF/ARM7-SDK-2011-07-20/GNU/arm-elf/lib//libm.a(lib_a-s_matherr.o)
                0x0c0814d4                matherr
 .text          0x0c0814dc      0x1c8 E:/WF/ARM7-SDK-2011-07-20/GNU/arm-elf/lib//libm.a(lib_a-s_rint.o)
                0x0c0814dc                rint
 .text          0x0c0816a4      0x1d4 E:/WF/ARM7-SDK-2011-07-20/GNU/arm-elf/lib//libm.a(lib_a-s_scalbn.o)
                0x0c0816a4                scalbn
 .text          0x0c081878       0x24 E:/WF/ARM7-SDK-2011-07-20/GNU/arm-elf/lib//libm.a(lib_a-s_copysign.o)
                0x0c081878                copysign
 .text          0x0c08189c       0x10 E:/WF/ARM7-SDK-2011-07-20/GNU/arm-elf/lib//libc.a(lib_a-errno.o)
                0x0c08189c                __errno
                0x0c0818ac                . = ALIGN (0x4)
                0x0c0818ac                __CTOR_LIST__ = .
                0x0c0818ac        0x4 LONG 0x0 (((__CTOR_END__ - __CTOR_LIST__) / 0x4) - 0x2)
 *(.ctors)
                0x0c0818b0        0x4 LONG 0x0
                0x0c0818b4                __CTOR_END__ = .
                0x0c0818b4                __DTOR_LIST__ = .
                0x0c0818b4        0x4 LONG 0x0 (((__DTOR_END__ - __DTOR_LIST__) / 0x4) - 0x2)
 *(.dtors)
                0x0c0818b8        0x4 LONG 0x0
                0x0c0818bc                __DTOR_END__ = .
 *(.rodata)
 .rodata        0x0c0818bc       0x20 E:/WF/ARM7-SDK-2011-07-20/GNU/arm-elf/lib//libc.a(lib_a-vfprintf.o)
 .rodata        0x0c0818dc        0x4 E:/WF/ARM7-SDK-2011-07-20/GNU/arm-elf/lib//libc.a(lib_a-impure.o)
                0x0c0818dc                _global_impure_ptr
 .rodata        0x0c0818e0       0x34 E:/WF/ARM7-SDK-2011-07-20/GNU/arm-elf/lib//libc.a(lib_a-locale.o)
 .rodata        0x0c081914      0x124 E:/WF/ARM7-SDK-2011-07-20/GNU/arm-elf/lib//libc.a(lib_a-mprec.o)
                0x0c081a04                __mprec_tinytens
                0x0c081914                __mprec_tens
                0x0c0819dc                __mprec_bigtens
 .rodata        0x0c081a38      0x2f0 E:/WF/ARM7-SDK-2011-07-20/HHFiles/lib//libext.a(exlib.o)
 .rodata        0x0c081d28       0x50 E:/WF/ARM7-SDK-2011-07-20/HHFiles/lib//libcard.a(cpucard.o)
                0x0c081d58                DI_D_table
                0x0c081d28                FI_PDR_table
                0x0c081d38                FI_F_table
 .rodata        0x0c081d78       0x28 E:/WF/ARM7-SDK-2011-07-20/HHFiles/lib//libcontactless.a(iso14443.o)
 .rodata        0x0c081da0      0x200 E:/WF/ARM7-SDK-2011-07-20/HHFiles/lib//libdb.a(database.o)
 .rodata        0x0c081fa0      0x101 E:/WF/ARM7-SDK-2011-07-20/GNU/arm-elf/lib//libc.a(lib_a-ctype_.o)
                0x0c081fa0                _ctype_
 *fill*         0x0c0820a1        0x3 00
 .rodata        0x0c0820a4       0x30 E:/WF/ARM7-SDK-2011-07-20/GNU/arm-elf/lib//libm.a(lib_a-e_pow.o)
 .rodata        0x0c0820d4       0x10 E:/WF/ARM7-SDK-2011-07-20/GNU/arm-elf/lib//libm.a(lib_a-s_rint.o)
 *(.rodata*)
 .rodata.str1.4
                0x0c0820e4      0x3fe E:/WF/develop_windows/sffhandpos/Release/SF.o
                                0x400 (size before relaxing)
 *fill*         0x0c0824e2        0x2 00
 .rodata.str1.4
                0x0c0824e4       0xad E:/WF/develop_windows/sffhandpos/Release/Card.o
                                 0xbc (size before relaxing)
 *fill*         0x0c082591        0x3 00
 .rodata.str1.4
                0x0c082594      0x10e E:/WF/develop_windows/sffhandpos/Release/DataBase.o
                                0x154 (size before relaxing)
 *fill*         0x0c0826a2        0x2 00
 .rodata.str1.4
                0x0c0826a4       0x4a E:/WF/develop_windows/sffhandpos/Release/Common.o
                                 0x50 (size before relaxing)
 *fill*         0x0c0826ee        0x2 00
 .rodata.str1.4
                0x0c0826f0      0x139 E:/WF/develop_windows/sffhandpos/Release/Gprs.o
                                0x13c (size before relaxing)
 *fill*         0x0c082829        0x3 00
 .rodata.str1.4
                0x0c08282c       0x5f E:/WF/ARM7-SDK-2011-07-20/GNU/arm-elf/lib//libc.a(lib_a-vfprintf.o)
                                 0x64 (size before relaxing)
 *fill*         0x0c08288b        0x1 00
 .rodata.str1.4
                0x0c08288c       0x1e E:/WF/ARM7-SDK-2011-07-20/GNU/arm-elf/lib//libc.a(lib_a-wctomb_r.o)
                                 0x20 (size before relaxing)
 *fill*         0x0c0828aa        0x2 00
 .rodata.str1.4
                0x0c0828ac       0x10 E:/WF/ARM7-SDK-2011-07-20/GNU/arm-elf/lib//libc.a(lib_a-dtoa.o)
                                 0x14 (size before relaxing)
 .rodata.str1.4
                0x0c0828bc        0x2 E:/WF/ARM7-SDK-2011-07-20/GNU/arm-elf/lib//libc.a(lib_a-impure.o)
                                  0x4 (size before relaxing)
 *fill*         0x0c0828be        0x2 00
 .rodata.str1.4
                0x0c0828c0        0xb E:/WF/ARM7-SDK-2011-07-20/GNU/arm-elf/lib//libc.a(lib_a-locale.o)
                                 0x18 (size before relaxing)
 *fill*         0x0c0828cb        0x1 00
 .rodata.str1.4
                0x0c0828cc       0x76 E:/WF/ARM7-SDK-2011-07-20/HHFiles/lib//libext.a(exlib.o)
                                 0x88 (size before relaxing)
 *fill*         0x0c082942        0x2 00
 .rodata.str1.4
                0x0c082944      0x100 E:/WF/ARM7-SDK-2011-07-20/HHFiles/lib//libext.a(exlib_pinyin.o)
                                0x10c (size before relaxing)
 .rodata.str1.4
                0x0c082a44      0x20c E:/WF/ARM7-SDK-2011-07-20/HHFiles/lib//libsim.a(sim.o)
                                0x220 (size before relaxing)
 .rodata.str1.4
                0x0c082c50        0x4 E:/WF/ARM7-SDK-2011-07-20/GNU/arm-elf/lib//libm.a(lib_a-w_pow.o)
 *(.glue_7t)
 .glue_7t       0x0c082c54        0x0 E:/WF/develop_windows/sffhandpos/Release/crt0.o
 .glue_7t       0x0c082c54        0x0 E:/WF/develop_windows/sffhandpos/Release/SF.o
 .glue_7t       0x0c082c54        0x0 E:/WF/develop_windows/sffhandpos/Release/Card.o
 .glue_7t       0x0c082c54        0x0 E:/WF/develop_windows/sffhandpos/Release/DataBase.o
 .glue_7t       0x0c082c54        0x0 E:/WF/develop_windows/sffhandpos/Release/Common.o
 .glue_7t       0x0c082c54        0x0 E:/WF/develop_windows/sffhandpos/Release/Gprs.o
 .glue_7t       0x0c082c54        0x0 E:/WF/ARM7-SDK-2011-07-20/GNU/arm-elf/lib//libc.a(lib_a-memcpy.o)
 .glue_7t       0x0c082c54        0x0 E:/WF/ARM7-SDK-2011-07-20/GNU/arm-elf/lib//libc.a(lib_a-memset.o)
 .glue_7t       0x0c082c54        0x0 E:/WF/ARM7-SDK-2011-07-20/GNU/arm-elf/lib//libc.a(lib_a-sprintf.o)
 .glue_7t       0x0c082c54        0x0 E:/WF/ARM7-SDK-2011-07-20/GNU/arm-elf/lib//libc.a(lib_a-strcat.o)
 .glue_7t       0x0c082c54        0x0 E:/WF/ARM7-SDK-2011-07-20/GNU/arm-elf/lib//libc.a(lib_a-strcmp.o)
 .glue_7t       0x0c082c54        0x0 E:/WF/ARM7-SDK-2011-07-20/GNU/arm-elf/lib//libc.a(lib_a-strcpy.o)
 .glue_7t       0x0c082c54        0x0 E:/WF/ARM7-SDK-2011-07-20/GNU/arm-elf/lib//libc.a(lib_a-strlen.o)
 .glue_7t       0x0c082c54        0x0 E:/WF/ARM7-SDK-2011-07-20/GNU/arm-elf/lib//libc.a(lib_a-strncpy.o)
 .glue_7t       0x0c082c54        0x0 E:/WF/ARM7-SDK-2011-07-20/GNU/arm-elf/lib//libc.a(lib_a-strtok.o)
 .glue_7t       0x0c082c54        0x0 E:/WF/ARM7-SDK-2011-07-20/GNU/arm-elf/lib//libc.a(lib_a-strtok_r.o)
 .glue_7t       0x0c082c54        0x0 E:/WF/ARM7-SDK-2011-07-20/GNU/arm-elf/lib//libc.a(lib_a-vfprintf.o)
 .glue_7t       0x0c082c54        0x0 E:/WF/ARM7-SDK-2011-07-20/GNU/arm-elf/lib//libc.a(lib_a-wcrtomb.o)
 .glue_7t       0x0c082c54        0x0 E:/WF/ARM7-SDK-2011-07-20/GNU/arm-elf/lib//libc.a(lib_a-wcsrtombs.o)
 .glue_7t       0x0c082c54        0x0 E:/WF/ARM7-SDK-2011-07-20/GNU/arm-elf/lib//libc.a(lib_a-wctomb_r.o)
 .glue_7t       0x0c082c54        0x0 E:/WF/ARM7-SDK-2011-07-20/GNU/arm-elf/lib//libc.a(lib_a-wsetup.o)
 .glue_7t       0x0c082c54        0x0 E:/WF/ARM7-SDK-2011-07-20/GNU/arm-elf/lib//libc.a(lib_a-dtoa.o)
 .glue_7t       0x0c082c54        0x0 E:/WF/ARM7-SDK-2011-07-20/GNU/arm-elf/lib//libc.a(lib_a-fflush.o)
 .glue_7t       0x0c082c54        0x0 E:/WF/ARM7-SDK-2011-07-20/GNU/arm-elf/lib//libc.a(lib_a-findfp.o)
 .glue_7t       0x0c082c54        0x0 E:/WF/ARM7-SDK-2011-07-20/GNU/arm-elf/lib//libc.a(lib_a-freer.o)
 .glue_7t       0x0c082c54        0x0 E:/WF/ARM7-SDK-2011-07-20/GNU/arm-elf/lib//libc.a(lib_a-fvwrite.o)
 .glue_7t       0x0c082c54        0x0 E:/WF/ARM7-SDK-2011-07-20/GNU/arm-elf/lib//libc.a(lib_a-fwalk.o)
 .glue_7t       0x0c082c54        0x0 E:/WF/ARM7-SDK-2011-07-20/GNU/arm-elf/lib//libc.a(lib_a-impure.o)
 .glue_7t       0x0c082c54        0x0 E:/WF/ARM7-SDK-2011-07-20/GNU/arm-elf/lib//libc.a(lib_a-locale.o)
 .glue_7t       0x0c082c54        0x0 E:/WF/ARM7-SDK-2011-07-20/GNU/arm-elf/lib//libc.a(lib_a-makebuf.o)
 .glue_7t       0x0c082c54        0x0 E:/WF/ARM7-SDK-2011-07-20/GNU/arm-elf/lib//libc.a(lib_a-mallocr.o)
 .glue_7t       0x0c082c54        0x0 E:/WF/ARM7-SDK-2011-07-20/GNU/arm-elf/lib//libc.a(lib_a-memchr.o)
 .glue_7t       0x0c082c54        0x0 E:/WF/ARM7-SDK-2011-07-20/GNU/arm-elf/lib//libc.a(lib_a-memmove.o)
 .glue_7t       0x0c082c54        0x0 E:/WF/ARM7-SDK-2011-07-20/GNU/arm-elf/lib//libc.a(lib_a-mlock.o)
 .glue_7t       0x0c082c54        0x0 E:/WF/ARM7-SDK-2011-07-20/GNU/arm-elf/lib//libc.a(lib_a-mprec.o)
 .glue_7t       0x0c082c54        0x0 E:/WF/ARM7-SDK-2011-07-20/GNU/arm-elf/lib//libc.a(lib_a-reallocr.o)
 .glue_7t       0x0c082c54        0x0 E:/WF/ARM7-SDK-2011-07-20/GNU/arm-elf/lib//libc.a(lib_a-s_isinfd.o)
 .glue_7t       0x0c082c54        0x0 E:/WF/ARM7-SDK-2011-07-20/GNU/arm-elf/lib//libc.a(lib_a-s_isnand.o)
 .glue_7t       0x0c082c54        0x0 E:/WF/ARM7-SDK-2011-07-20/GNU/arm-elf/lib//libc.a(lib_a-stdio.o)
 .glue_7t       0x0c082c54        0x0 E:/WF/ARM7-SDK-2011-07-20/GNU/arm-elf/lib//libc.a(lib_a-callocr.o)
 .glue_7t       0x0c082c54        0x0 E:/WF/ARM7-SDK-2011-07-20/GNU/arm-elf/lib//libc.a(lib_a-fclose.o)
 .glue_7t       0x0c082c54        0x0 E:/WF/ARM7-SDK-2011-07-20/HHFiles/lib//libARMPos.a(libARMPos.o)
 .glue_7t       0x0c082c54        0x0 E:/WF/ARM7-SDK-2011-07-20/HHFiles/lib//libARMPos.a(call_api.o)
 .glue_7t       0x0c082c54        0x0 E:/WF/ARM7-SDK-2011-07-20/HHFiles/lib//libext.a(exlib.o)
 .glue_7t       0x0c082c54        0x0 E:/WF/ARM7-SDK-2011-07-20/HHFiles/lib//libext.a(exlib_pinyin.o)
 .glue_7t       0x0c082c54        0x0 E:/WF/ARM7-SDK-2011-07-20/HHFiles/lib//libcard.a(libcard.o)
 .glue_7t       0x0c082c54        0x0 E:/WF/ARM7-SDK-2011-07-20/HHFiles/lib//libcard.a(cpucard.o)
 .glue_7t       0x0c082c54        0x0 E:/WF/ARM7-SDK-2011-07-20/HHFiles/lib//libcontactless.a(iso14443.o)
 .glue_7t       0x0c082c54        0x0 E:/WF/ARM7-SDK-2011-07-20/HHFiles/lib//libcontactless.a(mifare.o)
 .glue_7t       0x0c082c54        0x0 E:/WF/ARM7-SDK-2011-07-20/HHFiles/lib//libcontactless.a(port.o)
 .glue_7t       0x0c082c54        0x0 E:/WF/ARM7-SDK-2011-07-20/HHFiles/lib//libcontactless.a(rcxcomm.o)
 .glue_7t       0x0c082c54        0x0 E:/WF/ARM7-SDK-2011-07-20/HHFiles/lib//libcontactless.a(rcxreg.o)
 .glue_7t       0x0c082c54        0x0 E:/WF/ARM7-SDK-2011-07-20/HHFiles/lib//libdb.a(database.o)
 .glue_7t       0x0c082c54        0x0 E:/WF/ARM7-SDK-2011-07-20/HHFiles/lib//libsim.a(sim.o)
 .glue_7t       0x0c082c54        0x0 E:/WF/ARM7-SDK-2011-07-20/HHFiles/lib//libsim.a(trans.o)
 .glue_7t       0x0c082c54        0x0 E:/WF/ARM7-SDK-2011-07-20/GNU/arm-elf/lib//libgcc.a(_udivsi3.o)
 .glue_7t       0x0c082c54        0x0 E:/WF/ARM7-SDK-2011-07-20/GNU/arm-elf/lib//libgcc.a(_divsi3.o)
 .glue_7t       0x0c082c54        0x0 E:/WF/ARM7-SDK-2011-07-20/GNU/arm-elf/lib//libgcc.a(_umodsi3.o)
 .glue_7t       0x0c082c54        0x0 E:/WF/ARM7-SDK-2011-07-20/GNU/arm-elf/lib//libgcc.a(_modsi3.o)
 .glue_7t       0x0c082c54        0x0 E:/WF/ARM7-SDK-2011-07-20/GNU/arm-elf/lib//libgcc.a(_dvmd_tls.o)
 .glue_7t       0x0c082c54        0x0 E:/WF/ARM7-SDK-2011-07-20/GNU/arm-elf/lib//libgcc.a(_addsubdf3.o)
 .glue_7t       0x0c082c54        0x0 E:/WF/ARM7-SDK-2011-07-20/GNU/arm-elf/lib//libgcc.a(_muldivdf3.o)
 .glue_7t       0x0c082c54        0x0 E:/WF/ARM7-SDK-2011-07-20/GNU/arm-elf/lib//libgcc.a(_cmpdf2.o)
 .glue_7t       0x0c082c54        0x0 E:/WF/ARM7-SDK-2011-07-20/GNU/arm-elf/lib//libgcc.a(_fixdfsi.o)
 .glue_7t       0x0c082c54        0x0 E:/WF/ARM7-SDK-2011-07-20/GNU/arm-elf/lib//libgcc.a(_fixunsdfsi.o)
 .glue_7t       0x0c082c54        0x0 E:/WF/ARM7-SDK-2011-07-20/GNU/arm-elf/lib//libc.a(lib_a-atoi.o)
 .glue_7t       0x0c082c54        0x0 E:/WF/ARM7-SDK-2011-07-20/GNU/arm-elf/lib//libc.a(lib_a-atol.o)
 .glue_7t       0x0c082c54        0x0 E:/WF/ARM7-SDK-2011-07-20/GNU/arm-elf/lib//libc.a(lib_a-bsearch.o)
 .glue_7t       0x0c082c54        0x0 E:/WF/ARM7-SDK-2011-07-20/GNU/arm-elf/lib//libc.a(lib_a-ctype_.o)
 .glue_7t       0x0c082c54        0x0 E:/WF/ARM7-SDK-2011-07-20/GNU/arm-elf/lib//libc.a(lib_a-memcmp.o)
 .glue_7t       0x0c082c54        0x0 E:/WF/ARM7-SDK-2011-07-20/GNU/arm-elf/lib//libc.a(lib_a-strstr.o)
 .glue_7t       0x0c082c54        0x0 E:/WF/ARM7-SDK-2011-07-20/GNU/arm-elf/lib//libc.a(lib_a-strtol.o)
 .glue_7t       0x0c082c54        0x0 E:/WF/ARM7-SDK-2011-07-20/GNU/arm-elf/lib//libc.a(lib_a-strupr.o)
 .glue_7t       0x0c082c54        0x0 E:/WF/ARM7-SDK-2011-07-20/GNU/arm-elf/lib//libm.a(lib_a-w_pow.o)
 .glue_7t       0x0c082c54        0x0 E:/WF/ARM7-SDK-2011-07-20/GNU/arm-elf/lib//libm.a(lib_a-e_pow.o)
 .glue_7t       0x0c082c54        0x0 E:/WF/ARM7-SDK-2011-07-20/GNU/arm-elf/lib//libm.a(lib_a-e_sqrt.o)
 .glue_7t       0x0c082c54        0x0 E:/WF/ARM7-SDK-2011-07-20/GNU/arm-elf/lib//libm.a(lib_a-s_fabs.o)
 .glue_7t       0x0c082c54        0x0 E:/WF/ARM7-SDK-2011-07-20/GNU/arm-elf/lib//libm.a(lib_a-s_finite.o)
 .glue_7t       0x0c082c54        0x0 E:/WF/ARM7-SDK-2011-07-20/GNU/arm-elf/lib//libm.a(lib_a-s_lib_ver.o)
 .glue_7t       0x0c082c54        0x0 E:/WF/ARM7-SDK-2011-07-20/GNU/arm-elf/lib//libm.a(lib_a-s_matherr.o)
 .glue_7t       0x0c082c54        0x0 E:/WF/ARM7-SDK-2011-07-20/GNU/arm-elf/lib//libm.a(lib_a-s_rint.o)
 .glue_7t       0x0c082c54        0x0 E:/WF/ARM7-SDK-2011-07-20/GNU/arm-elf/lib//libm.a(lib_a-s_scalbn.o)
 .glue_7t       0x0c082c54        0x0 E:/WF/ARM7-SDK-2011-07-20/GNU/arm-elf/lib//libm.a(lib_a-s_copysign.o)
 .glue_7t       0x0c082c54        0x0 E:/WF/ARM7-SDK-2011-07-20/GNU/arm-elf/lib//libc.a(lib_a-errno.o)
 *(.glue_7)
 .glue_7        0x0c082c54        0x0 E:/WF/develop_windows/sffhandpos/Release/crt0.o
 .glue_7        0x0c082c54        0x0 E:/WF/develop_windows/sffhandpos/Release/SF.o
 .glue_7        0x0c082c54        0x0 E:/WF/develop_windows/sffhandpos/Release/Card.o
 .glue_7        0x0c082c54        0x0 E:/WF/develop_windows/sffhandpos/Release/DataBase.o
 .glue_7        0x0c082c54        0x0 E:/WF/develop_windows/sffhandpos/Release/Common.o
 .glue_7        0x0c082c54        0x0 E:/WF/develop_windows/sffhandpos/Release/Gprs.o
 .glue_7        0x0c082c54        0x0 E:/WF/ARM7-SDK-2011-07-20/GNU/arm-elf/lib//libc.a(lib_a-memcpy.o)
 .glue_7        0x0c082c54        0x0 E:/WF/ARM7-SDK-2011-07-20/GNU/arm-elf/lib//libc.a(lib_a-memset.o)
 .glue_7        0x0c082c54        0x0 E:/WF/ARM7-SDK-2011-07-20/GNU/arm-elf/lib//libc.a(lib_a-sprintf.o)
 .glue_7        0x0c082c54        0x0 E:/WF/ARM7-SDK-2011-07-20/GNU/arm-elf/lib//libc.a(lib_a-strcat.o)
 .glue_7        0x0c082c54        0x0 E:/WF/ARM7-SDK-2011-07-20/GNU/arm-elf/lib//libc.a(lib_a-strcmp.o)
 .glue_7        0x0c082c54        0x0 E:/WF/ARM7-SDK-2011-07-20/GNU/arm-elf/lib//libc.a(lib_a-strcpy.o)
 .glue_7        0x0c082c54        0x0 E:/WF/ARM7-SDK-2011-07-20/GNU/arm-elf/lib//libc.a(lib_a-strlen.o)
 .glue_7        0x0c082c54        0x0 E:/WF/ARM7-SDK-2011-07-20/GNU/arm-elf/lib//libc.a(lib_a-strncpy.o)
 .glue_7        0x0c082c54        0x0 E:/WF/ARM7-SDK-2011-07-20/GNU/arm-elf/lib//libc.a(lib_a-strtok.o)
 .glue_7        0x0c082c54        0x0 E:/WF/ARM7-SDK-2011-07-20/GNU/arm-elf/lib//libc.a(lib_a-strtok_r.o)
 .glue_7        0x0c082c54        0x0 E:/WF/ARM7-SDK-2011-07-20/GNU/arm-elf/lib//libc.a(lib_a-vfprintf.o)
 .glue_7        0x0c082c54        0x0 E:/WF/ARM7-SDK-2011-07-20/GNU/arm-elf/lib//libc.a(lib_a-wcrtomb.o)
 .glue_7        0x0c082c54        0x0 E:/WF/ARM7-SDK-2011-07-20/GNU/arm-elf/lib//libc.a(lib_a-wcsrtombs.o)
 .glue_7        0x0c082c54        0x0 E:/WF/ARM7-SDK-2011-07-20/GNU/arm-elf/lib//libc.a(lib_a-wctomb_r.o)
 .glue_7        0x0c082c54        0x0 E:/WF/ARM7-SDK-2011-07-20/GNU/arm-elf/lib//libc.a(lib_a-wsetup.o)
 .glue_7        0x0c082c54        0x0 E:/WF/ARM7-SDK-2011-07-20/GNU/arm-elf/lib//libc.a(lib_a-dtoa.o)
 .glue_7        0x0c082c54        0x0 E:/WF/ARM7-SDK-2011-07-20/GNU/arm-elf/lib//libc.a(lib_a-fflush.o)
 .glue_7        0x0c082c54        0x0 E:/WF/ARM7-SDK-2011-07-20/GNU/arm-elf/lib//libc.a(lib_a-findfp.o)
 .glue_7        0x0c082c54        0x0 E:/WF/ARM7-SDK-2011-07-20/GNU/arm-elf/lib//libc.a(lib_a-freer.o)
 .glue_7        0x0c082c54        0x0 E:/WF/ARM7-SDK-2011-07-20/GNU/arm-elf/lib//libc.a(lib_a-fvwrite.o)
 .glue_7        0x0c082c54        0x0 E:/WF/ARM7-SDK-2011-07-20/GNU/arm-elf/lib//libc.a(lib_a-fwalk.o)
 .glue_7        0x0c082c54        0x0 E:/WF/ARM7-SDK-2011-07-20/GNU/arm-elf/lib//libc.a(lib_a-impure.o)
 .glue_7        0x0c082c54        0x0 E:/WF/ARM7-SDK-2011-07-20/GNU/arm-elf/lib//libc.a(lib_a-locale.o)
 .glue_7        0x0c082c54        0x0 E:/WF/ARM7-SDK-2011-07-20/GNU/arm-elf/lib//libc.a(lib_a-makebuf.o)
 .glue_7        0x0c082c54        0x0 E:/WF/ARM7-SDK-2011-07-20/GNU/arm-elf/lib//libc.a(lib_a-mallocr.o)
 .glue_7        0x0c082c54        0x0 E:/WF/ARM7-SDK-2011-07-20/GNU/arm-elf/lib//libc.a(lib_a-memchr.o)
 .glue_7        0x0c082c54        0x0 E:/WF/ARM7-SDK-2011-07-20/GNU/arm-elf/lib//libc.a(lib_a-memmove.o)
 .glue_7        0x0c082c54        0x0 E:/WF/ARM7-SDK-2011-07-20/GNU/arm-elf/lib//libc.a(lib_a-mlock.o)
 .glue_7        0x0c082c54        0x0 E:/WF/ARM7-SDK-2011-07-20/GNU/arm-elf/lib//libc.a(lib_a-mprec.o)
 .glue_7        0x0c082c54        0x0 E:/WF/ARM7-SDK-2011-07-20/GNU/arm-elf/lib//libc.a(lib_a-reallocr.o)
 .glue_7        0x0c082c54        0x0 E:/WF/ARM7-SDK-2011-07-20/GNU/arm-elf/lib//libc.a(lib_a-s_isinfd.o)
 .glue_7        0x0c082c54        0x0 E:/WF/ARM7-SDK-2011-07-20/GNU/arm-elf/lib//libc.a(lib_a-s_isnand.o)
 .glue_7        0x0c082c54        0x0 E:/WF/ARM7-SDK-2011-07-20/GNU/arm-elf/lib//libc.a(lib_a-stdio.o)
 .glue_7        0x0c082c54        0x0 E:/WF/ARM7-SDK-2011-07-20/GNU/arm-elf/lib//libc.a(lib_a-callocr.o)
 .glue_7        0x0c082c54        0x0 E:/WF/ARM7-SDK-2011-07-20/GNU/arm-elf/lib//libc.a(lib_a-fclose.o)
 .glue_7        0x0c082c54        0x0 E:/WF/ARM7-SDK-2011-07-20/HHFiles/lib//libARMPos.a(libARMPos.o)
 .glue_7        0x0c082c54        0x0 E:/WF/ARM7-SDK-2011-07-20/HHFiles/lib//libARMPos.a(call_api.o)
 .glue_7        0x0c082c54        0x0 E:/WF/ARM7-SDK-2011-07-20/HHFiles/lib//libext.a(exlib.o)
 .glue_7        0x0c082c54        0x0 E:/WF/ARM7-SDK-2011-07-20/HHFiles/lib//libext.a(exlib_pinyin.o)
 .glue_7        0x0c082c54        0x0 E:/WF/ARM7-SDK-2011-07-20/HHFiles/lib//libcard.a(libcard.o)
 .glue_7        0x0c082c54        0x0 E:/WF/ARM7-SDK-2011-07-20/HHFiles/lib//libcard.a(cpucard.o)
 .glue_7        0x0c082c54        0x0 E:/WF/ARM7-SDK-2011-07-20/HHFiles/lib//libcontactless.a(iso14443.o)
 .glue_7        0x0c082c54        0x0 E:/WF/ARM7-SDK-2011-07-20/HHFiles/lib//libcontactless.a(mifare.o)
 .glue_7        0x0c082c54        0x0 E:/WF/ARM7-SDK-2011-07-20/HHFiles/lib//libcontactless.a(port.o)
 .glue_7        0x0c082c54        0x0 E:/WF/ARM7-SDK-2011-07-20/HHFiles/lib//libcontactless.a(rcxcomm.o)
 .glue_7        0x0c082c54        0x0 E:/WF/ARM7-SDK-2011-07-20/HHFiles/lib//libcontactless.a(rcxreg.o)
 .glue_7        0x0c082c54        0x0 E:/WF/ARM7-SDK-2011-07-20/HHFiles/lib//libdb.a(database.o)
 .glue_7        0x0c082c54        0x0 E:/WF/ARM7-SDK-2011-07-20/HHFiles/lib//libsim.a(sim.o)
 .glue_7        0x0c082c54        0x0 E:/WF/ARM7-SDK-2011-07-20/HHFiles/lib//libsim.a(trans.o)
 .glue_7        0x0c082c54        0x0 E:/WF/ARM7-SDK-2011-07-20/GNU/arm-elf/lib//libgcc.a(_udivsi3.o)
 .glue_7        0x0c082c54        0x0 E:/WF/ARM7-SDK-2011-07-20/GNU/arm-elf/lib//libgcc.a(_divsi3.o)
 .glue_7        0x0c082c54        0x0 E:/WF/ARM7-SDK-2011-07-20/GNU/arm-elf/lib//libgcc.a(_umodsi3.o)
 .glue_7        0x0c082c54        0x0 E:/WF/ARM7-SDK-2011-07-20/GNU/arm-elf/lib//libgcc.a(_modsi3.o)
 .glue_7        0x0c082c54        0x0 E:/WF/ARM7-SDK-2011-07-20/GNU/arm-elf/lib//libgcc.a(_dvmd_tls.o)
 .glue_7        0x0c082c54        0x0 E:/WF/ARM7-SDK-2011-07-20/GNU/arm-elf/lib//libgcc.a(_addsubdf3.o)
 .glue_7        0x0c082c54        0x0 E:/WF/ARM7-SDK-2011-07-20/GNU/arm-elf/lib//libgcc.a(_muldivdf3.o)
 .glue_7        0x0c082c54        0x0 E:/WF/ARM7-SDK-2011-07-20/GNU/arm-elf/lib//libgcc.a(_cmpdf2.o)
 .glue_7        0x0c082c54        0x0 E:/WF/ARM7-SDK-2011-07-20/GNU/arm-elf/lib//libgcc.a(_fixdfsi.o)
 .glue_7        0x0c082c54        0x0 E:/WF/ARM7-SDK-2011-07-20/GNU/arm-elf/lib//libgcc.a(_fixunsdfsi.o)
 .glue_7        0x0c082c54        0x0 E:/WF/ARM7-SDK-2011-07-20/GNU/arm-elf/lib//libc.a(lib_a-atoi.o)
 .glue_7        0x0c082c54        0x0 E:/WF/ARM7-SDK-2011-07-20/GNU/arm-elf/lib//libc.a(lib_a-atol.o)
 .glue_7        0x0c082c54        0x0 E:/WF/ARM7-SDK-2011-07-20/GNU/arm-elf/lib//libc.a(lib_a-bsearch.o)
 .glue_7        0x0c082c54        0x0 E:/WF/ARM7-SDK-2011-07-20/GNU/arm-elf/lib//libc.a(lib_a-ctype_.o)
 .glue_7        0x0c082c54        0x0 E:/WF/ARM7-SDK-2011-07-20/GNU/arm-elf/lib//libc.a(lib_a-memcmp.o)
 .glue_7        0x0c082c54        0x0 E:/WF/ARM7-SDK-2011-07-20/GNU/arm-elf/lib//libc.a(lib_a-strstr.o)
 .glue_7        0x0c082c54        0x0 E:/WF/ARM7-SDK-2011-07-20/GNU/arm-elf/lib//libc.a(lib_a-strtol.o)
 .glue_7        0x0c082c54        0x0 E:/WF/ARM7-SDK-2011-07-20/GNU/arm-elf/lib//libc.a(lib_a-strupr.o)
 .glue_7        0x0c082c54        0x0 E:/WF/ARM7-SDK-2011-07-20/GNU/arm-elf/lib//libm.a(lib_a-w_pow.o)
 .glue_7        0x0c082c54        0x0 E:/WF/ARM7-SDK-2011-07-20/GNU/arm-elf/lib//libm.a(lib_a-e_pow.o)
 .glue_7        0x0c082c54        0x0 E:/WF/ARM7-SDK-2011-07-20/GNU/arm-elf/lib//libm.a(lib_a-e_sqrt.o)
 .glue_7        0x0c082c54        0x0 E:/WF/ARM7-SDK-2011-07-20/GNU/arm-elf/lib//libm.a(lib_a-s_fabs.o)
 .glue_7        0x0c082c54        0x0 E:/WF/ARM7-SDK-2011-07-20/GNU/arm-elf/lib//libm.a(lib_a-s_finite.o)
 .glue_7        0x0c082c54        0x0 E:/WF/ARM7-SDK-2011-07-20/GNU/arm-elf/lib//libm.a(lib_a-s_lib_ver.o)
 .glue_7        0x0c082c54        0x0 E:/WF/ARM7-SDK-2011-07-20/GNU/arm-elf/lib//libm.a(lib_a-s_matherr.o)
 .glue_7        0x0c082c54        0x0 E:/WF/ARM7-SDK-2011-07-20/GNU/arm-elf/lib//libm.a(lib_a-s_rint.o)
 .glue_7        0x0c082c54        0x0 E:/WF/ARM7-SDK-2011-07-20/GNU/arm-elf/lib//libm.a(lib_a-s_scalbn.o)
 .glue_7        0x0c082c54        0x0 E:/WF/ARM7-SDK-2011-07-20/GNU/arm-elf/lib//libm.a(lib_a-s_copysign.o)
 .glue_7        0x0c082c54        0x0 E:/WF/ARM7-SDK-2011-07-20/GNU/arm-elf/lib//libc.a(lib_a-errno.o)
                0x0c082c54                . = ALIGN (0x4)
                0x0c082c54                _etext = .

.vfp11_veneer   0x00000000        0x0
 .vfp11_veneer  0x00000000        0x0 E:/WF/develop_windows/sffhandpos/Release/crt0.o
 .vfp11_veneer  0x00000000        0x0 E:/WF/develop_windows/sffhandpos/Release/SF.o
 .vfp11_veneer  0x00000000        0x0 E:/WF/develop_windows/sffhandpos/Release/Card.o
 .vfp11_veneer  0x00000000        0x0 E:/WF/develop_windows/sffhandpos/Release/DataBase.o
 .vfp11_veneer  0x00000000        0x0 E:/WF/develop_windows/sffhandpos/Release/Common.o
 .vfp11_veneer  0x00000000        0x0 E:/WF/develop_windows/sffhandpos/Release/Gprs.o
 .vfp11_veneer  0x00000000        0x0 E:/WF/ARM7-SDK-2011-07-20/GNU/arm-elf/lib//libc.a(lib_a-memcpy.o)
 .vfp11_veneer  0x00000000        0x0 E:/WF/ARM7-SDK-2011-07-20/GNU/arm-elf/lib//libc.a(lib_a-memset.o)
 .vfp11_veneer  0x00000000        0x0 E:/WF/ARM7-SDK-2011-07-20/GNU/arm-elf/lib//libc.a(lib_a-sprintf.o)
 .vfp11_veneer  0x00000000        0x0 E:/WF/ARM7-SDK-2011-07-20/GNU/arm-elf/lib//libc.a(lib_a-strcat.o)
 .vfp11_veneer  0x00000000        0x0 E:/WF/ARM7-SDK-2011-07-20/GNU/arm-elf/lib//libc.a(lib_a-strcmp.o)
 .vfp11_veneer  0x00000000        0x0 E:/WF/ARM7-SDK-2011-07-20/GNU/arm-elf/lib//libc.a(lib_a-strcpy.o)
 .vfp11_veneer  0x00000000        0x0 E:/WF/ARM7-SDK-2011-07-20/GNU/arm-elf/lib//libc.a(lib_a-strlen.o)
 .vfp11_veneer  0x00000000        0x0 E:/WF/ARM7-SDK-2011-07-20/GNU/arm-elf/lib//libc.a(lib_a-strncpy.o)
 .vfp11_veneer  0x00000000        0x0 E:/WF/ARM7-SDK-2011-07-20/GNU/arm-elf/lib//libc.a(lib_a-strtok.o)
 .vfp11_veneer  0x00000000        0x0 E:/WF/ARM7-SDK-2011-07-20/GNU/arm-elf/lib//libc.a(lib_a-strtok_r.o)
 .vfp11_veneer  0x00000000        0x0 E:/WF/ARM7-SDK-2011-07-20/GNU/arm-elf/lib//libc.a(lib_a-vfprintf.o)
 .vfp11_veneer  0x00000000        0x0 E:/WF/ARM7-SDK-2011-07-20/GNU/arm-elf/lib//libc.a(lib_a-wcrtomb.o)
 .vfp11_veneer  0x00000000        0x0 E:/WF/ARM7-SDK-2011-07-20/GNU/arm-elf/lib//libc.a(lib_a-wcsrtombs.o)
 .vfp11_veneer  0x00000000        0x0 E:/WF/ARM7-SDK-2011-07-20/GNU/arm-elf/lib//libc.a(lib_a-wctomb_r.o)
 .vfp11_veneer  0x00000000        0x0 E:/WF/ARM7-SDK-2011-07-20/GNU/arm-elf/lib//libc.a(lib_a-wsetup.o)
 .vfp11_veneer  0x00000000        0x0 E:/WF/ARM7-SDK-2011-07-20/GNU/arm-elf/lib//libc.a(lib_a-dtoa.o)
 .vfp11_veneer  0x00000000        0x0 E:/WF/ARM7-SDK-2011-07-20/GNU/arm-elf/lib//libc.a(lib_a-fflush.o)
 .vfp11_veneer  0x00000000        0x0 E:/WF/ARM7-SDK-2011-07-20/GNU/arm-elf/lib//libc.a(lib_a-findfp.o)
 .vfp11_veneer  0x00000000        0x0 E:/WF/ARM7-SDK-2011-07-20/GNU/arm-elf/lib//libc.a(lib_a-freer.o)
 .vfp11_veneer  0x00000000        0x0 E:/WF/ARM7-SDK-2011-07-20/GNU/arm-elf/lib//libc.a(lib_a-fvwrite.o)
 .vfp11_veneer  0x00000000        0x0 E:/WF/ARM7-SDK-2011-07-20/GNU/arm-elf/lib//libc.a(lib_a-fwalk.o)
 .vfp11_veneer  0x00000000        0x0 E:/WF/ARM7-SDK-2011-07-20/GNU/arm-elf/lib//libc.a(lib_a-impure.o)
 .vfp11_veneer  0x00000000        0x0 E:/WF/ARM7-SDK-2011-07-20/GNU/arm-elf/lib//libc.a(lib_a-locale.o)
 .vfp11_veneer  0x00000000        0x0 E:/WF/ARM7-SDK-2011-07-20/GNU/arm-elf/lib//libc.a(lib_a-makebuf.o)
 .vfp11_veneer  0x00000000        0x0 E:/WF/ARM7-SDK-2011-07-20/GNU/arm-elf/lib//libc.a(lib_a-mallocr.o)
 .vfp11_veneer  0x00000000        0x0 E:/WF/ARM7-SDK-2011-07-20/GNU/arm-elf/lib//libc.a(lib_a-memchr.o)
 .vfp11_veneer  0x00000000        0x0 E:/WF/ARM7-SDK-2011-07-20/GNU/arm-elf/lib//libc.a(lib_a-memmove.o)
 .vfp11_veneer  0x00000000        0x0 E:/WF/ARM7-SDK-2011-07-20/GNU/arm-elf/lib//libc.a(lib_a-mlock.o)
 .vfp11_veneer  0x00000000        0x0 E:/WF/ARM7-SDK-2011-07-20/GNU/arm-elf/lib//libc.a(lib_a-mprec.o)
 .vfp11_veneer  0x00000000        0x0 E:/WF/ARM7-SDK-2011-07-20/GNU/arm-elf/lib//libc.a(lib_a-reallocr.o)
 .vfp11_veneer  0x00000000        0x0 E:/WF/ARM7-SDK-2011-07-20/GNU/arm-elf/lib//libc.a(lib_a-s_isinfd.o)
 .vfp11_veneer  0x00000000        0x0 E:/WF/ARM7-SDK-2011-07-20/GNU/arm-elf/lib//libc.a(lib_a-s_isnand.o)
 .vfp11_veneer  0x00000000        0x0 E:/WF/ARM7-SDK-2011-07-20/GNU/arm-elf/lib//libc.a(lib_a-stdio.o)
 .vfp11_veneer  0x00000000        0x0 E:/WF/ARM7-SDK-2011-07-20/GNU/arm-elf/lib//libc.a(lib_a-callocr.o)
 .vfp11_veneer  0x00000000        0x0 E:/WF/ARM7-SDK-2011-07-20/GNU/arm-elf/lib//libc.a(lib_a-fclose.o)
 .vfp11_veneer  0x00000000        0x0 E:/WF/ARM7-SDK-2011-07-20/HHFiles/lib//libARMPos.a(libARMPos.o)
 .vfp11_veneer  0x00000000        0x0 E:/WF/ARM7-SDK-2011-07-20/HHFiles/lib//libARMPos.a(call_api.o)
 .vfp11_veneer  0x00000000        0x0 E:/WF/ARM7-SDK-2011-07-20/HHFiles/lib//libext.a(exlib.o)
 .vfp11_veneer  0x00000000        0x0 E:/WF/ARM7-SDK-2011-07-20/HHFiles/lib//libext.a(exlib_pinyin.o)
 .vfp11_veneer  0x00000000        0x0 E:/WF/ARM7-SDK-2011-07-20/HHFiles/lib//libcard.a(libcard.o)
 .vfp11_veneer  0x00000000        0x0 E:/WF/ARM7-SDK-2011-07-20/HHFiles/lib//libcard.a(cpucard.o)
 .vfp11_veneer  0x00000000        0x0 E:/WF/ARM7-SDK-2011-07-20/HHFiles/lib//libcontactless.a(iso14443.o)
 .vfp11_veneer  0x00000000        0x0 E:/WF/ARM7-SDK-2011-07-20/HHFiles/lib//libcontactless.a(mifare.o)
 .vfp11_veneer  0x00000000        0x0 E:/WF/ARM7-SDK-2011-07-20/HHFiles/lib//libcontactless.a(port.o)
 .vfp11_veneer  0x00000000        0x0 E:/WF/ARM7-SDK-2011-07-20/HHFiles/lib//libcontactless.a(rcxcomm.o)
 .vfp11_veneer  0x00000000        0x0 E:/WF/ARM7-SDK-2011-07-20/HHFiles/lib//libcontactless.a(rcxreg.o)
 .vfp11_veneer  0x00000000        0x0 E:/WF/ARM7-SDK-2011-07-20/HHFiles/lib//libdb.a(database.o)
 .vfp11_veneer  0x00000000        0x0 E:/WF/ARM7-SDK-2011-07-20/HHFiles/lib//libsim.a(sim.o)
 .vfp11_veneer  0x00000000        0x0 E:/WF/ARM7-SDK-2011-07-20/HHFiles/lib//libsim.a(trans.o)
 .vfp11_veneer  0x00000000        0x0 E:/WF/ARM7-SDK-2011-07-20/GNU/arm-elf/lib//libgcc.a(_udivsi3.o)
 .vfp11_veneer  0x00000000        0x0 E:/WF/ARM7-SDK-2011-07-20/GNU/arm-elf/lib//libgcc.a(_divsi3.o)
 .vfp11_veneer  0x00000000        0x0 E:/WF/ARM7-SDK-2011-07-20/GNU/arm-elf/lib//libgcc.a(_umodsi3.o)
 .vfp11_veneer  0x00000000        0x0 E:/WF/ARM7-SDK-2011-07-20/GNU/arm-elf/lib//libgcc.a(_modsi3.o)
 .vfp11_veneer  0x00000000        0x0 E:/WF/ARM7-SDK-2011-07-20/GNU/arm-elf/lib//libgcc.a(_dvmd_tls.o)
 .vfp11_veneer  0x00000000        0x0 E:/WF/ARM7-SDK-2011-07-20/GNU/arm-elf/lib//libgcc.a(_addsubdf3.o)
 .vfp11_veneer  0x00000000        0x0 E:/WF/ARM7-SDK-2011-07-20/GNU/arm-elf/lib//libgcc.a(_muldivdf3.o)
 .vfp11_veneer  0x00000000        0x0 E:/WF/ARM7-SDK-2011-07-20/GNU/arm-elf/lib//libgcc.a(_cmpdf2.o)
 .vfp11_veneer  0x00000000        0x0 E:/WF/ARM7-SDK-2011-07-20/GNU/arm-elf/lib//libgcc.a(_fixdfsi.o)
 .vfp11_veneer  0x00000000        0x0 E:/WF/ARM7-SDK-2011-07-20/GNU/arm-elf/lib//libgcc.a(_fixunsdfsi.o)
 .vfp11_veneer  0x00000000        0x0 E:/WF/ARM7-SDK-2011-07-20/GNU/arm-elf/lib//libc.a(lib_a-atoi.o)
 .vfp11_veneer  0x00000000        0x0 E:/WF/ARM7-SDK-2011-07-20/GNU/arm-elf/lib//libc.a(lib_a-atol.o)
 .vfp11_veneer  0x00000000        0x0 E:/WF/ARM7-SDK-2011-07-20/GNU/arm-elf/lib//libc.a(lib_a-bsearch.o)
 .vfp11_veneer  0x00000000        0x0 E:/WF/ARM7-SDK-2011-07-20/GNU/arm-elf/lib//libc.a(lib_a-ctype_.o)
 .vfp11_veneer  0x00000000        0x0 E:/WF/ARM7-SDK-2011-07-20/GNU/arm-elf/lib//libc.a(lib_a-memcmp.o)
 .vfp11_veneer  0x00000000        0x0 E:/WF/ARM7-SDK-2011-07-20/GNU/arm-elf/lib//libc.a(lib_a-strstr.o)
 .vfp11_veneer  0x00000000        0x0 E:/WF/ARM7-SDK-2011-07-20/GNU/arm-elf/lib//libc.a(lib_a-strtol.o)
 .vfp11_veneer  0x00000000        0x0 E:/WF/ARM7-SDK-2011-07-20/GNU/arm-elf/lib//libc.a(lib_a-strupr.o)
 .vfp11_veneer  0x00000000        0x0 E:/WF/ARM7-SDK-2011-07-20/GNU/arm-elf/lib//libm.a(lib_a-w_pow.o)
 .vfp11_veneer  0x00000000        0x0 E:/WF/ARM7-SDK-2011-07-20/GNU/arm-elf/lib//libm.a(lib_a-e_pow.o)
 .vfp11_veneer  0x00000000        0x0 E:/WF/ARM7-SDK-2011-07-20/GNU/arm-elf/lib//libm.a(lib_a-e_sqrt.o)
 .vfp11_veneer  0x00000000        0x0 E:/WF/ARM7-SDK-2011-07-20/GNU/arm-elf/lib//libm.a(lib_a-s_fabs.o)
 .vfp11_veneer  0x00000000        0x0 E:/WF/ARM7-SDK-2011-07-20/GNU/arm-elf/lib//libm.a(lib_a-s_finite.o)
 .vfp11_veneer  0x00000000        0x0 E:/WF/ARM7-SDK-2011-07-20/GNU/arm-elf/lib//libm.a(lib_a-s_lib_ver.o)
 .vfp11_veneer  0x00000000        0x0 E:/WF/ARM7-SDK-2011-07-20/GNU/arm-elf/lib//libm.a(lib_a-s_matherr.o)
 .vfp11_veneer  0x00000000        0x0 E:/WF/ARM7-SDK-2011-07-20/GNU/arm-elf/lib//libm.a(lib_a-s_rint.o)
 .vfp11_veneer  0x00000000        0x0 E:/WF/ARM7-SDK-2011-07-20/GNU/arm-elf/lib//libm.a(lib_a-s_scalbn.o)
 .vfp11_veneer  0x00000000        0x0 E:/WF/ARM7-SDK-2011-07-20/GNU/arm-elf/lib//libm.a(lib_a-s_copysign.o)
 .vfp11_veneer  0x00000000        0x0 E:/WF/ARM7-SDK-2011-07-20/GNU/arm-elf/lib//libc.a(lib_a-errno.o)

.data           0x0c082c58    0x1696c
                0x0c082c58                . = ALIGN (0x4)
                0x0c082c58                _data = .
 *(.data)
 .data          0x0c082c58        0xc E:/WF/develop_windows/sffhandpos/Release/crt0.o
                0x0c082c58                environ
                0x0c082c5c                stack_ptr
                0x0c082c60                funcmain
 .data          0x0c082c64        0x0 E:/WF/develop_windows/sffhandpos/Release/SF.o
 .data          0x0c082c64        0x8 E:/WF/develop_windows/sffhandpos/Release/Card.o
                0x0c082c64                dummy_key
 .data          0x0c082c6c        0x0 E:/WF/develop_windows/sffhandpos/Release/DataBase.o
 .data          0x0c082c6c        0x0 E:/WF/develop_windows/sffhandpos/Release/Common.o
 .data          0x0c082c6c        0x0 E:/WF/develop_windows/sffhandpos/Release/Gprs.o
 .data          0x0c082c6c        0x0 E:/WF/ARM7-SDK-2011-07-20/GNU/arm-elf/lib//libc.a(lib_a-memcpy.o)
 .data          0x0c082c6c        0x0 E:/WF/ARM7-SDK-2011-07-20/GNU/arm-elf/lib//libc.a(lib_a-memset.o)
 .data          0x0c082c6c        0x0 E:/WF/ARM7-SDK-2011-07-20/GNU/arm-elf/lib//libc.a(lib_a-sprintf.o)
 .data          0x0c082c6c        0x0 E:/WF/ARM7-SDK-2011-07-20/GNU/arm-elf/lib//libc.a(lib_a-strcat.o)
 .data          0x0c082c6c        0x0 E:/WF/ARM7-SDK-2011-07-20/GNU/arm-elf/lib//libc.a(lib_a-strcmp.o)
 .data          0x0c082c6c        0x0 E:/WF/ARM7-SDK-2011-07-20/GNU/arm-elf/lib//libc.a(lib_a-strcpy.o)
 .data          0x0c082c6c        0x0 E:/WF/ARM7-SDK-2011-07-20/GNU/arm-elf/lib//libc.a(lib_a-strlen.o)
 .data          0x0c082c6c        0x0 E:/WF/ARM7-SDK-2011-07-20/GNU/arm-elf/lib//libc.a(lib_a-strncpy.o)
 .data          0x0c082c6c        0x0 E:/WF/ARM7-SDK-2011-07-20/GNU/arm-elf/lib//libc.a(lib_a-strtok.o)
 .data          0x0c082c6c        0x0 E:/WF/ARM7-SDK-2011-07-20/GNU/arm-elf/lib//libc.a(lib_a-strtok_r.o)
 .data          0x0c082c6c        0x0 E:/WF/ARM7-SDK-2011-07-20/GNU/arm-elf/lib//libc.a(lib_a-vfprintf.o)
 .data          0x0c082c6c        0x0 E:/WF/ARM7-SDK-2011-07-20/GNU/arm-elf/lib//libc.a(lib_a-wcrtomb.o)
 .data          0x0c082c6c        0x0 E:/WF/ARM7-SDK-2011-07-20/GNU/arm-elf/lib//libc.a(lib_a-wcsrtombs.o)
 .data          0x0c082c6c        0x0 E:/WF/ARM7-SDK-2011-07-20/GNU/arm-elf/lib//libc.a(lib_a-wctomb_r.o)
 .data          0x0c082c6c        0x0 E:/WF/ARM7-SDK-2011-07-20/GNU/arm-elf/lib//libc.a(lib_a-wsetup.o)
 .data          0x0c082c6c        0x0 E:/WF/ARM7-SDK-2011-07-20/GNU/arm-elf/lib//libc.a(lib_a-dtoa.o)
 .data          0x0c082c6c        0x0 E:/WF/ARM7-SDK-2011-07-20/GNU/arm-elf/lib//libc.a(lib_a-fflush.o)
 .data          0x0c082c6c        0x0 E:/WF/ARM7-SDK-2011-07-20/GNU/arm-elf/lib//libc.a(lib_a-findfp.o)
 .data          0x0c082c6c        0x0 E:/WF/ARM7-SDK-2011-07-20/GNU/arm-elf/lib//libc.a(lib_a-freer.o)
 .data          0x0c082c6c        0x0 E:/WF/ARM7-SDK-2011-07-20/GNU/arm-elf/lib//libc.a(lib_a-fvwrite.o)
 .data          0x0c082c6c        0x0 E:/WF/ARM7-SDK-2011-07-20/GNU/arm-elf/lib//libc.a(lib_a-fwalk.o)
 .data          0x0c082c6c      0x404 E:/WF/ARM7-SDK-2011-07-20/GNU/arm-elf/lib//libc.a(lib_a-impure.o)
                0x0c082c6c                _impure_ptr
 .data          0x0c083070       0x10 E:/WF/ARM7-SDK-2011-07-20/GNU/arm-elf/lib//libc.a(lib_a-locale.o)
                0x0c083070                __mb_cur_max
                0x0c083074                __lc_ctype
 .data          0x0c083080        0x0 E:/WF/ARM7-SDK-2011-07-20/GNU/arm-elf/lib//libc.a(lib_a-makebuf.o)
 .data          0x0c083080      0x410 E:/WF/ARM7-SDK-2011-07-20/GNU/arm-elf/lib//libc.a(lib_a-mallocr.o)
                0x0c08348c                __malloc_sbrk_base
                0x0c083080                __malloc_av_
                0x0c083488                __malloc_trim_threshold
 .data          0x0c083490        0x0 E:/WF/ARM7-SDK-2011-07-20/GNU/arm-elf/lib//libc.a(lib_a-memchr.o)
 .data          0x0c083490        0x0 E:/WF/ARM7-SDK-2011-07-20/GNU/arm-elf/lib//libc.a(lib_a-memmove.o)
 .data          0x0c083490        0x0 E:/WF/ARM7-SDK-2011-07-20/GNU/arm-elf/lib//libc.a(lib_a-mlock.o)
 .data          0x0c083490        0x0 E:/WF/ARM7-SDK-2011-07-20/GNU/arm-elf/lib//libc.a(lib_a-mprec.o)
 .data          0x0c083490        0x0 E:/WF/ARM7-SDK-2011-07-20/GNU/arm-elf/lib//libc.a(lib_a-reallocr.o)
 .data          0x0c083490        0x0 E:/WF/ARM7-SDK-2011-07-20/GNU/arm-elf/lib//libc.a(lib_a-s_isinfd.o)
 .data          0x0c083490        0x0 E:/WF/ARM7-SDK-2011-07-20/GNU/arm-elf/lib//libc.a(lib_a-s_isnand.o)
 .data          0x0c083490        0x0 E:/WF/ARM7-SDK-2011-07-20/GNU/arm-elf/lib//libc.a(lib_a-stdio.o)
 .data          0x0c083490        0x0 E:/WF/ARM7-SDK-2011-07-20/GNU/arm-elf/lib//libc.a(lib_a-callocr.o)
 .data          0x0c083490        0x0 E:/WF/ARM7-SDK-2011-07-20/GNU/arm-elf/lib//libc.a(lib_a-fclose.o)
 .data          0x0c083490        0x0 E:/WF/ARM7-SDK-2011-07-20/HHFiles/lib//libARMPos.a(libARMPos.o)
 .data          0x0c083490        0x0 E:/WF/ARM7-SDK-2011-07-20/HHFiles/lib//libARMPos.a(call_api.o)
 .data          0x0c083490        0x0 E:/WF/ARM7-SDK-2011-07-20/HHFiles/lib//libext.a(exlib.o)
 .data          0x0c083490     0x5ce8 E:/WF/ARM7-SDK-2011-07-20/HHFiles/lib//libext.a(exlib_pinyin.o)
                0x0c086f70                PY_mb_tu
                0x0c085200                PY_mb_ka
                0x0c083d10                PY_mb_chui
                0x0c086788                PY_mb_san
                0x0c084a24                PY_mb_hou
                0x0c08396c                PY_mb_cao
                0x0c0840c0                PY_mb_die
                0x0c087340                PY_mb_xia
                0x0c088408                PY_mb_zuo
                0x0c086f14                PY_mb_tong
                0x0c085588                PY_mb_leng
                0x0c084760                PY_mb_gua
                0x0c087e4c                PY_mb_zei
                0x0c083cf8                PY_mb_chuang
                0x0c083988                PY_mb_ce
                0x0c0867ac                PY_mb_sao
                0x0c087fd4                PY_mb_zhen
                0x0c087ec0                PY_mb_zhai
                0x0c086208                PY_mb_pu
                0x0c087cb8                PY_mb_yuan
                0x0c086bd4                PY_mb_song
                0x0c0849cc                PY_mb_hei
                0x0c083e88                PY_mb_da
                0x0c0859f0                PY_mb_mang
                0x0c0888ac                PY_index_k
                0x0c085e90                PY_mb_nuo
                0x0c084d5c                PY_mb_jia
                0x0c085d70                PY_mb_ng
                0x0c0842fc                PY_mb_fa
                0x0c088134                PY_mb_zhong
                0x0c0883a0                PY_mb_zu
                0x0c08705c                PY_mb_wai
                0x0c085e20                PY_mb_ning
                0x0c088c04                PY_index_q
                0x0c087914                PY_mb_yen
                0x0c0875bc                PY_mb_xiu
                0x0c086fac                PY_mb_tui
                0x0c085054                PY_mb_jiong
                0x0c086320                PY_mb_qia
                0x0c0881b8                PY_mb_zhu
                0x0c088388                PY_mb_zou
                0x0c086ed8                PY_mb_tie
                0x0c083aa4                PY_mb_chao
                0x0c0859c4                PY_mb_man
                0x0c0856a0                PY_mb_liang
                0x0c084dc4                PY_mb_jian
                0x0c088b64                PY_index_o
                0x0c083fa0                PY_mb_de
                0x0c0853ec                PY_mb_kui
                0x0c084f14                PY_mb_jie
                0x0c0865f8                PY_mb_que
                0x0c084560                PY_mb_gan
                0x0c0854ac                PY_mb_lan
                0x0c084f9c                PY_mb_jin
                0x0c085cb4                PY_mb_na
                0x0c085358                PY_mb_ku
                0x0c086e20                PY_mb_ti
                0x0c084184                PY_mb_du
                0x0c085814                PY_mb_lou
                0x0c0858a4                PY_mb_luan
                0x0c087548                PY_mb_xin
                0x0c0847dc                PY_mb_gui
                0x0c086c60                PY_mb_sui
                0x0c08806c                PY_mb_zhi
                0x0c0883e0                PY_mb_zui
                0x0c088370                PY_mb_zong
                0x0c086784                PY_mb_sal
                0x0c087d10                PY_mb_yue
                0x0c084044                PY_mb_dian
                0x0c084780                PY_mb_guai
                0x0c0837cc                PY_mb_biao
                0x0c083d44                PY_mb_chuo
                0x0c086ea8                PY_mb_tiao
                0x0c083490                PY_mb_a
                0x0c084408                PY_mb_feng
                0x0c086198                PY_mb_ping
                0x0c08879c                PY_index_h
                0x0c085978                PY_mb_ma
                0x0c084538                PY_mb_gai
                0x0c083c70                PY_mb_chu
                0x0c087038                PY_mb_uu
                0x0c085dd0                PY_mb_niang
                0x0c085458                PY_mb_kuo
                0x0c086250                PY_mb_q
                0x0c085554                PY_mb_lei
                0x0c08523c                PY_mb_kan
                0x0c086144                PY_mb_piao
                0x0c0842cc                PY_mb_ei
                0x0c088ef4                PY_index_x
                0x0c084448                PY_mb_fou
                0x0c085eb0                PY_mb_nv
                0x0c087e70                PY_mb_zha
                0x0c084124                PY_mb_diu
                0x0c085a0c                PY_mb_mao
                0x0c083cc0                PY_mb_chua
                0x0c087ee8                PY_mb_zhan
                0x0c087dc4                PY_mb_zan
                0x0c08675c                PY_mb_sa
                0x0c0875e8                PY_mb_xu
                0x0c086254                PY_mb_qi
                0x0c087a58                PY_mb_yin
                0x0c088a0c                PY_index_m
                0x0c086178                PY_mb_pin
                0x0c085fc4                PY_mb_pei
                0x0c085d6c                PY_mb_neus
                0x0c084ea0                PY_mb_jiao
                0x0c0870dc                PY_mb_wei
                0x0c0849fc                PY_mb_hong
                0x0c0857a0                PY_mb_liu
                0x0c0870b4                PY_mb_wang
                0x0c08488c                PY_mb_ha
                0x0c08828c                PY_mb_zhui
                0x0c0863f0                PY_mb_qiao
                0x0c085f18                PY_mb_pai
                0x0c08412c                PY_mb_dong
                0x0c085594                PY_mb_li
                0x0c084224                PY_mb_duo
                0x0c085f34                PY_mb_pan
                0x0c08843c                PY_index_a
                0x0c087ab8                PY_mb_ying
                0x0c0857e8                PY_mb_long
                0x0c0846f4                PY_mb_gu
                0x0c086b50                PY_mb_shuo
                0x0c0849d4                PY_mb_hen
                0x0c085ae8                PY_mb_mi
                0x0c0852f4                PY_mb_kei
                0x0c08703c                PY_mb_wa
                0x0c085838                PY_mb_lu
                0x0c084084                PY_mb_diao
                0x0c085dd8                PY_mb_niao
                0x0c0871f0                PY_mb_wu
                0x0c0871c0                PY_mb_wo
                0x0c085654                PY_mb_lian
                0x0c085470                PY_mb_la
                0x0c0842dc                PY_mb_er
                0x0c084440                PY_mb_fiao
                0x0c086744                PY_mb_run
                0x0c086890                PY_mb_shang
                0x0c083f64                PY_mb_dao
                0x0c085144                PY_mb_juan
                0x0c087e20                PY_mb_ze
                0x0c08550c                PY_mb_lao
                0x0c087918                PY_mb_yi
                0x0c084aec                PY_mb_huai
                0x0c086920                PY_mb_shen
                0x0c085d5c                PY_mb_nen
                0x0c0845c4                PY_mb_gao
                0x0c084c48                PY_mb_ji
                0x0c0868b0                PY_mb_shao
                0x0c0835f0                PY_mb_bang
                0x0c088eac                PY_index_w
                0x0c0839b8                PY_mb_cha
                0x0c086b74                PY_mb_si
                0x0c083dec                PY_mb_cu
                0x0c0860f0                PY_mb_pianpang
                0x0c0858c8                PY_mb_lun
                0x0c087d94                PY_mb_za
                0x0c0874cc                PY_mb_xie
                0x0c088248                PY_mb_zhuai
                0x0c086c90                PY_mb_sun
                0x0c085264                PY_mb_kang
                0x0c083594                PY_mb_bai
                0x0c08663c                PY_mb_rang
                0x0c086cdc                PY_mb_ta
                0x0c0839f8                PY_mb_chai
                0x0c0848bc                PY_mb_han
                0x0c0884e4                PY_index_c
                0x0c086994                PY_mb_shi
                0x0c087718                PY_mb_ya
                0x0c085ff8                PY_mb_pen
                0x0c086fec                PY_mb_tuo
                0x0c08802c                PY_mb_zheng
                0x0c08451c                PY_mb_ga
                0x0c0861f0                PY_mb_pou
                0x0c084abc                PY_mb_hua
                0x0c08399c                PY_mb_cen
                0x0c08883c                PY_index_j
                0x0c0883cc                PY_mb_zuan
                0x0c0836c0                PY_mb_beng
                0x0c0883f8                PY_mb_zun
                0x0c08826c                PY_mb_zhuang
                0x0c085d78                PY_mb_ni
                0x0c083a64                PY_mb_chang
                0x0c085720                PY_mb_lin
                0x0c088aa4                PY_index_n
                0x0c088704                PY_index_g
                0x0c085ec8                PY_mb_o
                0x0c086a6c                PY_mb_shu
                0x0c085974                PY_mb_m
                0x0c085284                PY_mb_kao
                0x0c08351c                PY_mb_ao
                0x0c087f8c                PY_mb_zhe
                0x0c083b38                PY_mb_cheng
                0x0c08769c                PY_mb_xue
                0x0c087d4c                PY_mb_yun
                0x0c085bf0                PY_mb_mo
                0x0c0876c0                PY_mb_xun
                0x0c0866ac                PY_mb_ri
                0x0c0838e8                PY_mb_bu
                0x0c0857e4                PY_mb_lo
                0x0c087f24                PY_mb_zhang
                0x0c085324                PY_mb_keop
                0x0c0836a8                PY_mb_ben
                0x0c08671c                PY_mb_ruan
                0x0c087460                PY_mb_xiao
                0x0c085ec0                PY_mb_nve
                0x0c0841fc                PY_mb_dun
                0x0c0839b4                PY_mb_ceok
                0x0c086b1c                PY_mb_shuang
                0x0c085dac                PY_mb_nian
                0x0c08869c                PY_index_e
                0x0c086b0c                PY_mb_shuan
                0x0c088dfc                PY_index_t
                0x0c087418                PY_mb_xiang
                0x0c086d10                PY_mb_tai
                0x0c085584                PY_mb_len
                0x0c0864c4                PY_mb_qing
                0x0c0866b0                PY_mb_rong